Starting a Gradle Daemon, 1 incompatible and 8 stopped Daemons could not be reused, use --status for details
Configuration on demand is an incubating feature.

> Configure project :app
WARNING: The option setting 'android.defaults.buildfeatures.buildconfig=true' is deprecated.
The current default is 'false'.
It will be removed in version 9.0 of the Android Gradle plugin.
To keep using this feature, add the following to your module-level build.gradle files:
    android.buildFeatures.buildConfig = true
or from Android Studio, click: `Refactor` > `Migrate BuildConfig to Gradle Build Files`.
WARNING: We recommend using a newer Android Gradle plugin to use compileSdk = 36

This Android Gradle plugin (8.7.3) was tested up to compileSdk = 35.

You are strongly encouraged to update your project to use a newer
Android Gradle plugin that has been tested with compileSdk = 36.

If you are already using the latest version of the Android Gradle plugin,
you may need to wait until a newer version with support for compileSdk = 36 is available.

For more information refer to the compatibility table:
https://d.android.com/r/tools/api-level-support

To suppress this warning, add/update
    android.suppressUnsupportedCompileSdk=36
to this project's gradle.properties.

> Task :app:preBuild UP-TO-DATE
> Task :app:preDebugBuild UP-TO-DATE
> Task :app:mergeDebugNativeDebugMetadata NO-SOURCE
> Task :app:checkKotlinGradlePluginConfigurationErrors SKIPPED
> Task :app:generateDebugBuildConfig UP-TO-DATE
> Task :app:checkDebugAarMetadata UP-TO-DATE
> Task :app:generateDebugResValues UP-TO-DATE
> Task :app:mapDebugSourceSetPaths UP-TO-DATE
> Task :app:generateDebugResources UP-TO-DATE
> Task :app:mergeDebugResources UP-TO-DATE
> Task :app:packageDebugResources UP-TO-DATE
> Task :app:parseDebugLocalResources UP-TO-DATE
> Task :app:createDebugCompatibleScreenManifests UP-TO-DATE
> Task :app:extractDeepLinksDebug UP-TO-DATE
> Task :app:processDebugMainManifest UP-TO-DATE
> Task :app:processDebugManifest UP-TO-DATE
> Task :app:processDebugManifestForPackage UP-TO-DATE
> Task :app:processDebugResources UP-TO-DATE
> Task :app:kspDebugKotlin UP-TO-DATE
> Task :app:javaPreCompileDebug UP-TO-DATE
> Task :app:mergeDebugShaders UP-TO-DATE
> Task :app:compileDebugShaders NO-SOURCE
> Task :app:generateDebugAssets UP-TO-DATE
> Task :app:mergeDebugAssets UP-TO-DATE
> Task :app:compressDebugAssets UP-TO-DATE
> Task :app:l8DexDesugarLibDebug UP-TO-DATE
> Task :app:desugarDebugFileDependencies UP-TO-DATE
> Task :app:checkDebugDuplicateClasses UP-TO-DATE
> Task :app:mergeExtDexDebug UP-TO-DATE
> Task :app:mergeLibDexDebug UP-TO-DATE
> Task :app:mergeDebugJniLibFolders UP-TO-DATE
> Task :app:mergeDebugNativeLibs UP-TO-DATE
> Task :app:stripDebugDebugSymbols UP-TO-DATE
> Task :app:validateSigningDebug UP-TO-DATE
> Task :app:writeDebugAppMetadata UP-TO-DATE
> Task :app:writeDebugSigningConfigVersions UP-TO-DATE

> Task :app:compileDebugKotlin
.\gradlew : e: 
file:///C:/Users/danus/Documents/antigravity/emergent/app/src/main/java/com/posbah/app/MainActivity.kt:97:60 
Unresolved reference 'WebSocketSyncClient'.
At line:1 char:109
+ ... OME\bin;$env:PATH"; .\gradlew assembleDebug --stacktrace 2>&1 | Out-F ...
+                         ~~~~~~~~~~~~~~~~~~~~~~~~~~~~~~~~~~~~~~~~~
    + CategoryInfo          : NotSpecified: (e: file:///C:/U...ketSyncClient'.:String) [], RemoteException
    + FullyQualifiedErrorId : NativeCommandError
 
e: file:///C:/Users/danus/Documents/antigravity/emergent/app/src/main/java/com/posbah/app/MainActivity.kt:165:95 
Unresolved reference 'checkServerSyncStatus'.
e: file:///C:/Users/danus/Documents/antigravity/emergent/app/src/main/java/com/posbah/app/MainActivity.kt:179:60 
Unresolved reference 'WebSocketSyncClient'.
e: file:///C:/Users/danus/Documents/antigravity/emergent/app/src/main/java/com/posbah/app/MainActivity.kt:187:48 
Unresolved reference 'WebSocketSyncClient'.
e: file:///C:/Users/danus/Documents/antigravity/emergent/app/src/main/java/com/posbah/app/MainActivity.kt:204:20 
Unresolved reference 'openHelper'.
e: file:///C:/Users/danus/Documents/antigravity/emergent/app/src/main/java/com/posbah/app/data/remote/BmpOnlineWriter.k
t:49:36 Unresolved reference 'uploadRowWriteThrough'.
e: file:///C:/Users/danus/Documents/antigravity/emergent/app/src/main/java/com/posbah/app/data/remote/BmpOnlineWriter.k
t:81:36 Unresolved reference 'uploadRowWriteThrough'.
e: file:///C:/Users/danus/Documents/antigravity/emergent/app/src/main/java/com/posbah/app/data/remote/BmpOnlineWriter.k
t:89:29 Unresolved reference 'deleteRowWriteThrough'.
e: file:///C:/Users/danus/Documents/antigravity/emergent/app/src/main/java/com/posbah/app/data/remote/BmpOnlineWriter.k
t:96:29 Unresolved reference 'deleteRowWriteThrough'.
e: file:///C:/Users/danus/Documents/antigravity/emergent/app/src/main/java/com/posbah/app/data/remote/BmpOnlineWriter.k
t:104:41 Unresolved reference 'deleteRowWriteThrough'.
e: file:///C:/Users/danus/Documents/antigravity/emergent/app/src/main/java/com/posbah/app/data/remote/BmpOnlineWriter.k
t:131:36 Unresolved reference 'uploadRowWriteThrough'.
e: file:///C:/Users/danus/Documents/antigravity/emergent/app/src/main/java/com/posbah/app/data/remote/BmpOnlineWriter.k
t:139:29 Unresolved reference 'deleteRowWriteThrough'.
e: file:///C:/Users/danus/Documents/antigravity/emergent/app/src/main/java/com/posbah/app/data/remote/BmpOnlineWriter.k
t:162:36 Unresolved reference 'uploadRowWriteThrough'.
e: file:///C:/Users/danus/Documents/antigravity/emergent/app/src/main/java/com/posbah/app/data/remote/BmpOnlineWriter.k
t:170:29 Unresolved reference 'deleteRowWriteThrough'.
e: file:///C:/Users/danus/Documents/antigravity/emergent/app/src/main/java/com/posbah/app/data/remote/BmpOnlineWriter.k
t:202:36 Unresolved reference 'uploadRowWriteThrough'.
e: file:///C:/Users/danus/Documents/antigravity/emergent/app/src/main/java/com/posbah/app/data/remote/BmpOnlineWriter.k
t:210:29 Unresolved reference 'deleteRowWriteThrough'.
e: file:///C:/Users/danus/Documents/antigravity/emergent/app/src/main/java/com/posbah/app/data/remote/BmpOnlineWriter.k
t:242:36 Unresolved reference 'uploadRowWriteThrough'.
e: file:///C:/Users/danus/Documents/antigravity/emergent/app/src/main/java/com/posbah/app/data/remote/BmpOnlineWriter.k
t:250:29 Unresolved reference 'deleteRowWriteThrough'.
e: file:///C:/Users/danus/Documents/antigravity/emergent/app/src/main/java/com/posbah/app/data/remote/BmpOnlineWriter.k
t:276:36 Unresolved reference 'uploadRowWriteThrough'.
e: file:///C:/Users/danus/Documents/antigravity/emergent/app/src/main/java/com/posbah/app/data/remote/BmpOnlineWriter.k
t:299:36 Unresolved reference 'uploadRowWriteThrough'.
e: file:///C:/Users/danus/Documents/antigravity/emergent/app/src/main/java/com/posbah/app/data/remote/BmpOnlineWriter.k
t:307:29 Unresolved reference 'deleteRowWriteThrough'.
e: file:///C:/Users/danus/Documents/antigravity/emergent/app/src/main/java/com/posbah/app/data/remote/BmpOnlineWriter.k
t:314:29 Unresolved reference 'deleteRowWriteThrough'.
e: file:///C:/Users/danus/Documents/antigravity/emergent/app/src/main/java/com/posbah/app/data/remote/BmpOnlineWriter.k
t:337:36 Unresolved reference 'uploadRowWriteThrough'.
e: file:///C:/Users/danus/Documents/antigravity/emergent/app/src/main/java/com/posbah/app/data/remote/BmpOnlineWriter.k
t:345:29 Unresolved reference 'deleteRowWriteThrough'.
e: file:///C:/Users/danus/Documents/antigravity/emergent/app/src/main/java/com/posbah/app/data/remote/BmpOnlineWriter.k
t:366:36 Unresolved reference 'uploadRowWriteThrough'.
e: file:///C:/Users/danus/Documents/antigravity/emergent/app/src/main/java/com/posbah/app/data/remote/BmpOnlineWriter.k
t:388:36 Unresolved reference 'uploadRowWriteThrough'.
e: file:///C:/Users/danus/Documents/antigravity/emergent/app/src/main/java/com/posbah/app/data/remote/BmpOnlineWriter.k
t:445:36 Unresolved reference 'uploadRowWriteThrough'.
e: file:///C:/Users/danus/Documents/antigravity/emergent/app/src/main/java/com/posbah/app/data/repository/BmpRepositori
es.kt:203:12 Redeclaration:
data class PrintSettingsData : Any
e: file:///C:/Users/danus/Documents/antigravity/emergent/app/src/main/java/com/posbah/app/data/repository/FnbRepositori
es.kt:200:26 Unresolved reference 'map'.
e: file:///C:/Users/danus/Documents/antigravity/emergent/app/src/main/java/com/posbah/app/data/repository/FnbRepositori
es.kt:200:32 Cannot infer type for this parameter. Please specify it explicitly.
e: file:///C:/Users/danus/Documents/antigravity/emergent/app/src/main/java/com/posbah/app/data/repository/FnbRepositori
es.kt:201:18 Overload resolution ambiguity between candidates:
fun <R, T> Result<T>.map(transform: (@ParameterName(...) T) -> R): Result<R>
    [R|Contract description]
     <
        CallsInPlace(transform, AT_MOST_ONCE)
    >
fun <T, R> Array<out T>.map(transform: (T) -> R): List<R>
fun <R> BooleanArray.map(transform: (Boolean) -> R): List<R>
fun <R> ByteArray.map(transform: (Byte) -> R): List<R>
fun <R> CharArray.map(transform: (Char) -> R): List<R>
fun <R> DoubleArray.map(transform: (Double) -> R): List<R>
fun <R> FloatArray.map(transform: (Float) -> R): List<R>
fun <R> IntArray.map(transform: (Int) -> R): List<R>
fun <R> LongArray.map(transform: (Long) -> R): List<R>
fun <R> ShortArray.map(transform: (Short) -> R): List<R>
fun <T, R> Iterable<T>.map(transform: (T) -> R): List<R>
fun <K, V, R> Map<out K, V>.map(transform: (Map.Entry<K, V>) -> R): List<R>
fun <R> UByteArray.map(transform: (UByte) -> R): List<R>
fun <R> UIntArray.map(transform: (UInt) -> R): List<R>
fun <R> ULongArray.map(transform: (ULong) -> R): List<R>
fun <R> UShortArray.map(transform: (UShort) -> R): List<R>
fun <T, R> Sequence<T>.map(transform: (T) -> R): Sequence<R>
fun <R> CharSequence.map(transform: (Char) -> R): List<R>
e: file:///C:/Users/danus/Documents/antigravity/emergent/app/src/main/java/com/posbah/app/data/repository/FnbRepositori
es.kt:201:24 Cannot infer type for this parameter. Please specify it explicitly.
e: file:///C:/Users/danus/Documents/antigravity/emergent/app/src/main/java/com/posbah/app/data/repository/FnbRepositori
es.kt:203:28 Unresolved reference 'id'.
e: file:///C:/Users/danus/Documents/antigravity/emergent/app/src/main/java/com/posbah/app/data/repository/FnbRepositori
es.kt:204:34 Unresolved reference 'tenantId'.
e: file:///C:/Users/danus/Documents/antigravity/emergent/app/src/main/java/com/posbah/app/data/repository/FnbRepositori
es.kt:205:34 Unresolved reference 'outletId'.
e: file:///C:/Users/danus/Documents/antigravity/emergent/app/src/main/java/com/posbah/app/data/repository/FnbRepositori
es.kt:206:30 Unresolved reference 'name'.
e: file:///C:/Users/danus/Documents/antigravity/emergent/app/src/main/java/com/posbah/app/data/repository/FnbRepositori
es.kt:207:31 Unresolved reference 'price'.
e: file:///C:/Users/danus/Documents/antigravity/emergent/app/src/main/java/com/posbah/app/data/repository/FnbRepositori
es.kt:208:31 Unresolved reference 'stock'.
e: file:///C:/Users/danus/Documents/antigravity/emergent/app/src/main/java/com/posbah/app/data/repository/FnbRepositori
es.kt:209:32 Argument type mismatch: actual type is 'it(kotlin.Comparable<it(kotlin.text.CharCategory & 
kotlin.String)> & java.io.Serializable)', but 'kotlin.String' was expected.
e: file:///C:/Users/danus/Documents/antigravity/emergent/app/src/main/java/com/posbah/app/data/repository/FnbRepositori
es.kt:210:33 Unresolved reference 'barcode'.
e: file:///C:/Users/danus/Documents/antigravity/emergent/app/src/main/java/com/posbah/app/data/repository/FnbRepositori
es.kt:211:31 Unresolved reference 'imageUrl'.
e: file:///C:/Users/danus/Documents/antigravity/emergent/app/src/main/java/com/posbah/app/data/repository/FnbRepositori
es.kt:212:35 Unresolved reference 'isDeleted'.
e: file:///C:/Users/danus/Documents/antigravity/emergent/app/src/main/java/com/posbah/app/data/repository/FnbRepositori
es.kt:299:30 Unresolved reference 'map'.
e: file:///C:/Users/danus/Documents/antigravity/emergent/app/src/main/java/com/posbah/app/data/repository/FnbRepositori
es.kt:299:36 Cannot infer type for this parameter. Please specify it explicitly.
e: file:///C:/Users/danus/Documents/antigravity/emergent/app/src/main/java/com/posbah/app/data/repository/FnbRepositori
es.kt:300:18 Overload resolution ambiguity between candidates:
fun <R, T> Result<T>.map(transform: (@ParameterName(...) T) -> R): Result<R>
    [R|Contract description]
     <
        CallsInPlace(transform, AT_MOST_ONCE)
    >
fun <T, R> Array<out T>.map(transform: (T) -> R): List<R>
fun <R> BooleanArray.map(transform: (Boolean) -> R): List<R>
fun <R> ByteArray.map(transform: (Byte) -> R): List<R>
fun <R> CharArray.map(transform: (Char) -> R): List<R>
fun <R> DoubleArray.map(transform: (Double) -> R): List<R>
fun <R> FloatArray.map(transform: (Float) -> R): List<R>
fun <R> IntArray.map(transform: (Int) -> R): List<R>
fun <R> LongArray.map(transform: (Long) -> R): List<R>
fun <R> ShortArray.map(transform: (Short) -> R): List<R>
fun <T, R> Iterable<T>.map(transform: (T) -> R): List<R>
fun <K, V, R> Map<out K, V>.map(transform: (Map.Entry<K, V>) -> R): List<R>
fun <R> UByteArray.map(transform: (UByte) -> R): List<R>
fun <R> UIntArray.map(transform: (UInt) -> R): List<R>
fun <R> ULongArray.map(transform: (ULong) -> R): List<R>
fun <R> UShortArray.map(transform: (UShort) -> R): List<R>
fun <T, R> Sequence<T>.map(transform: (T) -> R): Sequence<R>
fun <R> CharSequence.map(transform: (Char) -> R): List<R>
e: file:///C:/Users/danus/Documents/antigravity/emergent/app/src/main/java/com/posbah/app/data/repository/FnbRepositori
es.kt:300:24 Cannot infer type for this parameter. Please specify it explicitly.
e: file:///C:/Users/danus/Documents/antigravity/emergent/app/src/main/java/com/posbah/app/data/repository/FnbRepositori
es.kt:302:28 Unresolved reference 'id'.
e: file:///C:/Users/danus/Documents/antigravity/emergent/app/src/main/java/com/posbah/app/data/repository/FnbRepositori
es.kt:303:34 Unresolved reference 'tenantId'.
e: file:///C:/Users/danus/Documents/antigravity/emergent/app/src/main/java/com/posbah/app/data/repository/FnbRepositori
es.kt:304:34 Unresolved reference 'outletId'.
e: file:///C:/Users/danus/Documents/antigravity/emergent/app/src/main/java/com/posbah/app/data/repository/FnbRepositori
es.kt:306:39 Unresolved reference 'receiptNumber'.
e: file:///C:/Users/danus/Documents/antigravity/emergent/app/src/main/java/com/posbah/app/data/repository/FnbRepositori
es.kt:307:30 Unresolved reference 'date'.
e: file:///C:/Users/danus/Documents/antigravity/emergent/app/src/main/java/com/posbah/app/data/repository/FnbRepositori
es.kt:308:31 Unresolved reference 'totalAmount'.
e: file:///C:/Users/danus/Documents/antigravity/emergent/app/src/main/java/com/posbah/app/data/repository/FnbRepositori
es.kt:309:39 Unresolved reference 'paymentMethod'.
e: file:///C:/Users/danus/Documents/antigravity/emergent/app/src/main/java/com/posbah/app/data/repository/FnbRepositori
es.kt:310:36 Unresolved reference 'amountPaid'.
e: file:///C:/Users/danus/Documents/antigravity/emergent/app/src/main/java/com/posbah/app/data/repository/FnbRepositori
es.kt:311:32 Unresolved reference 'change'.
e: file:///C:/Users/danus/Documents/antigravity/emergent/app/src/main/java/com/posbah/app/data/repository/FnbRepositori
es.kt:312:36 Unresolved reference 'customerId'.
e: file:///C:/Users/danus/Documents/antigravity/emergent/app/src/main/java/com/posbah/app/data/repository/FnbRepositori
es.kt:313:31 Unresolved reference 'notes'.
e: file:///C:/Users/danus/Documents/antigravity/emergent/app/src/main/java/com/posbah/app/data/repository/FnbRepositori
es.kt:314:32 Unresolved reference 'status'.
e: file:///C:/Users/danus/Documents/antigravity/emergent/app/src/main/java/com/posbah/app/data/repository/FnbRepositori
es.kt:315:30 Unresolved reference 'type'.
e: file:///C:/Users/danus/Documents/antigravity/emergent/app/src/main/java/com/posbah/app/data/repository/FnbRepositori
es.kt:316:35 Unresolved reference 'isDeleted'.
e: file:///C:/Users/danus/Documents/antigravity/emergent/app/src/main/java/com/posbah/app/data/repository/MissingReposi
tories.kt:21:12 Redeclaration:
data class PrintSettingsData : Any
e: file:///C:/Users/danus/Documents/antigravity/emergent/app/src/main/java/com/posbah/app/ui/screens/bmp/bahanbaku/Baha
nBakuListScreen.kt:76:17 Cannot infer type for this parameter. Please specify it explicitly.
e: file:///C:/Users/danus/Documents/antigravity/emergent/app/src/main/java/com/posbah/app/ui/screens/bmp/bahanbaku/Baha
nBakuListScreen.kt:76:17 Property delegate must have a 'getValue(Nothing?, KProperty0<ERROR CLASS: Cannot infer 
argument for type parameter T>)' method. None of the following functions is applicable:
fun <T> State<T>.getValue(thisObj: Any?, property: KProperty<*>): T
e: file:///C:/Users/danus/Documents/antigravity/emergent/app/src/main/java/com/posbah/app/ui/screens/bmp/bahanbaku/Baha
nBakuListScreen.kt:76:17 Not enough information to infer type argument for 'T'.
e: file:///C:/Users/danus/Documents/antigravity/emergent/app/src/main/java/com/posbah/app/ui/screens/bmp/bahanbaku/Baha
nBakuListScreen.kt:76:40 Cannot infer type for this parameter. Please specify it explicitly.
e: file:///C:/Users/danus/Documents/antigravity/emergent/app/src/main/java/com/posbah/app/ui/screens/bmp/bahanbaku/Baha
nBakuListScreen.kt:76:40 Not enough information to infer type argument for 'T'.
e: file:///C:/Users/danus/Documents/antigravity/emergent/app/src/main/java/com/posbah/app/ui/screens/bmp/bahanbaku/Baha
nBakuListScreen.kt:80:30 Cannot infer type for this parameter. Please specify it explicitly.
e: file:///C:/Users/danus/Documents/antigravity/emergent/app/src/main/java/com/posbah/app/ui/screens/bmp/bahanbaku/Baha
nBakuListScreen.kt:80:45 Cannot infer type for this parameter. Please specify it explicitly.
e: file:///C:/Users/danus/Documents/antigravity/emergent/app/src/main/java/com/posbah/app/ui/screens/bmp/bahanbaku/Baha
nBakuListScreen.kt:80:52 Overload resolution ambiguity between candidates:
fun <T> Array<out T>.sumOf(selector: (T) -> BigDecimal): BigDecimal
fun <T> Array<out T>.sumOf(selector: (T) -> BigInteger): BigInteger
fun BooleanArray.sumOf(selector: (Boolean) -> BigDecimal): BigDecimal
fun BooleanArray.sumOf(selector: (Boolean) -> BigInteger): BigInteger
fun ByteArray.sumOf(selector: (Byte) -> BigDecimal): BigDecimal
fun ByteArray.sumOf(selector: (Byte) -> BigInteger): BigInteger
fun CharArray.sumOf(selector: (Char) -> BigDecimal): BigDecimal
fun CharArray.sumOf(selector: (Char) -> BigInteger): BigInteger
fun DoubleArray.sumOf(selector: (Double) -> BigDecimal): BigDecimal
fun DoubleArray.sumOf(selector: (Double) -> BigInteger): BigInteger
fun FloatArray.sumOf(selector: (Float) -> BigDecimal): BigDecimal
fun FloatArray.sumOf(selector: (Float) -> BigInteger): BigInteger
fun IntArray.sumOf(selector: (Int) -> BigDecimal): BigDecimal
fun IntArray.sumOf(selector: (Int) -> BigInteger): BigInteger
fun LongArray.sumOf(selector: (Long) -> BigDecimal): BigDecimal
fun LongArray.sumOf(selector: (Long) -> BigInteger): BigInteger
fun ShortArray.sumOf(selector: (Short) -> BigDecimal): BigDecimal
fun ShortArray.sumOf(selector: (Short) -> BigInteger): BigInteger
fun <T> Array<out T>.sumOf(selector: (T) -> Double): Double
fun <T> Array<out T>.sumOf(selector: (T) -> Int): Int
fun <T> Array<out T>.sumOf(selector: (T) -> Long): Long
fun <T> Array<out T>.sumOf(selector: (T) -> UInt): UInt
fun <T> Array<out T>.sumOf(selector: (T) -> ULong): ULong
fun BooleanArray.sumOf(selector: (Boolean) -> Double): Double
fun BooleanArray.sumOf(selector: (Boolean) -> Int): Int
fun BooleanArray.sumOf(selector: (Boolean) -> Long): Long
fun BooleanArray.sumOf(selector: (Boolean) -> UInt): UInt
fun BooleanArray.sumOf(selector: (Boolean) -> ULong): ULong
fun ByteArray.sumOf(selector: (Byte) -> Double): Double
fun ByteArray.sumOf(selector: (Byte) -> Int): Int
fun ByteArray.sumOf(selector: (Byte) -> Long): Long
fun ByteArray.sumOf(selector: (Byte) -> UInt): UInt
fun ByteArray.sumOf(selector: (Byte) -> ULong): ULong
fun CharArray.sumOf(selector: (Char) -> Double): Double
fun CharArray.sumOf(selector: (Char) -> Int): Int
fun CharArray.sumOf(selector: (Char) -> Long): Long
fun CharArray.sumOf(selector: (Char) -> UInt): UInt
fun CharArray.sumOf(selector: (Char) -> ULong): ULong
fun DoubleArray.sumOf(selector: (Double) -> Double): Double
fun DoubleArray.sumOf(selector: (Double) -> Int): Int
fun DoubleArray.sumOf(selector: (Double) -> Long): Long
fun DoubleArray.sumOf(selector: (Double) -> UInt): UInt
fun DoubleArray.sumOf(selector: (Double) -> ULong): ULong
fun FloatArray.sumOf(selector: (Float) -> Double): Double
fun FloatArray.sumOf(selector: (Float) -> Int): Int
fun FloatArray.sumOf(selector: (Float) -> Long): Long
fun FloatArray.sumOf(selector: (Float) -> UInt): UInt
fun FloatArray.sumOf(selector: (Float) -> ULong): ULong
fun IntArray.sumOf(selector: (Int) -> Double): Double
fun IntArray.sumOf(selector: (Int) -> Int): Int
fun IntArray.sumOf(selector: (Int) -> Long): Long
fun IntArray.sumOf(selector: (Int) -> UInt): UInt
fun IntArray.sumOf(selector: (Int) -> ULong): ULong
fun LongArray.sumOf(selector: (Long) -> Double): Double
fun LongArray.sumOf(selector: (Long) -> Int): Int
fun LongArray.sumOf(selector: (Long) -> Long): Long
fun LongArray.sumOf(selector: (Long) -> UInt): UInt
fun LongArray.sumOf(selector: (Long) -> ULong): ULong
fun ShortArray.sumOf(selector: (Short) -> Double): Double
fun ShortArray.sumOf(selector: (Short) -> Int): Int
fun ShortArray.sumOf(selector: (Short) -> Long): Long
fun ShortArray.sumOf(selector: (Short) -> UInt): UInt
fun ShortArray.sumOf(selector: (Short) -> ULong): ULong
fun <T> Iterable<T>.sumOf(selector: (T) -> BigDecimal): BigDecimal
fun <T> Iterable<T>.sumOf(selector: (T) -> BigInteger): BigInteger
fun <T> Iterable<T>.sumOf(selector: (T) -> Double): Double
fun <T> Iterable<T>.sumOf(selector: (T) -> Int): Int
fun <T> Iterable<T>.sumOf(selector: (T) -> Long): Long
fun <T> Iterable<T>.sumOf(selector: (T) -> UInt): UInt
fun <T> Iterable<T>.sumOf(selector: (T) -> ULong): ULong
fun UByteArray.sumOf(selector: (UByte) -> BigDecimal): BigDecimal
fun UByteArray.sumOf(selector: (UByte) -> BigInteger): BigInteger
fun UIntArray.sumOf(selector: (UInt) -> BigDecimal): BigDecimal
fun UIntArray.sumOf(selector: (UInt) -> BigInteger): BigInteger
fun ULongArray.sumOf(selector: (ULong) -> BigDecimal): BigDecimal
fun ULongArray.sumOf(selector: (ULong) -> BigInteger): BigInteger
fun UShortArray.sumOf(selector: (UShort) -> BigDecimal): BigDecimal
fun UShortArray.sumOf(selector: (UShort) -> BigInteger): BigInteger
fun UByteArray.sumOf(selector: (UByte) -> Double): Double
fun UByteArray.sumOf(selector: (UByte) -> Int): Int
fun UByteArray.sumOf(selector: (UByte) -> Long): Long
fun UByteArray.sumOf(selector: (UByte) -> UInt): UInt
fun UByteArray.sumOf(selector: (UByte) -> ULong): ULong
fun UIntArray.sumOf(selector: (UInt) -> Double): Double
fun UIntArray.sumOf(selector: (UInt) -> Int): Int
fun UIntArray.sumOf(selector: (UInt) -> Long): Long
fun UIntArray.sumOf(selector: (UInt) -> UInt): UInt
fun UIntArray.sumOf(selector: (UInt) -> ULong): ULong
fun ULongArray.sumOf(selector: (ULong) -> Double): Double
fun ULongArray.sumOf(selector: (ULong) -> Int): Int
fun ULongArray.sumOf(selector: (ULong) -> Long): Long
fun ULongArray.sumOf(selector: (ULong) -> UInt): UInt
fun ULongArray.sumOf(selector: (ULong) -> ULong): ULong
fun UShortArray.sumOf(selector: (UShort) -> Double): Double
fun UShortArray.sumOf(selector: (UShort) -> Int): Int
fun UShortArray.sumOf(selector: (UShort) -> Long): Long
fun UShortArray.sumOf(selector: (UShort) -> UInt): UInt
fun UShortArray.sumOf(selector: (UShort) -> ULong): ULong
fun <T> Sequence<T>.sumOf(selector: (T) -> BigDecimal): BigDecimal
fun <T> Sequence<T>.sumOf(selector: (T) -> BigInteger): BigInteger
fun <T> Sequence<T>.sumOf(selector: (T) -> Double): Double
fun <T> Sequence<T>.sumOf(selector: (T) -> Int): Int
fun <T> Sequence<T>.sumOf(selector: (T) -> Long): Long
fun <T> Sequence<T>.sumOf(selector: (T) -> UInt): UInt
fun <T> Sequence<T>.sumOf(selector: (T) -> ULong): ULong
fun CharSequence.sumOf(selector: (Char) -> BigDecimal): BigDecimal
fun CharSequence.sumOf(selector: (Char) -> BigInteger): BigInteger
fun CharSequence.sumOf(selector: (Char) -> Double): Double
fun CharSequence.sumOf(selector: (Char) -> Int): Int
fun CharSequence.sumOf(selector: (Char) -> Long): Long
fun CharSequence.sumOf(selector: (Char) -> UInt): UInt
fun CharSequence.sumOf(selector: (Char) -> ULong): ULong
e: file:///C:/Users/danus/Documents/antigravity/emergent/app/src/main/java/com/posbah/app/ui/screens/bmp/bahanbaku/Baha
nBakuListScreen.kt:80:58 Unresolved reference 'totalHarga'.
e: file:///C:/Users/danus/Documents/antigravity/emergent/app/src/main/java/com/posbah/app/ui/screens/bmp/bahanbaku/Baha
nBakuListScreen.kt:80:60 Unresolved reference 'it'.
e: file:///C:/Users/danus/Documents/antigravity/emergent/app/src/main/java/com/posbah/app/ui/screens/bmp/bahanbaku/Baha
nBakuListScreen.kt:81:32 Cannot infer type for this parameter. Please specify it explicitly.
e: file:///C:/Users/danus/Documents/antigravity/emergent/app/src/main/java/com/posbah/app/ui/screens/bmp/bahanbaku/Baha
nBakuListScreen.kt:81:47 Cannot infer type for this parameter. Please specify it explicitly.
e: file:///C:/Users/danus/Documents/antigravity/emergent/app/src/main/java/com/posbah/app/ui/screens/bmp/bahanbaku/Baha
nBakuListScreen.kt:81:54 Overload resolution ambiguity between candidates:
fun <T> Array<out T>.sumOf(selector: (T) -> BigDecimal): BigDecimal
fun <T> Array<out T>.sumOf(selector: (T) -> BigInteger): BigInteger
fun BooleanArray.sumOf(selector: (Boolean) -> BigDecimal): BigDecimal
fun BooleanArray.sumOf(selector: (Boolean) -> BigInteger): BigInteger
fun ByteArray.sumOf(selector: (Byte) -> BigDecimal): BigDecimal
fun ByteArray.sumOf(selector: (Byte) -> BigInteger): BigInteger
fun CharArray.sumOf(selector: (Char) -> BigDecimal): BigDecimal
fun CharArray.sumOf(selector: (Char) -> BigInteger): BigInteger
fun DoubleArray.sumOf(selector: (Double) -> BigDecimal): BigDecimal
fun DoubleArray.sumOf(selector: (Double) -> BigInteger): BigInteger
fun FloatArray.sumOf(selector: (Float) -> BigDecimal): BigDecimal
fun FloatArray.sumOf(selector: (Float) -> BigInteger): BigInteger
fun IntArray.sumOf(selector: (Int) -> BigDecimal): BigDecimal
fun IntArray.sumOf(selector: (Int) -> BigInteger): BigInteger
fun LongArray.sumOf(selector: (Long) -> BigDecimal): BigDecimal
fun LongArray.sumOf(selector: (Long) -> BigInteger): BigInteger
fun ShortArray.sumOf(selector: (Short) -> BigDecimal): BigDecimal
fun ShortArray.sumOf(selector: (Short) -> BigInteger): BigInteger
fun <T> Array<out T>.sumOf(selector: (T) -> Double): Double
fun <T> Array<out T>.sumOf(selector: (T) -> Int): Int
fun <T> Array<out T>.sumOf(selector: (T) -> Long): Long
fun <T> Array<out T>.sumOf(selector: (T) -> UInt): UInt
fun <T> Array<out T>.sumOf(selector: (T) -> ULong): ULong
fun BooleanArray.sumOf(selector: (Boolean) -> Double): Double
fun BooleanArray.sumOf(selector: (Boolean) -> Int): Int
fun BooleanArray.sumOf(selector: (Boolean) -> Long): Long
fun BooleanArray.sumOf(selector: (Boolean) -> UInt): UInt
fun BooleanArray.sumOf(selector: (Boolean) -> ULong): ULong
fun ByteArray.sumOf(selector: (Byte) -> Double): Double
fun ByteArray.sumOf(selector: (Byte) -> Int): Int
fun ByteArray.sumOf(selector: (Byte) -> Long): Long
fun ByteArray.sumOf(selector: (Byte) -> UInt): UInt
fun ByteArray.sumOf(selector: (Byte) -> ULong): ULong
fun CharArray.sumOf(selector: (Char) -> Double): Double
fun CharArray.sumOf(selector: (Char) -> Int): Int
fun CharArray.sumOf(selector: (Char) -> Long): Long
fun CharArray.sumOf(selector: (Char) -> UInt): UInt
fun CharArray.sumOf(selector: (Char) -> ULong): ULong
fun DoubleArray.sumOf(selector: (Double) -> Double): Double
fun DoubleArray.sumOf(selector: (Double) -> Int): Int
fun DoubleArray.sumOf(selector: (Double) -> Long): Long
fun DoubleArray.sumOf(selector: (Double) -> UInt): UInt
fun DoubleArray.sumOf(selector: (Double) -> ULong): ULong
fun FloatArray.sumOf(selector: (Float) -> Double): Double
fun FloatArray.sumOf(selector: (Float) -> Int): Int
fun FloatArray.sumOf(selector: (Float) -> Long): Long
fun FloatArray.sumOf(selector: (Float) -> UInt): UInt
fun FloatArray.sumOf(selector: (Float) -> ULong): ULong
fun IntArray.sumOf(selector: (Int) -> Double): Double
fun IntArray.sumOf(selector: (Int) -> Int): Int
fun IntArray.sumOf(selector: (Int) -> Long): Long
fun IntArray.sumOf(selector: (Int) -> UInt): UInt
fun IntArray.sumOf(selector: (Int) -> ULong): ULong
fun LongArray.sumOf(selector: (Long) -> Double): Double
fun LongArray.sumOf(selector: (Long) -> Int): Int
fun LongArray.sumOf(selector: (Long) -> Long): Long
fun LongArray.sumOf(selector: (Long) -> UInt): UInt
fun LongArray.sumOf(selector: (Long) -> ULong): ULong
fun ShortArray.sumOf(selector: (Short) -> Double): Double
fun ShortArray.sumOf(selector: (Short) -> Int): Int
fun ShortArray.sumOf(selector: (Short) -> Long): Long
fun ShortArray.sumOf(selector: (Short) -> UInt): UInt
fun ShortArray.sumOf(selector: (Short) -> ULong): ULong
fun <T> Iterable<T>.sumOf(selector: (T) -> BigDecimal): BigDecimal
fun <T> Iterable<T>.sumOf(selector: (T) -> BigInteger): BigInteger
fun <T> Iterable<T>.sumOf(selector: (T) -> Double): Double
fun <T> Iterable<T>.sumOf(selector: (T) -> Int): Int
fun <T> Iterable<T>.sumOf(selector: (T) -> Long): Long
fun <T> Iterable<T>.sumOf(selector: (T) -> UInt): UInt
fun <T> Iterable<T>.sumOf(selector: (T) -> ULong): ULong
fun UByteArray.sumOf(selector: (UByte) -> BigDecimal): BigDecimal
fun UByteArray.sumOf(selector: (UByte) -> BigInteger): BigInteger
fun UIntArray.sumOf(selector: (UInt) -> BigDecimal): BigDecimal
fun UIntArray.sumOf(selector: (UInt) -> BigInteger): BigInteger
fun ULongArray.sumOf(selector: (ULong) -> BigDecimal): BigDecimal
fun ULongArray.sumOf(selector: (ULong) -> BigInteger): BigInteger
fun UShortArray.sumOf(selector: (UShort) -> BigDecimal): BigDecimal
fun UShortArray.sumOf(selector: (UShort) -> BigInteger): BigInteger
fun UByteArray.sumOf(selector: (UByte) -> Double): Double
fun UByteArray.sumOf(selector: (UByte) -> Int): Int
fun UByteArray.sumOf(selector: (UByte) -> Long): Long
fun UByteArray.sumOf(selector: (UByte) -> UInt): UInt
fun UByteArray.sumOf(selector: (UByte) -> ULong): ULong
fun UIntArray.sumOf(selector: (UInt) -> Double): Double
fun UIntArray.sumOf(selector: (UInt) -> Int): Int
fun UIntArray.sumOf(selector: (UInt) -> Long): Long
fun UIntArray.sumOf(selector: (UInt) -> UInt): UInt
fun UIntArray.sumOf(selector: (UInt) -> ULong): ULong
fun ULongArray.sumOf(selector: (ULong) -> Double): Double
fun ULongArray.sumOf(selector: (ULong) -> Int): Int
fun ULongArray.sumOf(selector: (ULong) -> Long): Long
fun ULongArray.sumOf(selector: (ULong) -> UInt): UInt
fun ULongArray.sumOf(selector: (ULong) -> ULong): ULong
fun UShortArray.sumOf(selector: (UShort) -> Double): Double
fun UShortArray.sumOf(selector: (UShort) -> Int): Int
fun UShortArray.sumOf(selector: (UShort) -> Long): Long
fun UShortArray.sumOf(selector: (UShort) -> UInt): UInt
fun UShortArray.sumOf(selector: (UShort) -> ULong): ULong
fun <T> Sequence<T>.sumOf(selector: (T) -> BigDecimal): BigDecimal
fun <T> Sequence<T>.sumOf(selector: (T) -> BigInteger): BigInteger
fun <T> Sequence<T>.sumOf(selector: (T) -> Double): Double
fun <T> Sequence<T>.sumOf(selector: (T) -> Int): Int
fun <T> Sequence<T>.sumOf(selector: (T) -> Long): Long
fun <T> Sequence<T>.sumOf(selector: (T) -> UInt): UInt
fun <T> Sequence<T>.sumOf(selector: (T) -> ULong): ULong
fun CharSequence.sumOf(selector: (Char) -> BigDecimal): BigDecimal
fun CharSequence.sumOf(selector: (Char) -> BigInteger): BigInteger
fun CharSequence.sumOf(selector: (Char) -> Double): Double
fun CharSequence.sumOf(selector: (Char) -> Int): Int
fun CharSequence.sumOf(selector: (Char) -> Long): Long
fun CharSequence.sumOf(selector: (Char) -> UInt): UInt
fun CharSequence.sumOf(selector: (Char) -> ULong): ULong
e: file:///C:/Users/danus/Documents/antigravity/emergent/app/src/main/java/com/posbah/app/ui/screens/bmp/bahanbaku/Baha
nBakuListScreen.kt:81:60 Unresolved reference 'nominal'.
e: file:///C:/Users/danus/Documents/antigravity/emergent/app/src/main/java/com/posbah/app/ui/screens/bmp/bahanbaku/Baha
nBakuListScreen.kt:81:62 Unresolved reference 'it'.
e: file:///C:/Users/danus/Documents/antigravity/emergent/app/src/main/java/com/posbah/app/ui/screens/bmp/bahanbaku/Baha
nBakuListScreen.kt:95:36 Function invocation 'size(...)' expected.
e: file:///C:/Users/danus/Documents/antigravity/emergent/app/src/main/java/com/posbah/app/ui/screens/bmp/bahanbaku/Baha
nBakuListScreen.kt:146:76 'operator' modifier is required on 'FirNamedFunctionSymbol kotlin/compareTo' in 'compareTo'.
e: file:///C:/Users/danus/Documents/antigravity/emergent/app/src/main/java/com/posbah/app/ui/screens/bmp/bahanbaku/Baha
nBakuListScreen.kt:152:22 Overload resolution ambiguity between candidates:
fun <T> Array<out T>.isEmpty(): Boolean
fun BooleanArray.isEmpty(): Boolean
fun ByteArray.isEmpty(): Boolean
fun CharArray.isEmpty(): Boolean
fun DoubleArray.isEmpty(): Boolean
fun FloatArray.isEmpty(): Boolean
fun IntArray.isEmpty(): Boolean
fun LongArray.isEmpty(): Boolean
fun ShortArray.isEmpty(): Boolean
fun CharSequence.isEmpty(): Boolean
e: file:///C:/Users/danus/Documents/antigravity/emergent/app/src/main/java/com/posbah/app/ui/screens/bmp/bahanbaku/Baha
nBakuListScreen.kt:187:40 Unresolved reference 'id'.
e: file:///C:/Users/danus/Documents/antigravity/emergent/app/src/main/java/com/posbah/app/ui/screens/bmp/bahanbaku/Baha
nBakuListScreen.kt:189:33 Argument type mismatch: actual type is 'kotlin.Int', but 
'com.posbah.app.data.local.entities.BmpBahanBakuEntity' was expected.
e: file:///C:/Users/danus/Documents/antigravity/emergent/app/src/main/java/com/posbah/app/ui/screens/bmp/bahanbaku/Baha
nBakuListScreen.kt:190:49 Unresolved reference 'id'.
e: file:///C:/Users/danus/Documents/antigravity/emergent/app/src/main/java/com/posbah/app/ui/screens/bmp/bahanbaku/Baha
nBakuListScreen.kt:191:59 Unresolved reference 'id'.
e: file:///C:/Users/danus/Documents/antigravity/emergent/app/src/main/java/com/posbah/app/ui/screens/bmp/bahanbaku/Baha
nBakuListScreen.kt:194:45 Assignment type mismatch: actual type is 'kotlin.Int', but 
'com.posbah.app.data.local.entities.BmpBahanBakuEntity?' was expected.
e: file:///C:/Users/danus/Documents/antigravity/emergent/app/src/main/java/com/posbah/app/ui/screens/bmp/bahanbaku/Baha
nBakuListScreen.kt:442:20 Cannot infer type for this parameter. Please specify it explicitly.
e: file:///C:/Users/danus/Documents/antigravity/emergent/app/src/main/java/com/posbah/app/ui/screens/bmp/bahanbaku/Baha
nBakuListScreen.kt:442:20 Property delegate must have a 'getValue(Nothing?, KProperty0<ERROR CLASS: Cannot infer 
argument for type parameter T>)' method. None of the following functions is applicable:
fun <T> State<T>.getValue(thisObj: Any?, property: KProperty<*>): T
e: file:///C:/Users/danus/Documents/antigravity/emergent/app/src/main/java/com/posbah/app/ui/screens/bmp/bahanbaku/Baha
nBakuListScreen.kt:442:20 Not enough information to infer type argument for 'T'.
e: file:///C:/Users/danus/Documents/antigravity/emergent/app/src/main/java/com/posbah/app/ui/screens/bmp/bahanbaku/Baha
nBakuListScreen.kt:442:35 Cannot infer type for this parameter. Please specify it explicitly.
e: file:///C:/Users/danus/Documents/antigravity/emergent/app/src/main/java/com/posbah/app/ui/screens/bmp/bahanbaku/Baha
nBakuListScreen.kt:442:35 Not enough information to infer type argument for 'T'.
e: file:///C:/Users/danus/Documents/antigravity/emergent/app/src/main/java/com/posbah/app/ui/screens/bmp/bahanbaku/Baha
nBakuListScreen.kt:472:24 Cannot infer type for this parameter. Please specify it explicitly.
e: file:///C:/Users/danus/Documents/antigravity/emergent/app/src/main/java/com/posbah/app/ui/screens/bmp/bahanbaku/Baha
nBakuListScreen.kt:472:71 Cannot infer type for this parameter. Please specify it explicitly.
e: file:///C:/Users/danus/Documents/antigravity/emergent/app/src/main/java/com/posbah/app/ui/screens/bmp/bahanbaku/Baha
nBakuListScreen.kt:475:29 Overload resolution ambiguity between candidates:
fun <T> Array<out T>.filter(predicate: (T) -> Boolean): List<T>
fun BooleanArray.filter(predicate: (Boolean) -> Boolean): List<Boolean>
fun ByteArray.filter(predicate: (Byte) -> Boolean): List<Byte>
fun CharArray.filter(predicate: (Char) -> Boolean): List<Char>
fun DoubleArray.filter(predicate: (Double) -> Boolean): List<Double>
fun FloatArray.filter(predicate: (Float) -> Boolean): List<Float>
fun IntArray.filter(predicate: (Int) -> Boolean): List<Int>
fun LongArray.filter(predicate: (Long) -> Boolean): List<Long>
fun ShortArray.filter(predicate: (Short) -> Boolean): List<Short>
fun <T> Iterable<T>.filter(predicate: (T) -> Boolean): List<T>
fun <K, V> Map<out K, V>.filter(predicate: (Map.Entry<K, V>) -> Boolean): Map<K, V>
fun UByteArray.filter(predicate: (UByte) -> Boolean): List<UByte>
fun UIntArray.filter(predicate: (UInt) -> Boolean): List<UInt>
fun ULongArray.filter(predicate: (ULong) -> Boolean): List<ULong>
fun UShortArray.filter(predicate: (UShort) -> Boolean): List<UShort>
fun <T> Sequence<T>.filter(predicate: (T) -> Boolean): Sequence<T>
fun CharSequence.filter(predicate: (Char) -> Boolean): CharSequence
fun String.filter(predicate: (Char) -> Boolean): String
e: file:///C:/Users/danus/Documents/antigravity/emergent/app/src/main/java/com/posbah/app/ui/screens/bmp/bahanbaku/Baha
nBakuListScreen.kt:475:38 Unresolved reference 'it'.
e: file:///C:/Users/danus/Documents/antigravity/emergent/app/src/main/java/com/posbah/app/ui/screens/bmp/bahanbaku/Baha
nBakuListScreen.kt:475:54 Unresolved reference 'it'.
e: file:///C:/Users/danus/Documents/antigravity/emergent/app/src/main/java/com/posbah/app/ui/screens/bmp/bahanbaku/Baha
nBakuListScreen.kt:475:65 'operator' modifier is required on 'FirNamedFunctionSymbol kotlin/compareTo' in 'compareTo'.
e: file:///C:/Users/danus/Documents/antigravity/emergent/app/src/main/java/com/posbah/app/ui/screens/bmp/bahanbaku/Baha
nBakuListScreen.kt:478:29 Overload resolution ambiguity between candidates:
fun <T> Array<out T>.filter(predicate: (T) -> Boolean): List<T>
fun BooleanArray.filter(predicate: (Boolean) -> Boolean): List<Boolean>
fun ByteArray.filter(predicate: (Byte) -> Boolean): List<Byte>
fun CharArray.filter(predicate: (Char) -> Boolean): List<Char>
fun DoubleArray.filter(predicate: (Double) -> Boolean): List<Double>
fun FloatArray.filter(predicate: (Float) -> Boolean): List<Float>
fun IntArray.filter(predicate: (Int) -> Boolean): List<Int>
fun LongArray.filter(predicate: (Long) -> Boolean): List<Long>
fun ShortArray.filter(predicate: (Short) -> Boolean): List<Short>
fun <T> Iterable<T>.filter(predicate: (T) -> Boolean): List<T>
fun <K, V> Map<out K, V>.filter(predicate: (Map.Entry<K, V>) -> Boolean): Map<K, V>
fun UByteArray.filter(predicate: (UByte) -> Boolean): List<UByte>
fun UIntArray.filter(predicate: (UInt) -> Boolean): List<UInt>
fun ULongArray.filter(predicate: (ULong) -> Boolean): List<ULong>
fun UShortArray.filter(predicate: (UShort) -> Boolean): List<UShort>
fun <T> Sequence<T>.filter(predicate: (T) -> Boolean): Sequence<T>
fun CharSequence.filter(predicate: (Char) -> Boolean): CharSequence
fun String.filter(predicate: (Char) -> Boolean): String
e: file:///C:/Users/danus/Documents/antigravity/emergent/app/src/main/java/com/posbah/app/ui/screens/bmp/bahanbaku/Baha
nBakuListScreen.kt:478:38 Unresolved reference 'it'.
e: file:///C:/Users/danus/Documents/antigravity/emergent/app/src/main/java/com/posbah/app/ui/screens/bmp/bahanbaku/Baha
nBakuListScreen.kt:478:54 Unresolved reference 'it'.
e: file:///C:/Users/danus/Documents/antigravity/emergent/app/src/main/java/com/posbah/app/ui/screens/bmp/bahanbaku/Baha
nBakuListScreen.kt:478:65 'operator' modifier is required on 'FirNamedFunctionSymbol kotlin/compareTo' in 'compareTo'.
e: file:///C:/Users/danus/Documents/antigravity/emergent/app/src/main/java/com/posbah/app/ui/screens/bmp/bahanbaku/Baha
nBakuListScreen.kt:486:19 Method 'iterator()' is ambiguous for this expression. Applicable candidates:
fun <T> Enumeration<T>.iterator(): Iterator<T>
fun <T> Iterator<T>.iterator(): Iterator<T>
fun <K, V> Map<out K, V>.iterator(): Iterator<Map.Entry<K, V>>
fun <K, V> MutableMap<K, V>.iterator(): MutableIterator<MutableMap.MutableEntry<K, V>>
fun CharSequence.iterator(): CharIterator
fun BufferedInputStream.iterator(): ByteIterator
e: file:///C:/Users/danus/Documents/antigravity/emergent/app/src/main/java/com/posbah/app/ui/screens/bmp/bahanbaku/BmpB
ahanBakuViewModel.kt:32:21 Unresolved reference 'observe'.
e: file:///C:/Users/danus/Documents/antigravity/emergent/app/src/main/java/com/posbah/app/ui/screens/bmp/bahanbaku/BmpB
ahanBakuViewModel.kt:33:10 Cannot infer type for this parameter. Please specify it explicitly.
e: file:///C:/Users/danus/Documents/antigravity/emergent/app/src/main/java/com/posbah/app/ui/screens/bmp/bahanbaku/BmpB
ahanBakuViewModel.kt:33:58 Cannot infer type for this parameter. Please specify it explicitly.
e: file:///C:/Users/danus/Documents/antigravity/emergent/app/src/main/java/com/posbah/app/ui/screens/bmp/bahanbaku/BmpB
ahanBakuViewModel.kt:35:27 Unresolved reference 'totalHarga'.
e: file:///C:/Users/danus/Documents/antigravity/emergent/app/src/main/java/com/posbah/app/ui/screens/bmp/bahanbaku/BmpB
ahanBakuViewModel.kt:38:29 Unresolved reference 'totalNominal'.
e: file:///C:/Users/danus/Documents/antigravity/emergent/app/src/main/java/com/posbah/app/ui/screens/bmp/bahanbaku/BmpB
ahanBakuViewModel.kt:53:48 Cannot infer type for this parameter. Please specify it explicitly.
e: file:///C:/Users/danus/Documents/antigravity/emergent/app/src/main/java/com/posbah/app/ui/screens/bmp/bahanbaku/BmpB
ahanBakuViewModel.kt:53:48 Not enough information to infer type argument for 'T1'.
e: file:///C:/Users/danus/Documents/antigravity/emergent/app/src/main/java/com/posbah/app/ui/screens/bmp/bahanbaku/BmpB
ahanBakuViewModel.kt:53:48 Not enough information to infer type argument for 'R'.
e: file:///C:/Users/danus/Documents/antigravity/emergent/app/src/main/java/com/posbah/app/ui/screens/bmp/bahanbaku/BmpB
ahanBakuViewModel.kt:54:14 Unresolved reference 'observe'.
e: file:///C:/Users/danus/Documents/antigravity/emergent/app/src/main/java/com/posbah/app/ui/screens/bmp/bahanbaku/BmpB
ahanBakuViewModel.kt:59:9 Cannot infer type for this parameter. Please specify it explicitly.
e: file:///C:/Users/danus/Documents/antigravity/emergent/app/src/main/java/com/posbah/app/ui/screens/bmp/bahanbaku/BmpB
ahanBakuViewModel.kt:62:25 Overload resolution ambiguity between candidates:
fun <T> Array<out T>.filter(predicate: (T) -> Boolean): List<T>
fun BooleanArray.filter(predicate: (Boolean) -> Boolean): List<Boolean>
fun ByteArray.filter(predicate: (Byte) -> Boolean): List<Byte>
fun CharArray.filter(predicate: (Char) -> Boolean): List<Char>
fun DoubleArray.filter(predicate: (Double) -> Boolean): List<Double>
fun FloatArray.filter(predicate: (Float) -> Boolean): List<Float>
fun IntArray.filter(predicate: (Int) -> Boolean): List<Int>
fun LongArray.filter(predicate: (Long) -> Boolean): List<Long>
fun ShortArray.filter(predicate: (Short) -> Boolean): List<Short>
fun <T> Iterable<T>.filter(predicate: (T) -> Boolean): List<T>
fun <K, V> Map<out K, V>.filter(predicate: (Map.Entry<K, V>) -> Boolean): Map<K, V>
fun UByteArray.filter(predicate: (UByte) -> Boolean): List<UByte>
fun UIntArray.filter(predicate: (UInt) -> Boolean): List<UInt>
fun ULongArray.filter(predicate: (ULong) -> Boolean): List<ULong>
fun UShortArray.filter(predicate: (UShort) -> Boolean): List<UShort>
fun <T> Sequence<T>.filter(predicate: (T) -> Boolean): Sequence<T>
fun CharSequence.filter(predicate: (Char) -> Boolean): CharSequence
fun String.filter(predicate: (Char) -> Boolean): String
e: file:///C:/Users/danus/Documents/antigravity/emergent/app/src/main/java/com/posbah/app/ui/screens/bmp/bahanbaku/BmpB
ahanBakuViewModel.kt:62:34 Unresolved reference 'it'.
e: file:///C:/Users/danus/Documents/antigravity/emergent/app/src/main/java/com/posbah/app/ui/screens/bmp/bahanbaku/BmpB
ahanBakuViewModel.kt:65:25 Overload resolution ambiguity between candidates:
fun <T> Array<out T>.filter(predicate: (T) -> Boolean): List<T>
fun BooleanArray.filter(predicate: (Boolean) -> Boolean): List<Boolean>
fun ByteArray.filter(predicate: (Byte) -> Boolean): List<Byte>
fun CharArray.filter(predicate: (Char) -> Boolean): List<Char>
fun DoubleArray.filter(predicate: (Double) -> Boolean): List<Double>
fun FloatArray.filter(predicate: (Float) -> Boolean): List<Float>
fun IntArray.filter(predicate: (Int) -> Boolean): List<Int>
fun LongArray.filter(predicate: (Long) -> Boolean): List<Long>
fun ShortArray.filter(predicate: (Short) -> Boolean): List<Short>
fun <T> Iterable<T>.filter(predicate: (T) -> Boolean): List<T>
fun <K, V> Map<out K, V>.filter(predicate: (Map.Entry<K, V>) -> Boolean): Map<K, V>
fun UByteArray.filter(predicate: (UByte) -> Boolean): List<UByte>
fun UIntArray.filter(predicate: (UInt) -> Boolean): List<UInt>
fun ULongArray.filter(predicate: (ULong) -> Boolean): List<ULong>
fun UShortArray.filter(predicate: (UShort) -> Boolean): List<UShort>
fun <T> Sequence<T>.filter(predicate: (T) -> Boolean): Sequence<T>
fun CharSequence.filter(predicate: (Char) -> Boolean): CharSequence
fun String.filter(predicate: (Char) -> Boolean): String
e: file:///C:/Users/danus/Documents/antigravity/emergent/app/src/main/java/com/posbah/app/ui/screens/bmp/bahanbaku/BmpB
ahanBakuViewModel.kt:65:34 Unresolved reference 'it'.
e: file:///C:/Users/danus/Documents/antigravity/emergent/app/src/main/java/com/posbah/app/ui/screens/bmp/bahanbaku/BmpB
ahanBakuViewModel.kt:68:25 Overload resolution ambiguity between candidates:
fun <T> Array<out T>.filter(predicate: (T) -> Boolean): List<T>
fun BooleanArray.filter(predicate: (Boolean) -> Boolean): List<Boolean>
fun ByteArray.filter(predicate: (Byte) -> Boolean): List<Byte>
fun CharArray.filter(predicate: (Char) -> Boolean): List<Char>
fun DoubleArray.filter(predicate: (Double) -> Boolean): List<Double>
fun FloatArray.filter(predicate: (Float) -> Boolean): List<Float>
fun IntArray.filter(predicate: (Int) -> Boolean): List<Int>
fun LongArray.filter(predicate: (Long) -> Boolean): List<Long>
fun ShortArray.filter(predicate: (Short) -> Boolean): List<Short>
fun <T> Iterable<T>.filter(predicate: (T) -> Boolean): List<T>
fun <K, V> Map<out K, V>.filter(predicate: (Map.Entry<K, V>) -> Boolean): Map<K, V>
fun UByteArray.filter(predicate: (UByte) -> Boolean): List<UByte>
fun UIntArray.filter(predicate: (UInt) -> Boolean): List<UInt>
fun ULongArray.filter(predicate: (ULong) -> Boolean): List<ULong>
fun UShortArray.filter(predicate: (UShort) -> Boolean): List<UShort>
fun <T> Sequence<T>.filter(predicate: (T) -> Boolean): Sequence<T>
fun CharSequence.filter(predicate: (Char) -> Boolean): CharSequence
fun String.filter(predicate: (Char) -> Boolean): String
e: file:///C:/Users/danus/Documents/antigravity/emergent/app/src/main/java/com/posbah/app/ui/screens/bmp/bahanbaku/BmpB
ahanBakuViewModel.kt:68:34 Unresolved reference 'it'.
e: file:///C:/Users/danus/Documents/antigravity/emergent/app/src/main/java/com/posbah/app/ui/screens/bmp/bahanbaku/BmpB
ahanBakuViewModel.kt:68:50 Unresolved reference 'it'.
e: file:///C:/Users/danus/Documents/antigravity/emergent/app/src/main/java/com/posbah/app/ui/screens/bmp/bahanbaku/BmpB
ahanBakuViewModel.kt:68:61 'operator' modifier is required on 'FirNamedFunctionSymbol kotlin/compareTo' in 'compareTo'.
e: file:///C:/Users/danus/Documents/antigravity/emergent/app/src/main/java/com/posbah/app/ui/screens/bmp/bahanbaku/BmpB
ahanBakuViewModel.kt:71:25 Overload resolution ambiguity between candidates:
fun <T> Array<out T>.filter(predicate: (T) -> Boolean): List<T>
fun BooleanArray.filter(predicate: (Boolean) -> Boolean): List<Boolean>
fun ByteArray.filter(predicate: (Byte) -> Boolean): List<Byte>
fun CharArray.filter(predicate: (Char) -> Boolean): List<Char>
fun DoubleArray.filter(predicate: (Double) -> Boolean): List<Double>
fun FloatArray.filter(predicate: (Float) -> Boolean): List<Float>
fun IntArray.filter(predicate: (Int) -> Boolean): List<Int>
fun LongArray.filter(predicate: (Long) -> Boolean): List<Long>
fun ShortArray.filter(predicate: (Short) -> Boolean): List<Short>
fun <T> Iterable<T>.filter(predicate: (T) -> Boolean): List<T>
fun <K, V> Map<out K, V>.filter(predicate: (Map.Entry<K, V>) -> Boolean): Map<K, V>
fun UByteArray.filter(predicate: (UByte) -> Boolean): List<UByte>
fun UIntArray.filter(predicate: (UInt) -> Boolean): List<UInt>
fun ULongArray.filter(predicate: (ULong) -> Boolean): List<ULong>
fun UShortArray.filter(predicate: (UShort) -> Boolean): List<UShort>
fun <T> Sequence<T>.filter(predicate: (T) -> Boolean): Sequence<T>
fun CharSequence.filter(predicate: (Char) -> Boolean): CharSequence
fun String.filter(predicate: (Char) -> Boolean): String
e: file:///C:/Users/danus/Documents/antigravity/emergent/app/src/main/java/com/posbah/app/ui/screens/bmp/bahanbaku/BmpB
ahanBakuViewModel.kt:71:34 Unresolved reference 'it'.
e: file:///C:/Users/danus/Documents/antigravity/emergent/app/src/main/java/com/posbah/app/ui/screens/bmp/bahanbaku/BmpB
ahanBakuViewModel.kt:71:50 Unresolved reference 'it'.
e: file:///C:/Users/danus/Documents/antigravity/emergent/app/src/main/java/com/posbah/app/ui/screens/bmp/bahanbaku/BmpB
ahanBakuViewModel.kt:71:61 'operator' modifier is required on 'FirNamedFunctionSymbol kotlin/compareTo' in 'compareTo'.
e: file:///C:/Users/danus/Documents/antigravity/emergent/app/src/main/java/com/posbah/app/ui/screens/bmp/bahanbaku/BmpB
ahanBakuViewModel.kt:74:7 Cannot infer type for this parameter. Please specify it explicitly.
e: file:///C:/Users/danus/Documents/antigravity/emergent/app/src/main/java/com/posbah/app/ui/screens/bmp/bahanbaku/BmpB
ahanBakuViewModel.kt:74:7 Not enough information to infer type argument for 'T'.
e: file:///C:/Users/danus/Documents/antigravity/emergent/app/src/main/java/com/posbah/app/ui/screens/bmp/bahanbaku/BmpB
ahanBakuViewModel.kt:74:55 Cannot infer type for this parameter. Please specify it explicitly.
e: file:///C:/Users/danus/Documents/antigravity/emergent/app/src/main/java/com/posbah/app/ui/screens/bmp/bahanbaku/BmpB
ahanBakuViewModel.kt:74:55 Not enough information to infer type argument for 'T'.
e: file:///C:/Users/danus/Documents/antigravity/emergent/app/src/main/java/com/posbah/app/ui/screens/bmp/bahanbaku/BmpB
ahanBakuViewModel.kt:94:34 Argument type mismatch: actual type is 'android.content.Context', but 'kotlin.Long' was 
expected.
e: file:///C:/Users/danus/Documents/antigravity/emergent/app/src/main/java/com/posbah/app/ui/screens/bmp/bahanbaku/BmpB
ahanBakuViewModel.kt:94:43 Too many arguments for 'suspend fun delete(id: Long): OnlineWriteResult'.
e: file:///C:/Users/danus/Documents/antigravity/emergent/app/src/main/java/com/posbah/app/ui/screens/bmp/bahanbaku/BmpB
ahanBakuViewModel.kt:94:53 Too many arguments for 'suspend fun delete(id: Long): OnlineWriteResult'.
e: file:///C:/Users/danus/Documents/antigravity/emergent/app/src/main/java/com/posbah/app/ui/screens/bmp/bahanbaku/BmpB
ahanBakuViewModel.kt:105:27 Unresolved reference 'payDebt'.
e: file:///C:/Users/danus/Documents/antigravity/emergent/app/src/main/java/com/posbah/app/ui/screens/bmp/bahanbaku/BmpB
ahanBakuViewModel.kt:195:26 Unresolved reference 'getById'.
e: file:///C:/Users/danus/Documents/antigravity/emergent/app/src/main/java/com/posbah/app/ui/screens/bmp/bahanbaku/BmpB
ahanBakuViewModel.kt:197:38 Unresolved reference 'observeItems'.
e: file:///C:/Users/danus/Documents/antigravity/emergent/app/src/main/java/com/posbah/app/ui/screens/bmp/bahanbaku/BmpB
ahanBakuViewModel.kt:197:62 Cannot infer type for this parameter. Please specify it explicitly.
e: file:///C:/Users/danus/Documents/antigravity/emergent/app/src/main/java/com/posbah/app/ui/screens/bmp/bahanbaku/BmpB
ahanBakuViewModel.kt:198:57 Cannot infer type for this parameter. Please specify it explicitly.
e: file:///C:/Users/danus/Documents/antigravity/emergent/app/src/main/java/com/posbah/app/ui/screens/bmp/bahanbaku/BmpB
ahanBakuViewModel.kt:199:21 Overload resolution ambiguity between candidates:
fun <R, T> Result<T>.map(transform: (@ParameterName(...) T) -> R): Result<R>
    [R|Contract description]
     <
        CallsInPlace(transform, AT_MOST_ONCE)
    >
fun <T, R> Array<out T>.map(transform: (T) -> R): List<R>
fun <R> BooleanArray.map(transform: (Boolean) -> R): List<R>
fun <R> ByteArray.map(transform: (Byte) -> R): List<R>
fun <R> CharArray.map(transform: (Char) -> R): List<R>
fun <R> DoubleArray.map(transform: (Double) -> R): List<R>
fun <R> FloatArray.map(transform: (Float) -> R): List<R>
fun <R> IntArray.map(transform: (Int) -> R): List<R>
fun <R> LongArray.map(transform: (Long) -> R): List<R>
fun <R> ShortArray.map(transform: (Short) -> R): List<R>
fun <T, R> Iterable<T>.map(transform: (T) -> R): List<R>
fun <K, V, R> Map<out K, V>.map(transform: (Map.Entry<K, V>) -> R): List<R>
fun <R> UByteArray.map(transform: (UByte) -> R): List<R>
fun <R> UIntArray.map(transform: (UInt) -> R): List<R>
fun <R> ULongArray.map(transform: (ULong) -> R): List<R>
fun <R> UShortArray.map(transform: (UShort) -> R): List<R>
fun <T, R> Sequence<T>.map(transform: (T) -> R): Sequence<R>
fun <R> CharSequence.map(transform: (Char) -> R): List<R>
e: file:///C:/Users/danus/Documents/antigravity/emergent/app/src/main/java/com/posbah/app/ui/screens/bmp/bahanbaku/BmpB
ahanBakuViewModel.kt:199:27 Cannot infer type for this parameter. Please specify it explicitly.
e: file:///C:/Users/danus/Documents/antigravity/emergent/app/src/main/java/com/posbah/app/ui/screens/bmp/bahanbaku/BmpB
ahanBakuViewModel.kt:201:28 Unresolved reference 'id'.
e: file:///C:/Users/danus/Documents/antigravity/emergent/app/src/main/java/com/posbah/app/ui/screens/bmp/bahanbaku/BmpB
ahanBakuViewModel.kt:202:36 Unresolved reference 'jenisBahan'.
e: file:///C:/Users/danus/Documents/antigravity/emergent/app/src/main/java/com/posbah/app/ui/screens/bmp/bahanbaku/BmpB
ahanBakuViewModel.kt:203:35 Unresolved reference 'kuantitas'.
e: file:///C:/Users/danus/Documents/antigravity/emergent/app/src/main/java/com/posbah/app/ui/screens/bmp/bahanbaku/BmpB
ahanBakuViewModel.kt:203:60 Unresolved reference 'stripTrailingZeros'.
e: file:///C:/Users/danus/Documents/antigravity/emergent/app/src/main/java/com/posbah/app/ui/screens/bmp/bahanbaku/BmpB
ahanBakuViewModel.kt:204:30 Unresolved reference 'unit'.
e: file:///C:/Users/danus/Documents/antigravity/emergent/app/src/main/java/com/posbah/app/ui/screens/bmp/bahanbaku/BmpB
ahanBakuViewModel.kt:205:30 Unresolved reference 'rate'.
e: file:///C:/Users/danus/Documents/antigravity/emergent/app/src/main/java/com/posbah/app/ui/screens/bmp/bahanbaku/BmpB
ahanBakuViewModel.kt:205:50 Unresolved reference 'stripTrailingZeros'.
e: file:///C:/Users/danus/Documents/antigravity/emergent/app/src/main/java/com/posbah/app/ui/screens/bmp/bahanbaku/BmpB
ahanBakuViewModel.kt:211:29 Argument type mismatch: actual type is 'kotlin.sequences.Sequence<T>', but 
'kotlin.collections.List<com.posbah.app.ui.screens.bmp.bahanbaku.BahanBakuItemDraft>' was expected.
e: file:///C:/Users/danus/Documents/antigravity/emergent/app/src/main/java/com/posbah/app/ui/screens/bmp/bahanbaku/BmpB
ahanBakuViewModel.kt:211:43 Cannot infer type for this parameter. Please specify it explicitly.
e: file:///C:/Users/danus/Documents/antigravity/emergent/app/src/main/java/com/posbah/app/ui/screens/bmp/bahanbaku/BmpB
ahanBakuViewModel.kt:211:53 Argument type mismatch: actual type is 
'kotlin.collections.List<com.posbah.app.ui.screens.bmp.bahanbaku.BahanBakuItemDraft>', but 
'kotlin.sequences.Sequence<T>' was expected.
e: file:///C:/Users/danus/Documents/antigravity/emergent/app/src/main/java/com/posbah/app/ui/screens/bmp/bahanbaku/BmpB
ahanBakuViewModel.kt:352:42 Unresolved reference 'getByTagihan'.
e: file:///C:/Users/danus/Documents/antigravity/emergent/app/src/main/java/com/posbah/app/ui/screens/bmp/bahanbaku/BmpB
ahanBakuViewModel.kt:354:49 Unresolved reference 'copy'.
e: file:///C:/Users/danus/Documents/antigravity/emergent/app/src/main/java/com/posbah/app/ui/screens/bmp/bahanbaku/BmpB
ahanBakuViewModel.kt:360:34 Unresolved reference 'updateHeaderOnly'.
e: file:///C:/Users/danus/Documents/antigravity/emergent/app/src/main/java/com/posbah/app/ui/screens/bmp/bahanbaku/BmpB
ahanBakuViewModel.kt:410:30 Function 'component1()' is ambiguous for this expression: 
fun <T> Array<out T>.component1(): T
fun BooleanArray.component1(): Boolean
fun ByteArray.component1(): Byte
fun CharArray.component1(): Char
fun DoubleArray.component1(): Double
fun FloatArray.component1(): Float
fun IntArray.component1(): Int
fun LongArray.component1(): Long
fun ShortArray.component1(): Short
fun <T> List<T>.component1(): T
fun <K, V> Map.Entry<K, V>.component1(): K
fun UByteArray.component1(): UByte
fun UIntArray.component1(): UInt
fun ULongArray.component1(): ULong
fun UShortArray.component1(): UShort.
e: file:///C:/Users/danus/Documents/antigravity/emergent/app/src/main/java/com/posbah/app/ui/screens/bmp/bahanbaku/BmpB
ahanBakuViewModel.kt:410:30 Function 'component2()' is ambiguous for this expression: 
fun <T> Array<out T>.component2(): T
fun BooleanArray.component2(): Boolean
fun ByteArray.component2(): Byte
fun CharArray.component2(): Char
fun DoubleArray.component2(): Double
fun FloatArray.component2(): Float
fun IntArray.component2(): Int
fun LongArray.component2(): Long
fun ShortArray.component2(): Short
fun <T> List<T>.component2(): T
fun <K, V> Map.Entry<K, V>.component2(): V
fun UByteArray.component2(): UByte
fun UIntArray.component2(): UInt
fun ULongArray.component2(): ULong
fun UShortArray.component2(): UShort.
e: file:///C:/Users/danus/Documents/antigravity/emergent/app/src/main/java/com/posbah/app/ui/screens/bmp/bahanbaku/BmpB
ahanBakuViewModel.kt:410:35 Unresolved reference 'save'.
e: file:///C:/Users/danus/Documents/antigravity/emergent/app/src/main/java/com/posbah/app/ui/screens/bmp/bahanbaku/BmpB
ahanBakuViewModel.kt:413:29 Argument type mismatch: actual type is 'android.content.Context', but 
'com.posbah.app.data.repository.BmpBahanBakuData' was expected.
e: file:///C:/Users/danus/Documents/antigravity/emergent/app/src/main/java/com/posbah/app/ui/screens/bmp/bahanbaku/BmpB
ahanBakuViewModel.kt:413:38 Too many arguments for 'suspend fun update(bahanBaku: BmpBahanBakuData): 
OnlineWriteResult'.
e: file:///C:/Users/danus/Documents/antigravity/emergent/app/src/main/java/com/posbah/app/ui/screens/bmp/bahanbaku/BmpB
ahanBakuViewModel.kt:413:55 Too many arguments for 'suspend fun update(bahanBaku: BmpBahanBakuData): 
OnlineWriteResult'.
e: file:///C:/Users/danus/Documents/antigravity/emergent/app/src/main/java/com/posbah/app/ui/screens/bmp/bahanbaku/BmpB
ahanBakuViewModel.kt:413:68 Too many arguments for 'suspend fun update(bahanBaku: BmpBahanBakuData): 
OnlineWriteResult'.
e: file:///C:/Users/danus/Documents/antigravity/emergent/app/src/main/java/com/posbah/app/ui/screens/bmp/cashflow/CashF
lowScreen.kt:68:22 Unresolved reference 'observe'.
e: file:///C:/Users/danus/Documents/antigravity/emergent/app/src/main/java/com/posbah/app/ui/screens/bmp/cashflow/CashF
lowScreen.kt:68:40 Cannot infer type for this parameter. Please specify it explicitly.
e: file:///C:/Users/danus/Documents/antigravity/emergent/app/src/main/java/com/posbah/app/ui/screens/bmp/cashflow/CashF
lowScreen.kt:68:88 Cannot infer type for this parameter. Please specify it explicitly.
e: file:///C:/Users/danus/Documents/antigravity/emergent/app/src/main/java/com/posbah/app/ui/screens/bmp/cashflow/CashF
lowScreen.kt:69:24 Unresolved reference 'totalIn'.
e: file:///C:/Users/danus/Documents/antigravity/emergent/app/src/main/java/com/posbah/app/ui/screens/bmp/cashflow/CashF
lowScreen.kt:70:25 Unresolved reference 'totalOut'.
e: file:///C:/Users/danus/Documents/antigravity/emergent/app/src/main/java/com/posbah/app/ui/screens/bmp/cashflow/CashF
lowScreen.kt:74:14 Unresolved reference 'insert'.
e: file:///C:/Users/danus/Documents/antigravity/emergent/app/src/main/java/com/posbah/app/ui/screens/bmp/cashflow/CashF
lowScreen.kt:96:18 Cannot infer type for this parameter. Please specify it explicitly.
e: file:///C:/Users/danus/Documents/antigravity/emergent/app/src/main/java/com/posbah/app/ui/screens/bmp/cashflow/CashF
lowScreen.kt:96:18 Property delegate must have a 'getValue(Nothing?, KProperty0<ERROR CLASS: Cannot infer argument for 
type parameter T>)' method. None of the following functions is applicable:
fun <T> State<T>.getValue(thisObj: Any?, property: KProperty<*>): T
e: file:///C:/Users/danus/Documents/antigravity/emergent/app/src/main/java/com/posbah/app/ui/screens/bmp/cashflow/CashF
lowScreen.kt:96:18 Not enough information to infer type argument for 'T'.
e: file:///C:/Users/danus/Documents/antigravity/emergent/app/src/main/java/com/posbah/app/ui/screens/bmp/cashflow/CashF
lowScreen.kt:96:34 Cannot infer type for this parameter. Please specify it explicitly.
e: file:///C:/Users/danus/Documents/antigravity/emergent/app/src/main/java/com/posbah/app/ui/screens/bmp/cashflow/CashF
lowScreen.kt:96:34 Not enough information to infer type argument for 'T'.
e: file:///C:/Users/danus/Documents/antigravity/emergent/app/src/main/java/com/posbah/app/ui/screens/bmp/cashflow/CashF
lowScreen.kt:140:37 Unresolved reference 'id'.
e: file:///C:/Users/danus/Documents/antigravity/emergent/app/src/main/java/com/posbah/app/ui/screens/bmp/cashflow/CashF
lowScreen.kt:144:78 Unresolved reference 'id'.
e: file:///C:/Users/danus/Documents/antigravity/emergent/app/src/main/java/com/posbah/app/ui/screens/bmp/cashflow/CashF
lowScreen.kt:148:36 Unresolved reference 'description'.
e: file:///C:/Users/danus/Documents/antigravity/emergent/app/src/main/java/com/posbah/app/ui/screens/bmp/cashflow/CashF
lowScreen.kt:150:55 Unresolved reference 'transactionDate'.
e: file:///C:/Users/danus/Documents/antigravity/emergent/app/src/main/java/com/posbah/app/ui/screens/bmp/cashflow/CashF
lowScreen.kt:156:36 Unresolved reference 'transactionType'.
e: file:///C:/Users/danus/Documents/antigravity/emergent/app/src/main/java/com/posbah/app/ui/screens/bmp/cashflow/CashF
lowScreen.kt:156:102 Unresolved reference 'amount'.
e: file:///C:/Users/danus/Documents/antigravity/emergent/app/src/main/java/com/posbah/app/ui/screens/bmp/cashflow/CashF
lowScreen.kt:158:43 Unresolved reference 'transactionType'.
e: file:///C:/Users/danus/Documents/antigravity/emergent/app/src/main/java/com/posbah/app/ui/screens/bmp/clients/Client
sScreen.kt:65:20 Cannot infer type for this parameter. Please specify it explicitly.
e: file:///C:/Users/danus/Documents/antigravity/emergent/app/src/main/java/com/posbah/app/ui/screens/bmp/clients/Client
sScreen.kt:65:20 Property delegate must have a 'getValue(Nothing?, KProperty0<ERROR CLASS: Cannot infer argument for 
type parameter T>)' method. None of the following functions is applicable:
fun <T> State<T>.getValue(thisObj: Any?, property: KProperty<*>): T
e: file:///C:/Users/danus/Documents/antigravity/emergent/app/src/main/java/com/posbah/app/ui/screens/bmp/clients/Client
sScreen.kt:65:20 Not enough information to infer type argument for 'T'.
e: file:///C:/Users/danus/Documents/antigravity/emergent/app/src/main/java/com/posbah/app/ui/screens/bmp/clients/Client
sScreen.kt:65:38 Cannot infer type for this parameter. Please specify it explicitly.
e: file:///C:/Users/danus/Documents/antigravity/emergent/app/src/main/java/com/posbah/app/ui/screens/bmp/clients/Client
sScreen.kt:65:38 Not enough information to infer type argument for 'T'.
e: file:///C:/Users/danus/Documents/antigravity/emergent/app/src/main/java/com/posbah/app/ui/screens/bmp/clients/Client
sScreen.kt:108:25 Overload resolution ambiguity between candidates:
fun <T> Array<out T>.isEmpty(): Boolean
fun BooleanArray.isEmpty(): Boolean
fun ByteArray.isEmpty(): Boolean
fun CharArray.isEmpty(): Boolean
fun DoubleArray.isEmpty(): Boolean
fun FloatArray.isEmpty(): Boolean
fun IntArray.isEmpty(): Boolean
fun LongArray.isEmpty(): Boolean
fun ShortArray.isEmpty(): Boolean
fun CharSequence.isEmpty(): Boolean
e: file:///C:/Users/danus/Documents/antigravity/emergent/app/src/main/java/com/posbah/app/ui/screens/bmp/clients/Client
sScreen.kt:120:47 Unresolved reference 'id'.
e: file:///C:/Users/danus/Documents/antigravity/emergent/app/src/main/java/com/posbah/app/ui/screens/bmp/clients/Client
sScreen.kt:122:38 Argument type mismatch: actual type is 'kotlin.Int', but 
'com.posbah.app.data.local.entities.BmpClientEntity' was expected.
e: file:///C:/Users/danus/Documents/antigravity/emergent/app/src/main/java/com/posbah/app/ui/screens/bmp/clients/Client
sScreen.kt:123:55 Unresolved reference 'id'.
e: file:///C:/Users/danus/Documents/antigravity/emergent/app/src/main/java/com/posbah/app/ui/screens/bmp/clients/Client
sScreen.kt:124:66 Unresolved reference 'id'.
e: file:///C:/Users/danus/Documents/antigravity/emergent/app/src/main/java/com/posbah/app/ui/screens/bmp/clients/Client
sScreen.kt:125:76 Unresolved reference 'id'.
e: file:///C:/Users/danus/Documents/antigravity/emergent/app/src/main/java/com/posbah/app/ui/screens/bmp/clients/Client
sScreen.kt:136:30 Overload resolution ambiguity between candidates:
fun <T> Array<out T>.find(predicate: (T) -> Boolean): T?
fun BooleanArray.find(predicate: (Boolean) -> Boolean): Boolean?
fun ByteArray.find(predicate: (Byte) -> Boolean): Byte?
fun CharArray.find(predicate: (Char) -> Boolean): Char?
fun DoubleArray.find(predicate: (Double) -> Boolean): Double?
fun FloatArray.find(predicate: (Float) -> Boolean): Float?
fun IntArray.find(predicate: (Int) -> Boolean): Int?
fun LongArray.find(predicate: (Long) -> Boolean): Long?
fun ShortArray.find(predicate: (Short) -> Boolean): Short?
fun <T> Iterable<T>.find(predicate: (T) -> Boolean): T?
fun UByteArray.find(predicate: (UByte) -> Boolean): UByte?
fun UIntArray.find(predicate: (UInt) -> Boolean): UInt?
fun ULongArray.find(predicate: (ULong) -> Boolean): ULong?
fun UShortArray.find(predicate: (UShort) -> Boolean): UShort?
fun <T> Sequence<T>.find(predicate: (T) -> Boolean): T?
fun CharSequence.find(predicate: (Char) -> Boolean): Char?
e: file:///C:/Users/danus/Documents/antigravity/emergent/app/src/main/java/com/posbah/app/ui/screens/bmp/clients/Client
sScreen.kt:136:37 Unresolved reference 'it'.
e: file:///C:/Users/danus/Documents/antigravity/emergent/app/src/main/java/com/posbah/app/ui/screens/bmp/clients/Client
sScreen.kt:150:29 Cannot infer type for this parameter. Please specify it explicitly.
e: file:///C:/Users/danus/Documents/antigravity/emergent/app/src/main/java/com/posbah/app/ui/screens/bmp/clients/Client
sScreen.kt:150:29 Unresolved reference. None of the following candidates is applicable because of a receiver type 
mismatch:
fun <T, R> T.let(block: (T) -> R): R
    [R|Contract description]
     <
        CallsInPlace(block, EXACTLY_ONCE)
    >
e: file:///C:/Users/danus/Documents/antigravity/emergent/app/src/main/java/com/posbah/app/ui/screens/bmp/clients/Client
sScreen.kt:150:33 Cannot infer type for this parameter. Please specify it explicitly.
e: file:///C:/Users/danus/Documents/antigravity/emergent/app/src/main/java/com/posbah/app/ui/screens/bmp/clients/Client
sScreen.kt:152:32 Unresolved reference 'clientName'.
e: file:///C:/Users/danus/Documents/antigravity/emergent/app/src/main/java/com/posbah/app/ui/screens/bmp/clients/Client
sScreen.kt:153:51 @Composable invocations can only happen from the context of a @Composable function
e: file:///C:/Users/danus/Documents/antigravity/emergent/app/src/main/java/com/posbah/app/ui/screens/bmp/clients/Client
sScreen.kt:154:51 @Composable invocations can only happen from the context of a @Composable function
e: file:///C:/Users/danus/Documents/antigravity/emergent/app/src/main/java/com/posbah/app/ui/screens/bmp/clients/Client
sScreen.kt:162:34 Unresolved reference 'saldoTitipan'.
e: file:///C:/Users/danus/Documents/antigravity/emergent/app/src/main/java/com/posbah/app/ui/screens/bmp/clients/Client
sScreen.kt:169:81 Unresolved reference 'saldoTitipan'.
e: file:///C:/Users/danus/Documents/antigravity/emergent/app/src/main/java/com/posbah/app/ui/screens/bmp/clients/Client
sViewModel.kt:46:10 Cannot infer type for this parameter. Please specify it explicitly.
e: file:///C:/Users/danus/Documents/antigravity/emergent/app/src/main/java/com/posbah/app/ui/screens/bmp/clients/Client
sViewModel.kt:46:10 Not enough information to infer type argument for 'R'.
e: file:///C:/Users/danus/Documents/antigravity/emergent/app/src/main/java/com/posbah/app/ui/screens/bmp/clients/Client
sViewModel.kt:47:13 Not enough information to infer type argument for 'K'.
e: file:///C:/Users/danus/Documents/antigravity/emergent/app/src/main/java/com/posbah/app/ui/screens/bmp/clients/Client
sViewModel.kt:47:35 Unresolved reference 'observe'.
e: file:///C:/Users/danus/Documents/antigravity/emergent/app/src/main/java/com/posbah/app/ui/screens/bmp/clients/Client
sViewModel.kt:47:63 Unresolved reference 'search'.
e: file:///C:/Users/danus/Documents/antigravity/emergent/app/src/main/java/com/posbah/app/ui/screens/bmp/clients/Client
sViewModel.kt:49:10 Cannot infer type for this parameter. Please specify it explicitly.
e: file:///C:/Users/danus/Documents/antigravity/emergent/app/src/main/java/com/posbah/app/ui/screens/bmp/clients/Client
sViewModel.kt:49:10 Not enough information to infer type argument for 'T'.
e: file:///C:/Users/danus/Documents/antigravity/emergent/app/src/main/java/com/posbah/app/ui/screens/bmp/clients/Client
sViewModel.kt:49:58 Cannot infer type for this parameter. Please specify it explicitly.
e: file:///C:/Users/danus/Documents/antigravity/emergent/app/src/main/java/com/posbah/app/ui/screens/bmp/clients/Client
sViewModel.kt:49:58 Not enough information to infer type argument for 'T'.
e: file:///C:/Users/danus/Documents/antigravity/emergent/app/src/main/java/com/posbah/app/ui/screens/bmp/clients/Client
sViewModel.kt:62:38 Argument type mismatch: actual type is 'android.content.Context', but 'kotlin.Long' was expected.
e: file:///C:/Users/danus/Documents/antigravity/emergent/app/src/main/java/com/posbah/app/ui/screens/bmp/clients/Client
sViewModel.kt:62:47 Argument type mismatch: actual type is 'kotlin.String', but 
'com.posbah.app.data.repository.BmpCashFlowRepository' was expected.
e: file:///C:/Users/danus/Documents/antigravity/emergent/app/src/main/java/com/posbah/app/ui/screens/bmp/clients/Client
sViewModel.kt:62:57 Too many arguments for 'suspend fun delete(id: Long, cashflowRepo: BmpCashFlowRepository): 
OnlineWriteResult'.
e: file:///C:/Users/danus/Documents/antigravity/emergent/app/src/main/java/com/posbah/app/ui/screens/bmp/clients/Client
sViewModel.kt:90:29 Unresolved reference 'payMassal'.
e: file:///C:/Users/danus/Documents/antigravity/emergent/app/src/main/java/com/posbah/app/ui/screens/bmp/clients/Client
sViewModel.kt:135:58 Assignment type mismatch: actual type is 'com.posbah.app.data.repository.BmpClientData', but 
'com.posbah.app.data.local.entities.BmpClientEntity' was expected.
e: file:///C:/Users/danus/Documents/antigravity/emergent/app/src/main/java/com/posbah/app/ui/screens/bmp/clients/Client
sViewModel.kt:150:38 Argument type mismatch: actual type is 'android.content.Context', but 
'com.posbah.app.data.repository.BmpClientData' was expected.
e: file:///C:/Users/danus/Documents/antigravity/emergent/app/src/main/java/com/posbah/app/ui/screens/bmp/clients/Client
sViewModel.kt:150:47 Too many arguments for 'suspend fun upsert(client: BmpClientData): OnlineWriteResult'.
e: file:///C:/Users/danus/Documents/antigravity/emergent/app/src/main/java/com/posbah/app/ui/screens/bmp/dashboard/BmpD
ashboardViewModel.kt:74:46 Unresolved reference 'observe'.
e: file:///C:/Users/danus/Documents/antigravity/emergent/app/src/main/java/com/posbah/app/ui/screens/bmp/dashboard/BmpD
ashboardViewModel.kt:74:64 Cannot infer type for this parameter. Please specify it explicitly.
e: file:///C:/Users/danus/Documents/antigravity/emergent/app/src/main/java/com/posbah/app/ui/screens/bmp/dashboard/BmpD
ashboardViewModel.kt:75:30 Overload resolution ambiguity between candidates:
fun <T> Array<out T>.isEmpty(): Boolean
fun BooleanArray.isEmpty(): Boolean
fun ByteArray.isEmpty(): Boolean
fun CharArray.isEmpty(): Boolean
fun DoubleArray.isEmpty(): Boolean
fun FloatArray.isEmpty(): Boolean
fun IntArray.isEmpty(): Boolean
fun LongArray.isEmpty(): Boolean
fun ShortArray.isEmpty(): Boolean
fun CharSequence.isEmpty(): Boolean
e: file:///C:/Users/danus/Documents/antigravity/emergent/app/src/main/java/com/posbah/app/ui/screens/bmp/dashboard/BmpD
ashboardViewModel.kt:83:17 Cannot infer type for this parameter. Please specify it explicitly.
e: file:///C:/Users/danus/Documents/antigravity/emergent/app/src/main/java/com/posbah/app/ui/screens/bmp/dashboard/BmpD
ashboardViewModel.kt:83:17 Not enough information to infer type argument for 'T1'.
e: file:///C:/Users/danus/Documents/antigravity/emergent/app/src/main/java/com/posbah/app/ui/screens/bmp/dashboard/BmpD
ashboardViewModel.kt:83:17 Not enough information to infer type argument for 'T2'.
e: file:///C:/Users/danus/Documents/antigravity/emergent/app/src/main/java/com/posbah/app/ui/screens/bmp/dashboard/BmpD
ashboardViewModel.kt:83:17 Not enough information to infer type argument for 'R'.
e: file:///C:/Users/danus/Documents/antigravity/emergent/app/src/main/java/com/posbah/app/ui/screens/bmp/dashboard/BmpD
ashboardViewModel.kt:84:32 Unresolved reference 'count'.
e: file:///C:/Users/danus/Documents/antigravity/emergent/app/src/main/java/com/posbah/app/ui/screens/bmp/dashboard/BmpD
ashboardViewModel.kt:85:33 Unresolved reference 'observe'.
e: file:///C:/Users/danus/Documents/antigravity/emergent/app/src/main/java/com/posbah/app/ui/screens/bmp/dashboard/BmpD
ashboardViewModel.kt:86:21 Cannot infer type for this parameter. Please specify it explicitly.
e: file:///C:/Users/danus/Documents/antigravity/emergent/app/src/main/java/com/posbah/app/ui/screens/bmp/dashboard/BmpD
ashboardViewModel.kt:86:25 Cannot infer type for this parameter. Please specify it explicitly.
e: file:///C:/Users/danus/Documents/antigravity/emergent/app/src/main/java/com/posbah/app/ui/screens/bmp/dashboard/BmpD
ashboardViewModel.kt:87:53 Overload resolution ambiguity between candidates:
fun <T> Array<out T>.filter(predicate: (T) -> Boolean): List<T>
fun BooleanArray.filter(predicate: (Boolean) -> Boolean): List<Boolean>
fun ByteArray.filter(predicate: (Byte) -> Boolean): List<Byte>
fun CharArray.filter(predicate: (Char) -> Boolean): List<Char>
fun DoubleArray.filter(predicate: (Double) -> Boolean): List<Double>
fun FloatArray.filter(predicate: (Float) -> Boolean): List<Float>
fun IntArray.filter(predicate: (Int) -> Boolean): List<Int>
fun LongArray.filter(predicate: (Long) -> Boolean): List<Long>
fun ShortArray.filter(predicate: (Short) -> Boolean): List<Short>
fun <T> Iterable<T>.filter(predicate: (T) -> Boolean): List<T>
fun <K, V> Map<out K, V>.filter(predicate: (Map.Entry<K, V>) -> Boolean): Map<K, V>
fun UByteArray.filter(predicate: (UByte) -> Boolean): List<UByte>
fun UIntArray.filter(predicate: (UInt) -> Boolean): List<UInt>
fun ULongArray.filter(predicate: (ULong) -> Boolean): List<ULong>
fun UShortArray.filter(predicate: (UShort) -> Boolean): List<UShort>
fun <T> Sequence<T>.filter(predicate: (T) -> Boolean): Sequence<T>
fun CharSequence.filter(predicate: (Char) -> Boolean): CharSequence
fun String.filter(predicate: (Char) -> Boolean): String
e: file:///C:/Users/danus/Documents/antigravity/emergent/app/src/main/java/com/posbah/app/ui/screens/bmp/dashboard/BmpD
ashboardViewModel.kt:87:62 Unresolved reference 'it'.
e: file:///C:/Users/danus/Documents/antigravity/emergent/app/src/main/java/com/posbah/app/ui/screens/bmp/dashboard/BmpD
ashboardViewModel.kt:89:42 Overload resolution ambiguity between candidates:
fun <T> Array<out T>.sumOf(selector: (T) -> BigDecimal): BigDecimal
fun <T> Array<out T>.sumOf(selector: (T) -> BigInteger): BigInteger
fun BooleanArray.sumOf(selector: (Boolean) -> BigDecimal): BigDecimal
fun BooleanArray.sumOf(selector: (Boolean) -> BigInteger): BigInteger
fun ByteArray.sumOf(selector: (Byte) -> BigDecimal): BigDecimal
fun ByteArray.sumOf(selector: (Byte) -> BigInteger): BigInteger
fun CharArray.sumOf(selector: (Char) -> BigDecimal): BigDecimal
fun CharArray.sumOf(selector: (Char) -> BigInteger): BigInteger
fun DoubleArray.sumOf(selector: (Double) -> BigDecimal): BigDecimal
fun DoubleArray.sumOf(selector: (Double) -> BigInteger): BigInteger
fun FloatArray.sumOf(selector: (Float) -> BigDecimal): BigDecimal
fun FloatArray.sumOf(selector: (Float) -> BigInteger): BigInteger
fun IntArray.sumOf(selector: (Int) -> BigDecimal): BigDecimal
fun IntArray.sumOf(selector: (Int) -> BigInteger): BigInteger
fun LongArray.sumOf(selector: (Long) -> BigDecimal): BigDecimal
fun LongArray.sumOf(selector: (Long) -> BigInteger): BigInteger
fun ShortArray.sumOf(selector: (Short) -> BigDecimal): BigDecimal
fun ShortArray.sumOf(selector: (Short) -> BigInteger): BigInteger
fun <T> Array<out T>.sumOf(selector: (T) -> Double): Double
fun <T> Array<out T>.sumOf(selector: (T) -> Int): Int
fun <T> Array<out T>.sumOf(selector: (T) -> Long): Long
fun <T> Array<out T>.sumOf(selector: (T) -> UInt): UInt
fun <T> Array<out T>.sumOf(selector: (T) -> ULong): ULong
fun BooleanArray.sumOf(selector: (Boolean) -> Double): Double
fun BooleanArray.sumOf(selector: (Boolean) -> Int): Int
fun BooleanArray.sumOf(selector: (Boolean) -> Long): Long
fun BooleanArray.sumOf(selector: (Boolean) -> UInt): UInt
fun BooleanArray.sumOf(selector: (Boolean) -> ULong): ULong
fun ByteArray.sumOf(selector: (Byte) -> Double): Double
fun ByteArray.sumOf(selector: (Byte) -> Int): Int
fun ByteArray.sumOf(selector: (Byte) -> Long): Long
fun ByteArray.sumOf(selector: (Byte) -> UInt): UInt
fun ByteArray.sumOf(selector: (Byte) -> ULong): ULong
fun CharArray.sumOf(selector: (Char) -> Double): Double
fun CharArray.sumOf(selector: (Char) -> Int): Int
fun CharArray.sumOf(selector: (Char) -> Long): Long
fun CharArray.sumOf(selector: (Char) -> UInt): UInt
fun CharArray.sumOf(selector: (Char) -> ULong): ULong
fun DoubleArray.sumOf(selector: (Double) -> Double): Double
fun DoubleArray.sumOf(selector: (Double) -> Int): Int
fun DoubleArray.sumOf(selector: (Double) -> Long): Long
fun DoubleArray.sumOf(selector: (Double) -> UInt): UInt
fun DoubleArray.sumOf(selector: (Double) -> ULong): ULong
fun FloatArray.sumOf(selector: (Float) -> Double): Double
fun FloatArray.sumOf(selector: (Float) -> Int): Int
fun FloatArray.sumOf(selector: (Float) -> Long): Long
fun FloatArray.sumOf(selector: (Float) -> UInt): UInt
fun FloatArray.sumOf(selector: (Float) -> ULong): ULong
fun IntArray.sumOf(selector: (Int) -> Double): Double
fun IntArray.sumOf(selector: (Int) -> Int): Int
fun IntArray.sumOf(selector: (Int) -> Long): Long
fun IntArray.sumOf(selector: (Int) -> UInt): UInt
fun IntArray.sumOf(selector: (Int) -> ULong): ULong
fun LongArray.sumOf(selector: (Long) -> Double): Double
fun LongArray.sumOf(selector: (Long) -> Int): Int
fun LongArray.sumOf(selector: (Long) -> Long): Long
fun LongArray.sumOf(selector: (Long) -> UInt): UInt
fun LongArray.sumOf(selector: (Long) -> ULong): ULong
fun ShortArray.sumOf(selector: (Short) -> Double): Double
fun ShortArray.sumOf(selector: (Short) -> Int): Int
fun ShortArray.sumOf(selector: (Short) -> Long): Long
fun ShortArray.sumOf(selector: (Short) -> UInt): UInt
fun ShortArray.sumOf(selector: (Short) -> ULong): ULong
fun <T> Iterable<T>.sumOf(selector: (T) -> BigDecimal): BigDecimal
fun <T> Iterable<T>.sumOf(selector: (T) -> BigInteger): BigInteger
fun <T> Iterable<T>.sumOf(selector: (T) -> Double): Double
fun <T> Iterable<T>.sumOf(selector: (T) -> Int): Int
fun <T> Iterable<T>.sumOf(selector: (T) -> Long): Long
fun <T> Iterable<T>.sumOf(selector: (T) -> UInt): UInt
fun <T> Iterable<T>.sumOf(selector: (T) -> ULong): ULong
fun UByteArray.sumOf(selector: (UByte) -> BigDecimal): BigDecimal
fun UByteArray.sumOf(selector: (UByte) -> BigInteger): BigInteger
fun UIntArray.sumOf(selector: (UInt) -> BigDecimal): BigDecimal
fun UIntArray.sumOf(selector: (UInt) -> BigInteger): BigInteger
fun ULongArray.sumOf(selector: (ULong) -> BigDecimal): BigDecimal
fun ULongArray.sumOf(selector: (ULong) -> BigInteger): BigInteger
fun UShortArray.sumOf(selector: (UShort) -> BigDecimal): BigDecimal
fun UShortArray.sumOf(selector: (UShort) -> BigInteger): BigInteger
fun UByteArray.sumOf(selector: (UByte) -> Double): Double
fun UByteArray.sumOf(selector: (UByte) -> Int): Int
fun UByteArray.sumOf(selector: (UByte) -> Long): Long
fun UByteArray.sumOf(selector: (UByte) -> UInt): UInt
fun UByteArray.sumOf(selector: (UByte) -> ULong): ULong
fun UIntArray.sumOf(selector: (UInt) -> Double): Double
fun UIntArray.sumOf(selector: (UInt) -> Int): Int
fun UIntArray.sumOf(selector: (UInt) -> Long): Long
fun UIntArray.sumOf(selector: (UInt) -> UInt): UInt
fun UIntArray.sumOf(selector: (UInt) -> ULong): ULong
fun ULongArray.sumOf(selector: (ULong) -> Double): Double
fun ULongArray.sumOf(selector: (ULong) -> Int): Int
fun ULongArray.sumOf(selector: (ULong) -> Long): Long
fun ULongArray.sumOf(selector: (ULong) -> UInt): UInt
fun ULongArray.sumOf(selector: (ULong) -> ULong): ULong
fun UShortArray.sumOf(selector: (UShort) -> Double): Double
fun UShortArray.sumOf(selector: (UShort) -> Int): Int
fun UShortArray.sumOf(selector: (UShort) -> Long): Long
fun UShortArray.sumOf(selector: (UShort) -> UInt): UInt
fun UShortArray.sumOf(selector: (UShort) -> ULong): ULong
fun <T> Sequence<T>.sumOf(selector: (T) -> BigDecimal): BigDecimal
fun <T> Sequence<T>.sumOf(selector: (T) -> BigInteger): BigInteger
fun <T> Sequence<T>.sumOf(selector: (T) -> Double): Double
fun <T> Sequence<T>.sumOf(selector: (T) -> Int): Int
fun <T> Sequence<T>.sumOf(selector: (T) -> Long): Long
fun <T> Sequence<T>.sumOf(selector: (T) -> UInt): UInt
fun <T> Sequence<T>.sumOf(selector: (T) -> ULong): ULong
fun CharSequence.sumOf(selector: (Char) -> BigDecimal): BigDecimal
fun CharSequence.sumOf(selector: (Char) -> BigInteger): BigInteger
fun CharSequence.sumOf(selector: (Char) -> Double): Double
fun CharSequence.sumOf(selector: (Char) -> Int): Int
fun CharSequence.sumOf(selector: (Char) -> Long): Long
fun CharSequence.sumOf(selector: (Char) -> UInt): UInt
fun CharSequence.sumOf(selector: (Char) -> ULong): ULong
e: file:///C:/Users/danus/Documents/antigravity/emergent/app/src/main/java/com/posbah/app/ui/screens/bmp/dashboard/BmpD
ashboardViewModel.kt:89:48 Unresolved reference 'totalAmount'.
e: file:///C:/Users/danus/Documents/antigravity/emergent/app/src/main/java/com/posbah/app/ui/screens/bmp/dashboard/BmpD
ashboardViewModel.kt:89:50 Unresolved reference 'it'.
e: file:///C:/Users/danus/Documents/antigravity/emergent/app/src/main/java/com/posbah/app/ui/screens/bmp/dashboard/BmpD
ashboardViewModel.kt:91:34 Overload resolution ambiguity between candidates:
fun <T> Array<out T>.sumOf(selector: (T) -> BigDecimal): BigDecimal
fun <T> Array<out T>.sumOf(selector: (T) -> BigInteger): BigInteger
fun BooleanArray.sumOf(selector: (Boolean) -> BigDecimal): BigDecimal
fun BooleanArray.sumOf(selector: (Boolean) -> BigInteger): BigInteger
fun ByteArray.sumOf(selector: (Byte) -> BigDecimal): BigDecimal
fun ByteArray.sumOf(selector: (Byte) -> BigInteger): BigInteger
fun CharArray.sumOf(selector: (Char) -> BigDecimal): BigDecimal
fun CharArray.sumOf(selector: (Char) -> BigInteger): BigInteger
fun DoubleArray.sumOf(selector: (Double) -> BigDecimal): BigDecimal
fun DoubleArray.sumOf(selector: (Double) -> BigInteger): BigInteger
fun FloatArray.sumOf(selector: (Float) -> BigDecimal): BigDecimal
fun FloatArray.sumOf(selector: (Float) -> BigInteger): BigInteger
fun IntArray.sumOf(selector: (Int) -> BigDecimal): BigDecimal
fun IntArray.sumOf(selector: (Int) -> BigInteger): BigInteger
fun LongArray.sumOf(selector: (Long) -> BigDecimal): BigDecimal
fun LongArray.sumOf(selector: (Long) -> BigInteger): BigInteger
fun ShortArray.sumOf(selector: (Short) -> BigDecimal): BigDecimal
fun ShortArray.sumOf(selector: (Short) -> BigInteger): BigInteger
fun <T> Array<out T>.sumOf(selector: (T) -> Double): Double
fun <T> Array<out T>.sumOf(selector: (T) -> Int): Int
fun <T> Array<out T>.sumOf(selector: (T) -> Long): Long
fun <T> Array<out T>.sumOf(selector: (T) -> UInt): UInt
fun <T> Array<out T>.sumOf(selector: (T) -> ULong): ULong
fun BooleanArray.sumOf(selector: (Boolean) -> Double): Double
fun BooleanArray.sumOf(selector: (Boolean) -> Int): Int
fun BooleanArray.sumOf(selector: (Boolean) -> Long): Long
fun BooleanArray.sumOf(selector: (Boolean) -> UInt): UInt
fun BooleanArray.sumOf(selector: (Boolean) -> ULong): ULong
fun ByteArray.sumOf(selector: (Byte) -> Double): Double
fun ByteArray.sumOf(selector: (Byte) -> Int): Int
fun ByteArray.sumOf(selector: (Byte) -> Long): Long
fun ByteArray.sumOf(selector: (Byte) -> UInt): UInt
fun ByteArray.sumOf(selector: (Byte) -> ULong): ULong
fun CharArray.sumOf(selector: (Char) -> Double): Double
fun CharArray.sumOf(selector: (Char) -> Int): Int
fun CharArray.sumOf(selector: (Char) -> Long): Long
fun CharArray.sumOf(selector: (Char) -> UInt): UInt
fun CharArray.sumOf(selector: (Char) -> ULong): ULong
fun DoubleArray.sumOf(selector: (Double) -> Double): Double
fun DoubleArray.sumOf(selector: (Double) -> Int): Int
fun DoubleArray.sumOf(selector: (Double) -> Long): Long
fun DoubleArray.sumOf(selector: (Double) -> UInt): UInt
fun DoubleArray.sumOf(selector: (Double) -> ULong): ULong
fun FloatArray.sumOf(selector: (Float) -> Double): Double
fun FloatArray.sumOf(selector: (Float) -> Int): Int
fun FloatArray.sumOf(selector: (Float) -> Long): Long
fun FloatArray.sumOf(selector: (Float) -> UInt): UInt
fun FloatArray.sumOf(selector: (Float) -> ULong): ULong
fun IntArray.sumOf(selector: (Int) -> Double): Double
fun IntArray.sumOf(selector: (Int) -> Int): Int
fun IntArray.sumOf(selector: (Int) -> Long): Long
fun IntArray.sumOf(selector: (Int) -> UInt): UInt
fun IntArray.sumOf(selector: (Int) -> ULong): ULong
fun LongArray.sumOf(selector: (Long) -> Double): Double
fun LongArray.sumOf(selector: (Long) -> Int): Int
fun LongArray.sumOf(selector: (Long) -> Long): Long
fun LongArray.sumOf(selector: (Long) -> UInt): UInt
fun LongArray.sumOf(selector: (Long) -> ULong): ULong
fun ShortArray.sumOf(selector: (Short) -> Double): Double
fun ShortArray.sumOf(selector: (Short) -> Int): Int
fun ShortArray.sumOf(selector: (Short) -> Long): Long
fun ShortArray.sumOf(selector: (Short) -> UInt): UInt
fun ShortArray.sumOf(selector: (Short) -> ULong): ULong
fun <T> Iterable<T>.sumOf(selector: (T) -> BigDecimal): BigDecimal
fun <T> Iterable<T>.sumOf(selector: (T) -> BigInteger): BigInteger
fun <T> Iterable<T>.sumOf(selector: (T) -> Double): Double
fun <T> Iterable<T>.sumOf(selector: (T) -> Int): Int
fun <T> Iterable<T>.sumOf(selector: (T) -> Long): Long
fun <T> Iterable<T>.sumOf(selector: (T) -> UInt): UInt
fun <T> Iterable<T>.sumOf(selector: (T) -> ULong): ULong
fun UByteArray.sumOf(selector: (UByte) -> BigDecimal): BigDecimal
fun UByteArray.sumOf(selector: (UByte) -> BigInteger): BigInteger
fun UIntArray.sumOf(selector: (UInt) -> BigDecimal): BigDecimal
fun UIntArray.sumOf(selector: (UInt) -> BigInteger): BigInteger
fun ULongArray.sumOf(selector: (ULong) -> BigDecimal): BigDecimal
fun ULongArray.sumOf(selector: (ULong) -> BigInteger): BigInteger
fun UShortArray.sumOf(selector: (UShort) -> BigDecimal): BigDecimal
fun UShortArray.sumOf(selector: (UShort) -> BigInteger): BigInteger
fun UByteArray.sumOf(selector: (UByte) -> Double): Double
fun UByteArray.sumOf(selector: (UByte) -> Int): Int
fun UByteArray.sumOf(selector: (UByte) -> Long): Long
fun UByteArray.sumOf(selector: (UByte) -> UInt): UInt
fun UByteArray.sumOf(selector: (UByte) -> ULong): ULong
fun UIntArray.sumOf(selector: (UInt) -> Double): Double
fun UIntArray.sumOf(selector: (UInt) -> Int): Int
fun UIntArray.sumOf(selector: (UInt) -> Long): Long
fun UIntArray.sumOf(selector: (UInt) -> UInt): UInt
fun UIntArray.sumOf(selector: (UInt) -> ULong): ULong
fun ULongArray.sumOf(selector: (ULong) -> Double): Double
fun ULongArray.sumOf(selector: (ULong) -> Int): Int
fun ULongArray.sumOf(selector: (ULong) -> Long): Long
fun ULongArray.sumOf(selector: (ULong) -> UInt): UInt
fun ULongArray.sumOf(selector: (ULong) -> ULong): ULong
fun UShortArray.sumOf(selector: (UShort) -> Double): Double
fun UShortArray.sumOf(selector: (UShort) -> Int): Int
fun UShortArray.sumOf(selector: (UShort) -> Long): Long
fun UShortArray.sumOf(selector: (UShort) -> UInt): UInt
fun UShortArray.sumOf(selector: (UShort) -> ULong): ULong
fun <T> Sequence<T>.sumOf(selector: (T) -> BigDecimal): BigDecimal
fun <T> Sequence<T>.sumOf(selector: (T) -> BigInteger): BigInteger
fun <T> Sequence<T>.sumOf(selector: (T) -> Double): Double
fun <T> Sequence<T>.sumOf(selector: (T) -> Int): Int
fun <T> Sequence<T>.sumOf(selector: (T) -> Long): Long
fun <T> Sequence<T>.sumOf(selector: (T) -> UInt): UInt
fun <T> Sequence<T>.sumOf(selector: (T) -> ULong): ULong
fun CharSequence.sumOf(selector: (Char) -> BigDecimal): BigDecimal
fun CharSequence.sumOf(selector: (Char) -> BigInteger): BigInteger
fun CharSequence.sumOf(selector: (Char) -> Double): Double
fun CharSequence.sumOf(selector: (Char) -> Int): Int
fun CharSequence.sumOf(selector: (Char) -> Long): Long
fun CharSequence.sumOf(selector: (Char) -> UInt): UInt
fun CharSequence.sumOf(selector: (Char) -> ULong): ULong
e: file:///C:/Users/danus/Documents/antigravity/emergent/app/src/main/java/com/posbah/app/ui/screens/bmp/dashboard/BmpD
ashboardViewModel.kt:91:40 Unresolved reference 'totalAmount'.
e: file:///C:/Users/danus/Documents/antigravity/emergent/app/src/main/java/com/posbah/app/ui/screens/bmp/dashboard/BmpD
ashboardViewModel.kt:91:42 Unresolved reference 'it'.
e: file:///C:/Users/danus/Documents/antigravity/emergent/app/src/main/java/com/posbah/app/ui/screens/bmp/dashboard/BmpD
ashboardViewModel.kt:94:42 Overload resolution ambiguity between candidates:
fun <T> Array<out T>.filter(predicate: (T) -> Boolean): List<T>
fun BooleanArray.filter(predicate: (Boolean) -> Boolean): List<Boolean>
fun ByteArray.filter(predicate: (Byte) -> Boolean): List<Byte>
fun CharArray.filter(predicate: (Char) -> Boolean): List<Char>
fun DoubleArray.filter(predicate: (Double) -> Boolean): List<Double>
fun FloatArray.filter(predicate: (Float) -> Boolean): List<Float>
fun IntArray.filter(predicate: (Int) -> Boolean): List<Int>
fun LongArray.filter(predicate: (Long) -> Boolean): List<Long>
fun ShortArray.filter(predicate: (Short) -> Boolean): List<Short>
fun <T> Iterable<T>.filter(predicate: (T) -> Boolean): List<T>
fun <K, V> Map<out K, V>.filter(predicate: (Map.Entry<K, V>) -> Boolean): Map<K, V>
fun UByteArray.filter(predicate: (UByte) -> Boolean): List<UByte>
fun UIntArray.filter(predicate: (UInt) -> Boolean): List<UInt>
fun ULongArray.filter(predicate: (ULong) -> Boolean): List<ULong>
fun UShortArray.filter(predicate: (UShort) -> Boolean): List<UShort>
fun <T> Sequence<T>.filter(predicate: (T) -> Boolean): Sequence<T>
fun CharSequence.filter(predicate: (Char) -> Boolean): CharSequence
fun String.filter(predicate: (Char) -> Boolean): String
e: file:///C:/Users/danus/Documents/antigravity/emergent/app/src/main/java/com/posbah/app/ui/screens/bmp/dashboard/BmpD
ashboardViewModel.kt:94:51 Unresolved reference 'it'.
e: file:///C:/Users/danus/Documents/antigravity/emergent/app/src/main/java/com/posbah/app/ui/screens/bmp/dashboard/BmpD
ashboardViewModel.kt:94:73 Overload resolution ambiguity between candidates:
fun <T> Array<out T>.sumOf(selector: (T) -> BigDecimal): BigDecimal
fun <T> Array<out T>.sumOf(selector: (T) -> BigInteger): BigInteger
fun BooleanArray.sumOf(selector: (Boolean) -> BigDecimal): BigDecimal
fun BooleanArray.sumOf(selector: (Boolean) -> BigInteger): BigInteger
fun ByteArray.sumOf(selector: (Byte) -> BigDecimal): BigDecimal
fun ByteArray.sumOf(selector: (Byte) -> BigInteger): BigInteger
fun CharArray.sumOf(selector: (Char) -> BigDecimal): BigDecimal
fun CharArray.sumOf(selector: (Char) -> BigInteger): BigInteger
fun DoubleArray.sumOf(selector: (Double) -> BigDecimal): BigDecimal
fun DoubleArray.sumOf(selector: (Double) -> BigInteger): BigInteger
fun FloatArray.sumOf(selector: (Float) -> BigDecimal): BigDecimal
fun FloatArray.sumOf(selector: (Float) -> BigInteger): BigInteger
fun IntArray.sumOf(selector: (Int) -> BigDecimal): BigDecimal
fun IntArray.sumOf(selector: (Int) -> BigInteger): BigInteger
fun LongArray.sumOf(selector: (Long) -> BigDecimal): BigDecimal
fun LongArray.sumOf(selector: (Long) -> BigInteger): BigInteger
fun ShortArray.sumOf(selector: (Short) -> BigDecimal): BigDecimal
fun ShortArray.sumOf(selector: (Short) -> BigInteger): BigInteger
fun <T> Array<out T>.sumOf(selector: (T) -> Double): Double
fun <T> Array<out T>.sumOf(selector: (T) -> Int): Int
fun <T> Array<out T>.sumOf(selector: (T) -> Long): Long
fun <T> Array<out T>.sumOf(selector: (T) -> UInt): UInt
fun <T> Array<out T>.sumOf(selector: (T) -> ULong): ULong
fun BooleanArray.sumOf(selector: (Boolean) -> Double): Double
fun BooleanArray.sumOf(selector: (Boolean) -> Int): Int
fun BooleanArray.sumOf(selector: (Boolean) -> Long): Long
fun BooleanArray.sumOf(selector: (Boolean) -> UInt): UInt
fun BooleanArray.sumOf(selector: (Boolean) -> ULong): ULong
fun ByteArray.sumOf(selector: (Byte) -> Double): Double
fun ByteArray.sumOf(selector: (Byte) -> Int): Int
fun ByteArray.sumOf(selector: (Byte) -> Long): Long
fun ByteArray.sumOf(selector: (Byte) -> UInt): UInt
fun ByteArray.sumOf(selector: (Byte) -> ULong): ULong
fun CharArray.sumOf(selector: (Char) -> Double): Double
fun CharArray.sumOf(selector: (Char) -> Int): Int
fun CharArray.sumOf(selector: (Char) -> Long): Long
fun CharArray.sumOf(selector: (Char) -> UInt): UInt
fun CharArray.sumOf(selector: (Char) -> ULong): ULong
fun DoubleArray.sumOf(selector: (Double) -> Double): Double
fun DoubleArray.sumOf(selector: (Double) -> Int): Int
fun DoubleArray.sumOf(selector: (Double) -> Long): Long
fun DoubleArray.sumOf(selector: (Double) -> UInt): UInt
fun DoubleArray.sumOf(selector: (Double) -> ULong): ULong
fun FloatArray.sumOf(selector: (Float) -> Double): Double
fun FloatArray.sumOf(selector: (Float) -> Int): Int
fun FloatArray.sumOf(selector: (Float) -> Long): Long
fun FloatArray.sumOf(selector: (Float) -> UInt): UInt
fun FloatArray.sumOf(selector: (Float) -> ULong): ULong
fun IntArray.sumOf(selector: (Int) -> Double): Double
fun IntArray.sumOf(selector: (Int) -> Int): Int
fun IntArray.sumOf(selector: (Int) -> Long): Long
fun IntArray.sumOf(selector: (Int) -> UInt): UInt
fun IntArray.sumOf(selector: (Int) -> ULong): ULong
fun LongArray.sumOf(selector: (Long) -> Double): Double
fun LongArray.sumOf(selector: (Long) -> Int): Int
fun LongArray.sumOf(selector: (Long) -> Long): Long
fun LongArray.sumOf(selector: (Long) -> UInt): UInt
fun LongArray.sumOf(selector: (Long) -> ULong): ULong
fun ShortArray.sumOf(selector: (Short) -> Double): Double
fun ShortArray.sumOf(selector: (Short) -> Int): Int
fun ShortArray.sumOf(selector: (Short) -> Long): Long
fun ShortArray.sumOf(selector: (Short) -> UInt): UInt
fun ShortArray.sumOf(selector: (Short) -> ULong): ULong
fun <T> Iterable<T>.sumOf(selector: (T) -> BigDecimal): BigDecimal
fun <T> Iterable<T>.sumOf(selector: (T) -> BigInteger): BigInteger
fun <T> Iterable<T>.sumOf(selector: (T) -> Double): Double
fun <T> Iterable<T>.sumOf(selector: (T) -> Int): Int
fun <T> Iterable<T>.sumOf(selector: (T) -> Long): Long
fun <T> Iterable<T>.sumOf(selector: (T) -> UInt): UInt
fun <T> Iterable<T>.sumOf(selector: (T) -> ULong): ULong
fun UByteArray.sumOf(selector: (UByte) -> BigDecimal): BigDecimal
fun UByteArray.sumOf(selector: (UByte) -> BigInteger): BigInteger
fun UIntArray.sumOf(selector: (UInt) -> BigDecimal): BigDecimal
fun UIntArray.sumOf(selector: (UInt) -> BigInteger): BigInteger
fun ULongArray.sumOf(selector: (ULong) -> BigDecimal): BigDecimal
fun ULongArray.sumOf(selector: (ULong) -> BigInteger): BigInteger
fun UShortArray.sumOf(selector: (UShort) -> BigDecimal): BigDecimal
fun UShortArray.sumOf(selector: (UShort) -> BigInteger): BigInteger
fun UByteArray.sumOf(selector: (UByte) -> Double): Double
fun UByteArray.sumOf(selector: (UByte) -> Int): Int
fun UByteArray.sumOf(selector: (UByte) -> Long): Long
fun UByteArray.sumOf(selector: (UByte) -> UInt): UInt
fun UByteArray.sumOf(selector: (UByte) -> ULong): ULong
fun UIntArray.sumOf(selector: (UInt) -> Double): Double
fun UIntArray.sumOf(selector: (UInt) -> Int): Int
fun UIntArray.sumOf(selector: (UInt) -> Long): Long
fun UIntArray.sumOf(selector: (UInt) -> UInt): UInt
fun UIntArray.sumOf(selector: (UInt) -> ULong): ULong
fun ULongArray.sumOf(selector: (ULong) -> Double): Double
fun ULongArray.sumOf(selector: (ULong) -> Int): Int
fun ULongArray.sumOf(selector: (ULong) -> Long): Long
fun ULongArray.sumOf(selector: (ULong) -> UInt): UInt
fun ULongArray.sumOf(selector: (ULong) -> ULong): ULong
fun UShortArray.sumOf(selector: (UShort) -> Double): Double
fun UShortArray.sumOf(selector: (UShort) -> Int): Int
fun UShortArray.sumOf(selector: (UShort) -> Long): Long
fun UShortArray.sumOf(selector: (UShort) -> UInt): UInt
fun UShortArray.sumOf(selector: (UShort) -> ULong): ULong
fun <T> Sequence<T>.sumOf(selector: (T) -> BigDecimal): BigDecimal
fun <T> Sequence<T>.sumOf(selector: (T) -> BigInteger): BigInteger
fun <T> Sequence<T>.sumOf(selector: (T) -> Double): Double
fun <T> Sequence<T>.sumOf(selector: (T) -> Int): Int
fun <T> Sequence<T>.sumOf(selector: (T) -> Long): Long
fun <T> Sequence<T>.sumOf(selector: (T) -> UInt): UInt
fun <T> Sequence<T>.sumOf(selector: (T) -> ULong): ULong
fun CharSequence.sumOf(selector: (Char) -> BigDecimal): BigDecimal
fun CharSequence.sumOf(selector: (Char) -> BigInteger): BigInteger
fun CharSequence.sumOf(selector: (Char) -> Double): Double
fun CharSequence.sumOf(selector: (Char) -> Int): Int
fun CharSequence.sumOf(selector: (Char) -> Long): Long
fun CharSequence.sumOf(selector: (Char) -> UInt): UInt
fun CharSequence.sumOf(selector: (Char) -> ULong): ULong
e: file:///C:/Users/danus/Documents/antigravity/emergent/app/src/main/java/com/posbah/app/ui/screens/bmp/dashboard/BmpD
ashboardViewModel.kt:94:81 Unresolved reference 'it'.
e: file:///C:/Users/danus/Documents/antigravity/emergent/app/src/main/java/com/posbah/app/ui/screens/bmp/dashboard/BmpD
ashboardViewModel.kt:94:98 Unresolved reference 'it'.
e: file:///C:/Users/danus/Documents/antigravity/emergent/app/src/main/java/com/posbah/app/ui/screens/bmp/dashboard/BmpD
ashboardViewModel.kt:96:34 Overload resolution ambiguity between candidates:
fun <T> Array<out T>.filter(predicate: (T) -> Boolean): List<T>
fun BooleanArray.filter(predicate: (Boolean) -> Boolean): List<Boolean>
fun ByteArray.filter(predicate: (Byte) -> Boolean): List<Byte>
fun CharArray.filter(predicate: (Char) -> Boolean): List<Char>
fun DoubleArray.filter(predicate: (Double) -> Boolean): List<Double>
fun FloatArray.filter(predicate: (Float) -> Boolean): List<Float>
fun IntArray.filter(predicate: (Int) -> Boolean): List<Int>
fun LongArray.filter(predicate: (Long) -> Boolean): List<Long>
fun ShortArray.filter(predicate: (Short) -> Boolean): List<Short>
fun <T> Iterable<T>.filter(predicate: (T) -> Boolean): List<T>
fun <K, V> Map<out K, V>.filter(predicate: (Map.Entry<K, V>) -> Boolean): Map<K, V>
fun UByteArray.filter(predicate: (UByte) -> Boolean): List<UByte>
fun UIntArray.filter(predicate: (UInt) -> Boolean): List<UInt>
fun ULongArray.filter(predicate: (ULong) -> Boolean): List<ULong>
fun UShortArray.filter(predicate: (UShort) -> Boolean): List<UShort>
fun <T> Sequence<T>.filter(predicate: (T) -> Boolean): Sequence<T>
fun CharSequence.filter(predicate: (Char) -> Boolean): CharSequence
fun String.filter(predicate: (Char) -> Boolean): String
e: file:///C:/Users/danus/Documents/antigravity/emergent/app/src/main/java/com/posbah/app/ui/screens/bmp/dashboard/BmpD
ashboardViewModel.kt:96:43 Unresolved reference 'it'.
e: file:///C:/Users/danus/Documents/antigravity/emergent/app/src/main/java/com/posbah/app/ui/screens/bmp/dashboard/BmpD
ashboardViewModel.kt:96:65 Overload resolution ambiguity between candidates:
fun <T> Array<out T>.sumOf(selector: (T) -> BigDecimal): BigDecimal
fun <T> Array<out T>.sumOf(selector: (T) -> BigInteger): BigInteger
fun BooleanArray.sumOf(selector: (Boolean) -> BigDecimal): BigDecimal
fun BooleanArray.sumOf(selector: (Boolean) -> BigInteger): BigInteger
fun ByteArray.sumOf(selector: (Byte) -> BigDecimal): BigDecimal
fun ByteArray.sumOf(selector: (Byte) -> BigInteger): BigInteger
fun CharArray.sumOf(selector: (Char) -> BigDecimal): BigDecimal
fun CharArray.sumOf(selector: (Char) -> BigInteger): BigInteger
fun DoubleArray.sumOf(selector: (Double) -> BigDecimal): BigDecimal
fun DoubleArray.sumOf(selector: (Double) -> BigInteger): BigInteger
fun FloatArray.sumOf(selector: (Float) -> BigDecimal): BigDecimal
fun FloatArray.sumOf(selector: (Float) -> BigInteger): BigInteger
fun IntArray.sumOf(selector: (Int) -> BigDecimal): BigDecimal
fun IntArray.sumOf(selector: (Int) -> BigInteger): BigInteger
fun LongArray.sumOf(selector: (Long) -> BigDecimal): BigDecimal
fun LongArray.sumOf(selector: (Long) -> BigInteger): BigInteger
fun ShortArray.sumOf(selector: (Short) -> BigDecimal): BigDecimal
fun ShortArray.sumOf(selector: (Short) -> BigInteger): BigInteger
fun <T> Array<out T>.sumOf(selector: (T) -> Double): Double
fun <T> Array<out T>.sumOf(selector: (T) -> Int): Int
fun <T> Array<out T>.sumOf(selector: (T) -> Long): Long
fun <T> Array<out T>.sumOf(selector: (T) -> UInt): UInt
fun <T> Array<out T>.sumOf(selector: (T) -> ULong): ULong
fun BooleanArray.sumOf(selector: (Boolean) -> Double): Double
fun BooleanArray.sumOf(selector: (Boolean) -> Int): Int
fun BooleanArray.sumOf(selector: (Boolean) -> Long): Long
fun BooleanArray.sumOf(selector: (Boolean) -> UInt): UInt
fun BooleanArray.sumOf(selector: (Boolean) -> ULong): ULong
fun ByteArray.sumOf(selector: (Byte) -> Double): Double
fun ByteArray.sumOf(selector: (Byte) -> Int): Int
fun ByteArray.sumOf(selector: (Byte) -> Long): Long
fun ByteArray.sumOf(selector: (Byte) -> UInt): UInt
fun ByteArray.sumOf(selector: (Byte) -> ULong): ULong
fun CharArray.sumOf(selector: (Char) -> Double): Double
fun CharArray.sumOf(selector: (Char) -> Int): Int
fun CharArray.sumOf(selector: (Char) -> Long): Long
fun CharArray.sumOf(selector: (Char) -> UInt): UInt
fun CharArray.sumOf(selector: (Char) -> ULong): ULong
fun DoubleArray.sumOf(selector: (Double) -> Double): Double
fun DoubleArray.sumOf(selector: (Double) -> Int): Int
fun DoubleArray.sumOf(selector: (Double) -> Long): Long
fun DoubleArray.sumOf(selector: (Double) -> UInt): UInt
fun DoubleArray.sumOf(selector: (Double) -> ULong): ULong
fun FloatArray.sumOf(selector: (Float) -> Double): Double
fun FloatArray.sumOf(selector: (Float) -> Int): Int
fun FloatArray.sumOf(selector: (Float) -> Long): Long
fun FloatArray.sumOf(selector: (Float) -> UInt): UInt
fun FloatArray.sumOf(selector: (Float) -> ULong): ULong
fun IntArray.sumOf(selector: (Int) -> Double): Double
fun IntArray.sumOf(selector: (Int) -> Int): Int
fun IntArray.sumOf(selector: (Int) -> Long): Long
fun IntArray.sumOf(selector: (Int) -> UInt): UInt
fun IntArray.sumOf(selector: (Int) -> ULong): ULong
fun LongArray.sumOf(selector: (Long) -> Double): Double
fun LongArray.sumOf(selector: (Long) -> Int): Int
fun LongArray.sumOf(selector: (Long) -> Long): Long
fun LongArray.sumOf(selector: (Long) -> UInt): UInt
fun LongArray.sumOf(selector: (Long) -> ULong): ULong
fun ShortArray.sumOf(selector: (Short) -> Double): Double
fun ShortArray.sumOf(selector: (Short) -> Int): Int
fun ShortArray.sumOf(selector: (Short) -> Long): Long
fun ShortArray.sumOf(selector: (Short) -> UInt): UInt
fun ShortArray.sumOf(selector: (Short) -> ULong): ULong
fun <T> Iterable<T>.sumOf(selector: (T) -> BigDecimal): BigDecimal
fun <T> Iterable<T>.sumOf(selector: (T) -> BigInteger): BigInteger
fun <T> Iterable<T>.sumOf(selector: (T) -> Double): Double
fun <T> Iterable<T>.sumOf(selector: (T) -> Int): Int
fun <T> Iterable<T>.sumOf(selector: (T) -> Long): Long
fun <T> Iterable<T>.sumOf(selector: (T) -> UInt): UInt
fun <T> Iterable<T>.sumOf(selector: (T) -> ULong): ULong
fun UByteArray.sumOf(selector: (UByte) -> BigDecimal): BigDecimal
fun UByteArray.sumOf(selector: (UByte) -> BigInteger): BigInteger
fun UIntArray.sumOf(selector: (UInt) -> BigDecimal): BigDecimal
fun UIntArray.sumOf(selector: (UInt) -> BigInteger): BigInteger
fun ULongArray.sumOf(selector: (ULong) -> BigDecimal): BigDecimal
fun ULongArray.sumOf(selector: (ULong) -> BigInteger): BigInteger
fun UShortArray.sumOf(selector: (UShort) -> BigDecimal): BigDecimal
fun UShortArray.sumOf(selector: (UShort) -> BigInteger): BigInteger
fun UByteArray.sumOf(selector: (UByte) -> Double): Double
fun UByteArray.sumOf(selector: (UByte) -> Int): Int
fun UByteArray.sumOf(selector: (UByte) -> Long): Long
fun UByteArray.sumOf(selector: (UByte) -> UInt): UInt
fun UByteArray.sumOf(selector: (UByte) -> ULong): ULong
fun UIntArray.sumOf(selector: (UInt) -> Double): Double
fun UIntArray.sumOf(selector: (UInt) -> Int): Int
fun UIntArray.sumOf(selector: (UInt) -> Long): Long
fun UIntArray.sumOf(selector: (UInt) -> UInt): UInt
fun UIntArray.sumOf(selector: (UInt) -> ULong): ULong
fun ULongArray.sumOf(selector: (ULong) -> Double): Double
fun ULongArray.sumOf(selector: (ULong) -> Int): Int
fun ULongArray.sumOf(selector: (ULong) -> Long): Long
fun ULongArray.sumOf(selector: (ULong) -> UInt): UInt
fun ULongArray.sumOf(selector: (ULong) -> ULong): ULong
fun UShortArray.sumOf(selector: (UShort) -> Double): Double
fun UShortArray.sumOf(selector: (UShort) -> Int): Int
fun UShortArray.sumOf(selector: (UShort) -> Long): Long
fun UShortArray.sumOf(selector: (UShort) -> UInt): UInt
fun UShortArray.sumOf(selector: (UShort) -> ULong): ULong
fun <T> Sequence<T>.sumOf(selector: (T) -> BigDecimal): BigDecimal
fun <T> Sequence<T>.sumOf(selector: (T) -> BigInteger): BigInteger
fun <T> Sequence<T>.sumOf(selector: (T) -> Double): Double
fun <T> Sequence<T>.sumOf(selector: (T) -> Int): Int
fun <T> Sequence<T>.sumOf(selector: (T) -> Long): Long
fun <T> Sequence<T>.sumOf(selector: (T) -> UInt): UInt
fun <T> Sequence<T>.sumOf(selector: (T) -> ULong): ULong
fun CharSequence.sumOf(selector: (Char) -> BigDecimal): BigDecimal
fun CharSequence.sumOf(selector: (Char) -> BigInteger): BigInteger
fun CharSequence.sumOf(selector: (Char) -> Double): Double
fun CharSequence.sumOf(selector: (Char) -> Int): Int
fun CharSequence.sumOf(selector: (Char) -> Long): Long
fun CharSequence.sumOf(selector: (Char) -> UInt): UInt
fun CharSequence.sumOf(selector: (Char) -> ULong): ULong
e: file:///C:/Users/danus/Documents/antigravity/emergent/app/src/main/java/com/posbah/app/ui/screens/bmp/dashboard/BmpD
ashboardViewModel.kt:96:73 Unresolved reference 'it'.
e: file:///C:/Users/danus/Documents/antigravity/emergent/app/src/main/java/com/posbah/app/ui/screens/bmp/dashboard/BmpD
ashboardViewModel.kt:96:90 Unresolved reference 'it'.
e: file:///C:/Users/danus/Documents/antigravity/emergent/app/src/main/java/com/posbah/app/ui/screens/bmp/dashboard/BmpD
ashboardViewModel.kt:99:42 Unresolved reference 'size'.
e: file:///C:/Users/danus/Documents/antigravity/emergent/app/src/main/java/com/posbah/app/ui/screens/bmp/dashboard/BmpD
ashboardViewModel.kt:101:34 Unresolved reference 'size'.
e: file:///C:/Users/danus/Documents/antigravity/emergent/app/src/main/java/com/posbah/app/ui/screens/bmp/dashboard/BmpD
ashboardViewModel.kt:103:21 Cannot infer type for this parameter. Please specify it explicitly.
e: file:///C:/Users/danus/Documents/antigravity/emergent/app/src/main/java/com/posbah/app/ui/screens/bmp/dashboard/BmpD
ashboardViewModel.kt:103:42 Argument type mismatch: actual type is 'kotlin.Pair<A, B>', but 'C' was expected.
e: file:///C:/Users/danus/Documents/antigravity/emergent/app/src/main/java/com/posbah/app/ui/screens/bmp/dashboard/BmpD
ashboardViewModel.kt:103:48 Cannot infer type for this parameter. Please specify it explicitly.
e: file:///C:/Users/danus/Documents/antigravity/emergent/app/src/main/java/com/posbah/app/ui/screens/bmp/dashboard/BmpD
ashboardViewModel.kt:103:48 Unresolved reference. None of the following candidates is applicable because of a receiver 
type mismatch:
fun <A, B> A.to(that: B): Pair<A, B>
e: file:///C:/Users/danus/Documents/antigravity/emergent/app/src/main/java/com/posbah/app/ui/screens/bmp/dashboard/BmpD
ashboardViewModel.kt:104:29 Cannot infer type for this parameter. Please specify it explicitly.
e: file:///C:/Users/danus/Documents/antigravity/emergent/app/src/main/java/com/posbah/app/ui/screens/bmp/dashboard/BmpD
ashboardViewModel.kt:104:29 Function 'component1()' is ambiguous for this expression: 
fun <T> Array<out T>.component1(): T
fun BooleanArray.component1(): Boolean
fun ByteArray.component1(): Byte
fun CharArray.component1(): Char
fun DoubleArray.component1(): Double
fun FloatArray.component1(): Float
fun IntArray.component1(): Int
fun LongArray.component1(): Long
fun ShortArray.component1(): Short
fun <T> List<T>.component1(): T
fun <K, V> Map.Entry<K, V>.component1(): K
fun UByteArray.component1(): UByte
fun UIntArray.component1(): UInt
fun ULongArray.component1(): ULong
fun UShortArray.component1(): UShort.
e: file:///C:/Users/danus/Documents/antigravity/emergent/app/src/main/java/com/posbah/app/ui/screens/bmp/dashboard/BmpD
ashboardViewModel.kt:104:29 Function 'component2()' is ambiguous for this expression: 
fun <T> Array<out T>.component2(): T
fun BooleanArray.component2(): Boolean
fun ByteArray.component2(): Byte
fun CharArray.component2(): Char
fun DoubleArray.component2(): Double
fun FloatArray.component2(): Float
fun IntArray.component2(): Int
fun LongArray.component2(): Long
fun ShortArray.component2(): Short
fun <T> List<T>.component2(): T
fun <K, V> Map.Entry<K, V>.component2(): V
fun UByteArray.component2(): UByte
fun UIntArray.component2(): UInt
fun ULongArray.component2(): ULong
fun UShortArray.component2(): UShort.
e: file:///C:/Users/danus/Documents/antigravity/emergent/app/src/main/java/com/posbah/app/ui/screens/bmp/dashboard/BmpD
ashboardViewModel.kt:104:29 Function 'component3()' is ambiguous for this expression: 
fun <T> Array<out T>.component3(): T
fun BooleanArray.component3(): Boolean
fun ByteArray.component3(): Byte
fun CharArray.component3(): Char
fun DoubleArray.component3(): Double
fun FloatArray.component3(): Float
fun IntArray.component3(): Int
fun LongArray.component3(): Long
fun ShortArray.component3(): Short
fun <T> List<T>.component3(): T
fun UByteArray.component3(): UByte
fun UIntArray.component3(): UInt
fun ULongArray.component3(): ULong
fun UShortArray.component3(): UShort.
e: file:///C:/Users/danus/Documents/antigravity/emergent/app/src/main/java/com/posbah/app/ui/screens/bmp/dashboard/BmpD
ashboardViewModel.kt:108:46 Function invocation 'first()' expected.
e: file:///C:/Users/danus/Documents/antigravity/emergent/app/src/main/java/com/posbah/app/ui/screens/bmp/dashboard/BmpD
ashboardViewModel.kt:109:51 Unresolved reference 'second'.
e: file:///C:/Users/danus/Documents/antigravity/emergent/app/src/main/java/com/posbah/app/ui/screens/bmp/dashboard/BmpD
ashboardViewModel.kt:115:30 Unresolved reference 'observe'.
e: file:///C:/Users/danus/Documents/antigravity/emergent/app/src/main/java/com/posbah/app/ui/screens/bmp/dashboard/BmpD
ashboardViewModel.kt:115:58 Cannot infer type for this parameter. Please specify it explicitly.
e: file:///C:/Users/danus/Documents/antigravity/emergent/app/src/main/java/com/posbah/app/ui/screens/bmp/dashboard/BmpD
ashboardViewModel.kt:116:45 Overload resolution ambiguity between candidates:
fun <T> Array<out T>.filter(predicate: (T) -> Boolean): List<T>
fun BooleanArray.filter(predicate: (Boolean) -> Boolean): List<Boolean>
fun ByteArray.filter(predicate: (Byte) -> Boolean): List<Byte>
fun CharArray.filter(predicate: (Char) -> Boolean): List<Char>
fun DoubleArray.filter(predicate: (Double) -> Boolean): List<Double>
fun FloatArray.filter(predicate: (Float) -> Boolean): List<Float>
fun IntArray.filter(predicate: (Int) -> Boolean): List<Int>
fun LongArray.filter(predicate: (Long) -> Boolean): List<Long>
fun ShortArray.filter(predicate: (Short) -> Boolean): List<Short>
fun <T> Iterable<T>.filter(predicate: (T) -> Boolean): List<T>
fun <K, V> Map<out K, V>.filter(predicate: (Map.Entry<K, V>) -> Boolean): Map<K, V>
fun UByteArray.filter(predicate: (UByte) -> Boolean): List<UByte>
fun UIntArray.filter(predicate: (UInt) -> Boolean): List<UInt>
fun ULongArray.filter(predicate: (ULong) -> Boolean): List<ULong>
fun UShortArray.filter(predicate: (UShort) -> Boolean): List<UShort>
fun <T> Sequence<T>.filter(predicate: (T) -> Boolean): Sequence<T>
fun CharSequence.filter(predicate: (Char) -> Boolean): CharSequence
fun String.filter(predicate: (Char) -> Boolean): String
e: file:///C:/Users/danus/Documents/antigravity/emergent/app/src/main/java/com/posbah/app/ui/screens/bmp/dashboard/BmpD
ashboardViewModel.kt:116:54 Unresolved reference 'it'.
e: file:///C:/Users/danus/Documents/antigravity/emergent/app/src/main/java/com/posbah/app/ui/screens/bmp/dashboard/BmpD
ashboardViewModel.kt:116:86 Overload resolution ambiguity between candidates:
fun <T> Array<out T>.sumOf(selector: (T) -> BigDecimal): BigDecimal
fun <T> Array<out T>.sumOf(selector: (T) -> BigInteger): BigInteger
fun BooleanArray.sumOf(selector: (Boolean) -> BigDecimal): BigDecimal
fun BooleanArray.sumOf(selector: (Boolean) -> BigInteger): BigInteger
fun ByteArray.sumOf(selector: (Byte) -> BigDecimal): BigDecimal
fun ByteArray.sumOf(selector: (Byte) -> BigInteger): BigInteger
fun CharArray.sumOf(selector: (Char) -> BigDecimal): BigDecimal
fun CharArray.sumOf(selector: (Char) -> BigInteger): BigInteger
fun DoubleArray.sumOf(selector: (Double) -> BigDecimal): BigDecimal
fun DoubleArray.sumOf(selector: (Double) -> BigInteger): BigInteger
fun FloatArray.sumOf(selector: (Float) -> BigDecimal): BigDecimal
fun FloatArray.sumOf(selector: (Float) -> BigInteger): BigInteger
fun IntArray.sumOf(selector: (Int) -> BigDecimal): BigDecimal
fun IntArray.sumOf(selector: (Int) -> BigInteger): BigInteger
fun LongArray.sumOf(selector: (Long) -> BigDecimal): BigDecimal
fun LongArray.sumOf(selector: (Long) -> BigInteger): BigInteger
fun ShortArray.sumOf(selector: (Short) -> BigDecimal): BigDecimal
fun ShortArray.sumOf(selector: (Short) -> BigInteger): BigInteger
fun <T> Array<out T>.sumOf(selector: (T) -> Double): Double
fun <T> Array<out T>.sumOf(selector: (T) -> Int): Int
fun <T> Array<out T>.sumOf(selector: (T) -> Long): Long
fun <T> Array<out T>.sumOf(selector: (T) -> UInt): UInt
fun <T> Array<out T>.sumOf(selector: (T) -> ULong): ULong
fun BooleanArray.sumOf(selector: (Boolean) -> Double): Double
fun BooleanArray.sumOf(selector: (Boolean) -> Int): Int
fun BooleanArray.sumOf(selector: (Boolean) -> Long): Long
fun BooleanArray.sumOf(selector: (Boolean) -> UInt): UInt
fun BooleanArray.sumOf(selector: (Boolean) -> ULong): ULong
fun ByteArray.sumOf(selector: (Byte) -> Double): Double
fun ByteArray.sumOf(selector: (Byte) -> Int): Int
fun ByteArray.sumOf(selector: (Byte) -> Long): Long
fun ByteArray.sumOf(selector: (Byte) -> UInt): UInt
fun ByteArray.sumOf(selector: (Byte) -> ULong): ULong
fun CharArray.sumOf(selector: (Char) -> Double): Double
fun CharArray.sumOf(selector: (Char) -> Int): Int
fun CharArray.sumOf(selector: (Char) -> Long): Long
fun CharArray.sumOf(selector: (Char) -> UInt): UInt
fun CharArray.sumOf(selector: (Char) -> ULong): ULong
fun DoubleArray.sumOf(selector: (Double) -> Double): Double
fun DoubleArray.sumOf(selector: (Double) -> Int): Int
fun DoubleArray.sumOf(selector: (Double) -> Long): Long
fun DoubleArray.sumOf(selector: (Double) -> UInt): UInt
fun DoubleArray.sumOf(selector: (Double) -> ULong): ULong
fun FloatArray.sumOf(selector: (Float) -> Double): Double
fun FloatArray.sumOf(selector: (Float) -> Int): Int
fun FloatArray.sumOf(selector: (Float) -> Long): Long
fun FloatArray.sumOf(selector: (Float) -> UInt): UInt
fun FloatArray.sumOf(selector: (Float) -> ULong): ULong
fun IntArray.sumOf(selector: (Int) -> Double): Double
fun IntArray.sumOf(selector: (Int) -> Int): Int
fun IntArray.sumOf(selector: (Int) -> Long): Long
fun IntArray.sumOf(selector: (Int) -> UInt): UInt
fun IntArray.sumOf(selector: (Int) -> ULong): ULong
fun LongArray.sumOf(selector: (Long) -> Double): Double
fun LongArray.sumOf(selector: (Long) -> Int): Int
fun LongArray.sumOf(selector: (Long) -> Long): Long
fun LongArray.sumOf(selector: (Long) -> UInt): UInt
fun LongArray.sumOf(selector: (Long) -> ULong): ULong
fun ShortArray.sumOf(selector: (Short) -> Double): Double
fun ShortArray.sumOf(selector: (Short) -> Int): Int
fun ShortArray.sumOf(selector: (Short) -> Long): Long
fun ShortArray.sumOf(selector: (Short) -> UInt): UInt
fun ShortArray.sumOf(selector: (Short) -> ULong): ULong
fun <T> Iterable<T>.sumOf(selector: (T) -> BigDecimal): BigDecimal
fun <T> Iterable<T>.sumOf(selector: (T) -> BigInteger): BigInteger
fun <T> Iterable<T>.sumOf(selector: (T) -> Double): Double
fun <T> Iterable<T>.sumOf(selector: (T) -> Int): Int
fun <T> Iterable<T>.sumOf(selector: (T) -> Long): Long
fun <T> Iterable<T>.sumOf(selector: (T) -> UInt): UInt
fun <T> Iterable<T>.sumOf(selector: (T) -> ULong): ULong
fun UByteArray.sumOf(selector: (UByte) -> BigDecimal): BigDecimal
fun UByteArray.sumOf(selector: (UByte) -> BigInteger): BigInteger
fun UIntArray.sumOf(selector: (UInt) -> BigDecimal): BigDecimal
fun UIntArray.sumOf(selector: (UInt) -> BigInteger): BigInteger
fun ULongArray.sumOf(selector: (ULong) -> BigDecimal): BigDecimal
fun ULongArray.sumOf(selector: (ULong) -> BigInteger): BigInteger
fun UShortArray.sumOf(selector: (UShort) -> BigDecimal): BigDecimal
fun UShortArray.sumOf(selector: (UShort) -> BigInteger): BigInteger
fun UByteArray.sumOf(selector: (UByte) -> Double): Double
fun UByteArray.sumOf(selector: (UByte) -> Int): Int
fun UByteArray.sumOf(selector: (UByte) -> Long): Long
fun UByteArray.sumOf(selector: (UByte) -> UInt): UInt
fun UByteArray.sumOf(selector: (UByte) -> ULong): ULong
fun UIntArray.sumOf(selector: (UInt) -> Double): Double
fun UIntArray.sumOf(selector: (UInt) -> Int): Int
fun UIntArray.sumOf(selector: (UInt) -> Long): Long
fun UIntArray.sumOf(selector: (UInt) -> UInt): UInt
fun UIntArray.sumOf(selector: (UInt) -> ULong): ULong
fun ULongArray.sumOf(selector: (ULong) -> Double): Double
fun ULongArray.sumOf(selector: (ULong) -> Int): Int
fun ULongArray.sumOf(selector: (ULong) -> Long): Long
fun ULongArray.sumOf(selector: (ULong) -> UInt): UInt
fun ULongArray.sumOf(selector: (ULong) -> ULong): ULong
fun UShortArray.sumOf(selector: (UShort) -> Double): Double
fun UShortArray.sumOf(selector: (UShort) -> Int): Int
fun UShortArray.sumOf(selector: (UShort) -> Long): Long
fun UShortArray.sumOf(selector: (UShort) -> UInt): UInt
fun UShortArray.sumOf(selector: (UShort) -> ULong): ULong
fun <T> Sequence<T>.sumOf(selector: (T) -> BigDecimal): BigDecimal
fun <T> Sequence<T>.sumOf(selector: (T) -> BigInteger): BigInteger
fun <T> Sequence<T>.sumOf(selector: (T) -> Double): Double
fun <T> Sequence<T>.sumOf(selector: (T) -> Int): Int
fun <T> Sequence<T>.sumOf(selector: (T) -> Long): Long
fun <T> Sequence<T>.sumOf(selector: (T) -> UInt): UInt
fun <T> Sequence<T>.sumOf(selector: (T) -> ULong): ULong
fun CharSequence.sumOf(selector: (Char) -> BigDecimal): BigDecimal
fun CharSequence.sumOf(selector: (Char) -> BigInteger): BigInteger
fun CharSequence.sumOf(selector: (Char) -> Double): Double
fun CharSequence.sumOf(selector: (Char) -> Int): Int
fun CharSequence.sumOf(selector: (Char) -> Long): Long
fun CharSequence.sumOf(selector: (Char) -> UInt): UInt
fun CharSequence.sumOf(selector: (Char) -> ULong): ULong
e: file:///C:/Users/danus/Documents/antigravity/emergent/app/src/main/java/com/posbah/app/ui/screens/bmp/dashboard/BmpD
ashboardViewModel.kt:116:92 Unresolved reference 'amount'.
e: file:///C:/Users/danus/Documents/antigravity/emergent/app/src/main/java/com/posbah/app/ui/screens/bmp/dashboard/BmpD
ashboardViewModel.kt:116:94 Unresolved reference 'it'.
e: file:///C:/Users/danus/Documents/antigravity/emergent/app/src/main/java/com/posbah/app/ui/screens/bmp/dashboard/BmpD
ashboardViewModel.kt:118:35 Overload resolution ambiguity between candidates:
fun <T> Array<out T>.filter(predicate: (T) -> Boolean): List<T>
fun BooleanArray.filter(predicate: (Boolean) -> Boolean): List<Boolean>
fun ByteArray.filter(predicate: (Byte) -> Boolean): List<Byte>
fun CharArray.filter(predicate: (Char) -> Boolean): List<Char>
fun DoubleArray.filter(predicate: (Double) -> Boolean): List<Double>
fun FloatArray.filter(predicate: (Float) -> Boolean): List<Float>
fun IntArray.filter(predicate: (Int) -> Boolean): List<Int>
fun LongArray.filter(predicate: (Long) -> Boolean): List<Long>
fun ShortArray.filter(predicate: (Short) -> Boolean): List<Short>
fun <T> Iterable<T>.filter(predicate: (T) -> Boolean): List<T>
fun <K, V> Map<out K, V>.filter(predicate: (Map.Entry<K, V>) -> Boolean): Map<K, V>
fun UByteArray.filter(predicate: (UByte) -> Boolean): List<UByte>
fun UIntArray.filter(predicate: (UInt) -> Boolean): List<UInt>
fun ULongArray.filter(predicate: (ULong) -> Boolean): List<ULong>
fun UShortArray.filter(predicate: (UShort) -> Boolean): List<UShort>
fun <T> Sequence<T>.filter(predicate: (T) -> Boolean): Sequence<T>
fun CharSequence.filter(predicate: (Char) -> Boolean): CharSequence
fun String.filter(predicate: (Char) -> Boolean): String
e: file:///C:/Users/danus/Documents/antigravity/emergent/app/src/main/java/com/posbah/app/ui/screens/bmp/dashboard/BmpD
ashboardViewModel.kt:119:29 Unresolved reference 'it'.
e: file:///C:/Users/danus/Documents/antigravity/emergent/app/src/main/java/com/posbah/app/ui/screens/bmp/dashboard/BmpD
ashboardViewModel.kt:120:30 Unresolved reference 'it'.
e: file:///C:/Users/danus/Documents/antigravity/emergent/app/src/main/java/com/posbah/app/ui/screens/bmp/dashboard/BmpD
ashboardViewModel.kt:121:27 Overload resolution ambiguity between candidates:
fun <T> Array<out T>.sumOf(selector: (T) -> BigDecimal): BigDecimal
fun <T> Array<out T>.sumOf(selector: (T) -> BigInteger): BigInteger
fun BooleanArray.sumOf(selector: (Boolean) -> BigDecimal): BigDecimal
fun BooleanArray.sumOf(selector: (Boolean) -> BigInteger): BigInteger
fun ByteArray.sumOf(selector: (Byte) -> BigDecimal): BigDecimal
fun ByteArray.sumOf(selector: (Byte) -> BigInteger): BigInteger
fun CharArray.sumOf(selector: (Char) -> BigDecimal): BigDecimal
fun CharArray.sumOf(selector: (Char) -> BigInteger): BigInteger
fun DoubleArray.sumOf(selector: (Double) -> BigDecimal): BigDecimal
fun DoubleArray.sumOf(selector: (Double) -> BigInteger): BigInteger
fun FloatArray.sumOf(selector: (Float) -> BigDecimal): BigDecimal
fun FloatArray.sumOf(selector: (Float) -> BigInteger): BigInteger
fun IntArray.sumOf(selector: (Int) -> BigDecimal): BigDecimal
fun IntArray.sumOf(selector: (Int) -> BigInteger): BigInteger
fun LongArray.sumOf(selector: (Long) -> BigDecimal): BigDecimal
fun LongArray.sumOf(selector: (Long) -> BigInteger): BigInteger
fun ShortArray.sumOf(selector: (Short) -> BigDecimal): BigDecimal
fun ShortArray.sumOf(selector: (Short) -> BigInteger): BigInteger
fun <T> Array<out T>.sumOf(selector: (T) -> Double): Double
fun <T> Array<out T>.sumOf(selector: (T) -> Int): Int
fun <T> Array<out T>.sumOf(selector: (T) -> Long): Long
fun <T> Array<out T>.sumOf(selector: (T) -> UInt): UInt
fun <T> Array<out T>.sumOf(selector: (T) -> ULong): ULong
fun BooleanArray.sumOf(selector: (Boolean) -> Double): Double
fun BooleanArray.sumOf(selector: (Boolean) -> Int): Int
fun BooleanArray.sumOf(selector: (Boolean) -> Long): Long
fun BooleanArray.sumOf(selector: (Boolean) -> UInt): UInt
fun BooleanArray.sumOf(selector: (Boolean) -> ULong): ULong
fun ByteArray.sumOf(selector: (Byte) -> Double): Double
fun ByteArray.sumOf(selector: (Byte) -> Int): Int
fun ByteArray.sumOf(selector: (Byte) -> Long): Long
fun ByteArray.sumOf(selector: (Byte) -> UInt): UInt
fun ByteArray.sumOf(selector: (Byte) -> ULong): ULong
fun CharArray.sumOf(selector: (Char) -> Double): Double
fun CharArray.sumOf(selector: (Char) -> Int): Int
fun CharArray.sumOf(selector: (Char) -> Long): Long
fun CharArray.sumOf(selector: (Char) -> UInt): UInt
fun CharArray.sumOf(selector: (Char) -> ULong): ULong
fun DoubleArray.sumOf(selector: (Double) -> Double): Double
fun DoubleArray.sumOf(selector: (Double) -> Int): Int
fun DoubleArray.sumOf(selector: (Double) -> Long): Long
fun DoubleArray.sumOf(selector: (Double) -> UInt): UInt
fun DoubleArray.sumOf(selector: (Double) -> ULong): ULong
fun FloatArray.sumOf(selector: (Float) -> Double): Double
fun FloatArray.sumOf(selector: (Float) -> Int): Int
fun FloatArray.sumOf(selector: (Float) -> Long): Long
fun FloatArray.sumOf(selector: (Float) -> UInt): UInt
fun FloatArray.sumOf(selector: (Float) -> ULong): ULong
fun IntArray.sumOf(selector: (Int) -> Double): Double
fun IntArray.sumOf(selector: (Int) -> Int): Int
fun IntArray.sumOf(selector: (Int) -> Long): Long
fun IntArray.sumOf(selector: (Int) -> UInt): UInt
fun IntArray.sumOf(selector: (Int) -> ULong): ULong
fun LongArray.sumOf(selector: (Long) -> Double): Double
fun LongArray.sumOf(selector: (Long) -> Int): Int
fun LongArray.sumOf(selector: (Long) -> Long): Long
fun LongArray.sumOf(selector: (Long) -> UInt): UInt
fun LongArray.sumOf(selector: (Long) -> ULong): ULong
fun ShortArray.sumOf(selector: (Short) -> Double): Double
fun ShortArray.sumOf(selector: (Short) -> Int): Int
fun ShortArray.sumOf(selector: (Short) -> Long): Long
fun ShortArray.sumOf(selector: (Short) -> UInt): UInt
fun ShortArray.sumOf(selector: (Short) -> ULong): ULong
fun <T> Iterable<T>.sumOf(selector: (T) -> BigDecimal): BigDecimal
fun <T> Iterable<T>.sumOf(selector: (T) -> BigInteger): BigInteger
fun <T> Iterable<T>.sumOf(selector: (T) -> Double): Double
fun <T> Iterable<T>.sumOf(selector: (T) -> Int): Int
fun <T> Iterable<T>.sumOf(selector: (T) -> Long): Long
fun <T> Iterable<T>.sumOf(selector: (T) -> UInt): UInt
fun <T> Iterable<T>.sumOf(selector: (T) -> ULong): ULong
fun UByteArray.sumOf(selector: (UByte) -> BigDecimal): BigDecimal
fun UByteArray.sumOf(selector: (UByte) -> BigInteger): BigInteger
fun UIntArray.sumOf(selector: (UInt) -> BigDecimal): BigDecimal
fun UIntArray.sumOf(selector: (UInt) -> BigInteger): BigInteger
fun ULongArray.sumOf(selector: (ULong) -> BigDecimal): BigDecimal
fun ULongArray.sumOf(selector: (ULong) -> BigInteger): BigInteger
fun UShortArray.sumOf(selector: (UShort) -> BigDecimal): BigDecimal
fun UShortArray.sumOf(selector: (UShort) -> BigInteger): BigInteger
fun UByteArray.sumOf(selector: (UByte) -> Double): Double
fun UByteArray.sumOf(selector: (UByte) -> Int): Int
fun UByteArray.sumOf(selector: (UByte) -> Long): Long
fun UByteArray.sumOf(selector: (UByte) -> UInt): UInt
fun UByteArray.sumOf(selector: (UByte) -> ULong): ULong
fun UIntArray.sumOf(selector: (UInt) -> Double): Double
fun UIntArray.sumOf(selector: (UInt) -> Int): Int
fun UIntArray.sumOf(selector: (UInt) -> Long): Long
fun UIntArray.sumOf(selector: (UInt) -> UInt): UInt
fun UIntArray.sumOf(selector: (UInt) -> ULong): ULong
fun ULongArray.sumOf(selector: (ULong) -> Double): Double
fun ULongArray.sumOf(selector: (ULong) -> Int): Int
fun ULongArray.sumOf(selector: (ULong) -> Long): Long
fun ULongArray.sumOf(selector: (ULong) -> UInt): UInt
fun ULongArray.sumOf(selector: (ULong) -> ULong): ULong
fun UShortArray.sumOf(selector: (UShort) -> Double): Double
fun UShortArray.sumOf(selector: (UShort) -> Int): Int
fun UShortArray.sumOf(selector: (UShort) -> Long): Long
fun UShortArray.sumOf(selector: (UShort) -> UInt): UInt
fun UShortArray.sumOf(selector: (UShort) -> ULong): ULong
fun <T> Sequence<T>.sumOf(selector: (T) -> BigDecimal): BigDecimal
fun <T> Sequence<T>.sumOf(selector: (T) -> BigInteger): BigInteger
fun <T> Sequence<T>.sumOf(selector: (T) -> Double): Double
fun <T> Sequence<T>.sumOf(selector: (T) -> Int): Int
fun <T> Sequence<T>.sumOf(selector: (T) -> Long): Long
fun <T> Sequence<T>.sumOf(selector: (T) -> UInt): UInt
fun <T> Sequence<T>.sumOf(selector: (T) -> ULong): ULong
fun CharSequence.sumOf(selector: (Char) -> BigDecimal): BigDecimal
fun CharSequence.sumOf(selector: (Char) -> BigInteger): BigInteger
fun CharSequence.sumOf(selector: (Char) -> Double): Double
fun CharSequence.sumOf(selector: (Char) -> Int): Int
fun CharSequence.sumOf(selector: (Char) -> Long): Long
fun CharSequence.sumOf(selector: (Char) -> UInt): UInt
fun CharSequence.sumOf(selector: (Char) -> ULong): ULong
e: file:///C:/Users/danus/Documents/antigravity/emergent/app/src/main/java/com/posbah/app/ui/screens/bmp/dashboard/BmpD
ashboardViewModel.kt:121:33 Unresolved reference 'amount'.
e: file:///C:/Users/danus/Documents/antigravity/emergent/app/src/main/java/com/posbah/app/ui/screens/bmp/dashboard/BmpD
ashboardViewModel.kt:121:35 Unresolved reference 'it'.
e: file:///C:/Users/danus/Documents/antigravity/emergent/app/src/main/java/com/posbah/app/ui/screens/bmp/dashboard/BmpD
ashboardViewModel.kt:123:35 Overload resolution ambiguity between candidates:
fun <T> Array<out T>.filter(predicate: (T) -> Boolean): List<T>
fun BooleanArray.filter(predicate: (Boolean) -> Boolean): List<Boolean>
fun ByteArray.filter(predicate: (Byte) -> Boolean): List<Byte>
fun CharArray.filter(predicate: (Char) -> Boolean): List<Char>
fun DoubleArray.filter(predicate: (Double) -> Boolean): List<Double>
fun FloatArray.filter(predicate: (Float) -> Boolean): List<Float>
fun IntArray.filter(predicate: (Int) -> Boolean): List<Int>
fun LongArray.filter(predicate: (Long) -> Boolean): List<Long>
fun ShortArray.filter(predicate: (Short) -> Boolean): List<Short>
fun <T> Iterable<T>.filter(predicate: (T) -> Boolean): List<T>
fun <K, V> Map<out K, V>.filter(predicate: (Map.Entry<K, V>) -> Boolean): Map<K, V>
fun UByteArray.filter(predicate: (UByte) -> Boolean): List<UByte>
fun UIntArray.filter(predicate: (UInt) -> Boolean): List<UInt>
fun ULongArray.filter(predicate: (ULong) -> Boolean): List<ULong>
fun UShortArray.filter(predicate: (UShort) -> Boolean): List<UShort>
fun <T> Sequence<T>.filter(predicate: (T) -> Boolean): Sequence<T>
fun CharSequence.filter(predicate: (Char) -> Boolean): CharSequence
fun String.filter(predicate: (Char) -> Boolean): String
e: file:///C:/Users/danus/Documents/antigravity/emergent/app/src/main/java/com/posbah/app/ui/screens/bmp/dashboard/BmpD
ashboardViewModel.kt:123:44 Unresolved reference 'it'.
e: file:///C:/Users/danus/Documents/antigravity/emergent/app/src/main/java/com/posbah/app/ui/screens/bmp/dashboard/BmpD
ashboardViewModel.kt:123:77 Overload resolution ambiguity between candidates:
fun <T> Array<out T>.sumOf(selector: (T) -> BigDecimal): BigDecimal
fun <T> Array<out T>.sumOf(selector: (T) -> BigInteger): BigInteger
fun BooleanArray.sumOf(selector: (Boolean) -> BigDecimal): BigDecimal
fun BooleanArray.sumOf(selector: (Boolean) -> BigInteger): BigInteger
fun ByteArray.sumOf(selector: (Byte) -> BigDecimal): BigDecimal
fun ByteArray.sumOf(selector: (Byte) -> BigInteger): BigInteger
fun CharArray.sumOf(selector: (Char) -> BigDecimal): BigDecimal
fun CharArray.sumOf(selector: (Char) -> BigInteger): BigInteger
fun DoubleArray.sumOf(selector: (Double) -> BigDecimal): BigDecimal
fun DoubleArray.sumOf(selector: (Double) -> BigInteger): BigInteger
fun FloatArray.sumOf(selector: (Float) -> BigDecimal): BigDecimal
fun FloatArray.sumOf(selector: (Float) -> BigInteger): BigInteger
fun IntArray.sumOf(selector: (Int) -> BigDecimal): BigDecimal
fun IntArray.sumOf(selector: (Int) -> BigInteger): BigInteger
fun LongArray.sumOf(selector: (Long) -> BigDecimal): BigDecimal
fun LongArray.sumOf(selector: (Long) -> BigInteger): BigInteger
fun ShortArray.sumOf(selector: (Short) -> BigDecimal): BigDecimal
fun ShortArray.sumOf(selector: (Short) -> BigInteger): BigInteger
fun <T> Array<out T>.sumOf(selector: (T) -> Double): Double
fun <T> Array<out T>.sumOf(selector: (T) -> Int): Int
fun <T> Array<out T>.sumOf(selector: (T) -> Long): Long
fun <T> Array<out T>.sumOf(selector: (T) -> UInt): UInt
fun <T> Array<out T>.sumOf(selector: (T) -> ULong): ULong
fun BooleanArray.sumOf(selector: (Boolean) -> Double): Double
fun BooleanArray.sumOf(selector: (Boolean) -> Int): Int
fun BooleanArray.sumOf(selector: (Boolean) -> Long): Long
fun BooleanArray.sumOf(selector: (Boolean) -> UInt): UInt
fun BooleanArray.sumOf(selector: (Boolean) -> ULong): ULong
fun ByteArray.sumOf(selector: (Byte) -> Double): Double
fun ByteArray.sumOf(selector: (Byte) -> Int): Int
fun ByteArray.sumOf(selector: (Byte) -> Long): Long
fun ByteArray.sumOf(selector: (Byte) -> UInt): UInt
fun ByteArray.sumOf(selector: (Byte) -> ULong): ULong
fun CharArray.sumOf(selector: (Char) -> Double): Double
fun CharArray.sumOf(selector: (Char) -> Int): Int
fun CharArray.sumOf(selector: (Char) -> Long): Long
fun CharArray.sumOf(selector: (Char) -> UInt): UInt
fun CharArray.sumOf(selector: (Char) -> ULong): ULong
fun DoubleArray.sumOf(selector: (Double) -> Double): Double
fun DoubleArray.sumOf(selector: (Double) -> Int): Int
fun DoubleArray.sumOf(selector: (Double) -> Long): Long
fun DoubleArray.sumOf(selector: (Double) -> UInt): UInt
fun DoubleArray.sumOf(selector: (Double) -> ULong): ULong
fun FloatArray.sumOf(selector: (Float) -> Double): Double
fun FloatArray.sumOf(selector: (Float) -> Int): Int
fun FloatArray.sumOf(selector: (Float) -> Long): Long
fun FloatArray.sumOf(selector: (Float) -> UInt): UInt
fun FloatArray.sumOf(selector: (Float) -> ULong): ULong
fun IntArray.sumOf(selector: (Int) -> Double): Double
fun IntArray.sumOf(selector: (Int) -> Int): Int
fun IntArray.sumOf(selector: (Int) -> Long): Long
fun IntArray.sumOf(selector: (Int) -> UInt): UInt
fun IntArray.sumOf(selector: (Int) -> ULong): ULong
fun LongArray.sumOf(selector: (Long) -> Double): Double
fun LongArray.sumOf(selector: (Long) -> Int): Int
fun LongArray.sumOf(selector: (Long) -> Long): Long
fun LongArray.sumOf(selector: (Long) -> UInt): UInt
fun LongArray.sumOf(selector: (Long) -> ULong): ULong
fun ShortArray.sumOf(selector: (Short) -> Double): Double
fun ShortArray.sumOf(selector: (Short) -> Int): Int
fun ShortArray.sumOf(selector: (Short) -> Long): Long
fun ShortArray.sumOf(selector: (Short) -> UInt): UInt
fun ShortArray.sumOf(selector: (Short) -> ULong): ULong
fun <T> Iterable<T>.sumOf(selector: (T) -> BigDecimal): BigDecimal
fun <T> Iterable<T>.sumOf(selector: (T) -> BigInteger): BigInteger
fun <T> Iterable<T>.sumOf(selector: (T) -> Double): Double
fun <T> Iterable<T>.sumOf(selector: (T) -> Int): Int
fun <T> Iterable<T>.sumOf(selector: (T) -> Long): Long
fun <T> Iterable<T>.sumOf(selector: (T) -> UInt): UInt
fun <T> Iterable<T>.sumOf(selector: (T) -> ULong): ULong
fun UByteArray.sumOf(selector: (UByte) -> BigDecimal): BigDecimal
fun UByteArray.sumOf(selector: (UByte) -> BigInteger): BigInteger
fun UIntArray.sumOf(selector: (UInt) -> BigDecimal): BigDecimal
fun UIntArray.sumOf(selector: (UInt) -> BigInteger): BigInteger
fun ULongArray.sumOf(selector: (ULong) -> BigDecimal): BigDecimal
fun ULongArray.sumOf(selector: (ULong) -> BigInteger): BigInteger
fun UShortArray.sumOf(selector: (UShort) -> BigDecimal): BigDecimal
fun UShortArray.sumOf(selector: (UShort) -> BigInteger): BigInteger
fun UByteArray.sumOf(selector: (UByte) -> Double): Double
fun UByteArray.sumOf(selector: (UByte) -> Int): Int
fun UByteArray.sumOf(selector: (UByte) -> Long): Long
fun UByteArray.sumOf(selector: (UByte) -> UInt): UInt
fun UByteArray.sumOf(selector: (UByte) -> ULong): ULong
fun UIntArray.sumOf(selector: (UInt) -> Double): Double
fun UIntArray.sumOf(selector: (UInt) -> Int): Int
fun UIntArray.sumOf(selector: (UInt) -> Long): Long
fun UIntArray.sumOf(selector: (UInt) -> UInt): UInt
fun UIntArray.sumOf(selector: (UInt) -> ULong): ULong
fun ULongArray.sumOf(selector: (ULong) -> Double): Double
fun ULongArray.sumOf(selector: (ULong) -> Int): Int
fun ULongArray.sumOf(selector: (ULong) -> Long): Long
fun ULongArray.sumOf(selector: (ULong) -> UInt): UInt
fun ULongArray.sumOf(selector: (ULong) -> ULong): ULong
fun UShortArray.sumOf(selector: (UShort) -> Double): Double
fun UShortArray.sumOf(selector: (UShort) -> Int): Int
fun UShortArray.sumOf(selector: (UShort) -> Long): Long
fun UShortArray.sumOf(selector: (UShort) -> UInt): UInt
fun UShortArray.sumOf(selector: (UShort) -> ULong): ULong
fun <T> Sequence<T>.sumOf(selector: (T) -> BigDecimal): BigDecimal
fun <T> Sequence<T>.sumOf(selector: (T) -> BigInteger): BigInteger
fun <T> Sequence<T>.sumOf(selector: (T) -> Double): Double
fun <T> Sequence<T>.sumOf(selector: (T) -> Int): Int
fun <T> Sequence<T>.sumOf(selector: (T) -> Long): Long
fun <T> Sequence<T>.sumOf(selector: (T) -> UInt): UInt
fun <T> Sequence<T>.sumOf(selector: (T) -> ULong): ULong
fun CharSequence.sumOf(selector: (Char) -> BigDecimal): BigDecimal
fun CharSequence.sumOf(selector: (Char) -> BigInteger): BigInteger
fun CharSequence.sumOf(selector: (Char) -> Double): Double
fun CharSequence.sumOf(selector: (Char) -> Int): Int
fun CharSequence.sumOf(selector: (Char) -> Long): Long
fun CharSequence.sumOf(selector: (Char) -> UInt): UInt
fun CharSequence.sumOf(selector: (Char) -> ULong): ULong
e: file:///C:/Users/danus/Documents/antigravity/emergent/app/src/main/java/com/posbah/app/ui/screens/bmp/dashboard/BmpD
ashboardViewModel.kt:123:83 Unresolved reference 'amount'.
e: file:///C:/Users/danus/Documents/antigravity/emergent/app/src/main/java/com/posbah/app/ui/screens/bmp/dashboard/BmpD
ashboardViewModel.kt:123:85 Unresolved reference 'it'.
e: file:///C:/Users/danus/Documents/antigravity/emergent/app/src/main/java/com/posbah/app/ui/screens/bmp/dashboard/BmpD
ashboardViewModel.kt:130:17 Cannot infer type for this parameter. Please specify it explicitly.
e: file:///C:/Users/danus/Documents/antigravity/emergent/app/src/main/java/com/posbah/app/ui/screens/bmp/dashboard/BmpD
ashboardViewModel.kt:130:17 Not enough information to infer type argument for 'T1'.
e: file:///C:/Users/danus/Documents/antigravity/emergent/app/src/main/java/com/posbah/app/ui/screens/bmp/dashboard/BmpD
ashboardViewModel.kt:130:17 Not enough information to infer type argument for 'T2'.
e: file:///C:/Users/danus/Documents/antigravity/emergent/app/src/main/java/com/posbah/app/ui/screens/bmp/dashboard/BmpD
ashboardViewModel.kt:130:17 Not enough information to infer type argument for 'R'.
e: file:///C:/Users/danus/Documents/antigravity/emergent/app/src/main/java/com/posbah/app/ui/screens/bmp/dashboard/BmpD
ashboardViewModel.kt:131:35 Unresolved reference 'totalHarga'.
e: file:///C:/Users/danus/Documents/antigravity/emergent/app/src/main/java/com/posbah/app/ui/screens/bmp/dashboard/BmpD
ashboardViewModel.kt:132:35 Unresolved reference 'totalNominal'.
e: file:///C:/Users/danus/Documents/antigravity/emergent/app/src/main/java/com/posbah/app/ui/screens/bmp/dashboard/BmpD
ashboardViewModel.kt:133:21 Cannot infer type for this parameter. Please specify it explicitly.
e: file:///C:/Users/danus/Documents/antigravity/emergent/app/src/main/java/com/posbah/app/ui/screens/bmp/dashboard/BmpD
ashboardViewModel.kt:133:24 Cannot infer type for this parameter. Please specify it explicitly.
e: file:///C:/Users/danus/Documents/antigravity/emergent/app/src/main/java/com/posbah/app/ui/screens/bmp/dashboard/BmpD
ashboardViewModel.kt:133:31 Cannot infer type for this parameter. Please specify it explicitly.
e: file:///C:/Users/danus/Documents/antigravity/emergent/app/src/main/java/com/posbah/app/ui/screens/bmp/dashboard/BmpD
ashboardViewModel.kt:133:31 Not enough information to infer type argument for 'A'.
e: file:///C:/Users/danus/Documents/antigravity/emergent/app/src/main/java/com/posbah/app/ui/screens/bmp/dashboard/BmpD
ashboardViewModel.kt:133:31 Not enough information to infer type argument for 'B'.
e: file:///C:/Users/danus/Documents/antigravity/emergent/app/src/main/java/com/posbah/app/ui/screens/bmp/dashboard/BmpD
ashboardViewModel.kt:133:48 Cannot infer type for this parameter. Please specify it explicitly.
e: file:///C:/Users/danus/Documents/antigravity/emergent/app/src/main/java/com/posbah/app/ui/screens/bmp/dashboard/BmpD
ashboardViewModel.kt:133:48 Function 'component1()' is ambiguous for this expression: 
fun <T> Array<out T>.component1(): T
fun BooleanArray.component1(): Boolean
fun ByteArray.component1(): Byte
fun CharArray.component1(): Char
fun DoubleArray.component1(): Double
fun FloatArray.component1(): Float
fun IntArray.component1(): Int
fun LongArray.component1(): Long
fun ShortArray.component1(): Short
fun <T> List<T>.component1(): T
fun <K, V> Map.Entry<K, V>.component1(): K
fun UByteArray.component1(): UByte
fun UIntArray.component1(): UInt
fun ULongArray.component1(): ULong
fun UShortArray.component1(): UShort.
e: file:///C:/Users/danus/Documents/antigravity/emergent/app/src/main/java/com/posbah/app/ui/screens/bmp/dashboard/BmpD
ashboardViewModel.kt:133:48 Function 'component2()' is ambiguous for this expression: 
fun <T> Array<out T>.component2(): T
fun BooleanArray.component2(): Boolean
fun ByteArray.component2(): Byte
fun CharArray.component2(): Char
fun DoubleArray.component2(): Double
fun FloatArray.component2(): Float
fun IntArray.component2(): Int
fun LongArray.component2(): Long
fun ShortArray.component2(): Short
fun <T> List<T>.component2(): T
fun <K, V> Map.Entry<K, V>.component2(): V
fun UByteArray.component2(): UByte
fun UIntArray.component2(): UInt
fun ULongArray.component2(): ULong
fun UShortArray.component2(): UShort.
e: file:///C:/Users/danus/Documents/antigravity/emergent/app/src/main/java/com/posbah/app/ui/screens/bmp/dashboard/BmpD
ashboardViewModel.kt:139:30 Unresolved reference 'observe'.
e: file:///C:/Users/danus/Documents/antigravity/emergent/app/src/main/java/com/posbah/app/ui/screens/bmp/dashboard/BmpD
ashboardViewModel.kt:139:58 Cannot infer type for this parameter. Please specify it explicitly.
e: file:///C:/Users/danus/Documents/antigravity/emergent/app/src/main/java/com/posbah/app/ui/screens/bmp/dashboard/BmpD
ashboardViewModel.kt:148:45 Overload resolution ambiguity between candidates:
fun <T, K> Array<out T>.groupBy(keySelector: (T) -> K): Map<K, List<T>>
fun <K> BooleanArray.groupBy(keySelector: (Boolean) -> K): Map<K, List<Boolean>>
fun <K> ByteArray.groupBy(keySelector: (Byte) -> K): Map<K, List<Byte>>
fun <K> CharArray.groupBy(keySelector: (Char) -> K): Map<K, List<Char>>
fun <K> DoubleArray.groupBy(keySelector: (Double) -> K): Map<K, List<Double>>
fun <K> FloatArray.groupBy(keySelector: (Float) -> K): Map<K, List<Float>>
fun <K> IntArray.groupBy(keySelector: (Int) -> K): Map<K, List<Int>>
fun <K> LongArray.groupBy(keySelector: (Long) -> K): Map<K, List<Long>>
fun <K> ShortArray.groupBy(keySelector: (Short) -> K): Map<K, List<Short>>
fun <T, K> Iterable<T>.groupBy(keySelector: (T) -> K): Map<K, List<T>>
fun <K> UByteArray.groupBy(keySelector: (UByte) -> K): Map<K, List<UByte>>
fun <K> UIntArray.groupBy(keySelector: (UInt) -> K): Map<K, List<UInt>>
fun <K> ULongArray.groupBy(keySelector: (ULong) -> K): Map<K, List<ULong>>
fun <K> UShortArray.groupBy(keySelector: (UShort) -> K): Map<K, List<UShort>>
fun <T, K> Sequence<T>.groupBy(keySelector: (T) -> K): Map<K, List<T>>
fun <K> CharSequence.groupBy(keySelector: (Char) -> K): Map<K, List<Char>>
e: file:///C:/Users/danus/Documents/antigravity/emergent/app/src/main/java/com/posbah/app/ui/screens/bmp/dashboard/BmpD
ashboardViewModel.kt:148:84 Unresolved reference 'it'.
e: file:///C:/Users/danus/Documents/antigravity/emergent/app/src/main/java/com/posbah/app/ui/screens/bmp/dashboard/BmpD
ashboardViewModel.kt:152:55 Cannot infer type for this parameter. Please specify it explicitly.
e: file:///C:/Users/danus/Documents/antigravity/emergent/app/src/main/java/com/posbah/app/ui/screens/bmp/dashboard/BmpD
ashboardViewModel.kt:152:55 Not enough information to infer type argument for 'T'.
e: file:///C:/Users/danus/Documents/antigravity/emergent/app/src/main/java/com/posbah/app/ui/screens/bmp/dashboard/BmpD
ashboardViewModel.kt:153:45 Unresolved reference 'filter'.
e: file:///C:/Users/danus/Documents/antigravity/emergent/app/src/main/java/com/posbah/app/ui/screens/bmp/dashboard/BmpD
ashboardViewModel.kt:153:54 Unresolved reference 'it'.
e: file:///C:/Users/danus/Documents/antigravity/emergent/app/src/main/java/com/posbah/app/ui/screens/bmp/dashboard/BmpD
ashboardViewModel.kt:153:92 Unresolved reference 'amount'.
e: file:///C:/Users/danus/Documents/antigravity/emergent/app/src/main/java/com/posbah/app/ui/screens/bmp/dashboard/BmpD
ashboardViewModel.kt:153:94 Unresolved reference 'it'.
e: file:///C:/Users/danus/Documents/antigravity/emergent/app/src/main/java/com/posbah/app/ui/screens/bmp/dashboard/BmpD
ashboardViewModel.kt:154:46 Unresolved reference 'filter'.
e: file:///C:/Users/danus/Documents/antigravity/emergent/app/src/main/java/com/posbah/app/ui/screens/bmp/dashboard/BmpD
ashboardViewModel.kt:154:55 Unresolved reference 'it'.
e: file:///C:/Users/danus/Documents/antigravity/emergent/app/src/main/java/com/posbah/app/ui/screens/bmp/dashboard/BmpD
ashboardViewModel.kt:154:94 Unresolved reference 'amount'.
e: file:///C:/Users/danus/Documents/antigravity/emergent/app/src/main/java/com/posbah/app/ui/screens/bmp/dashboard/BmpD
ashboardViewModel.kt:154:96 Unresolved reference 'it'.
e: file:///C:/Users/danus/Documents/antigravity/emergent/app/src/main/java/com/posbah/app/ui/screens/bmp/employees/Empl
oyeesScreen.kt:80:26 Unresolved reference 'observe'.
e: file:///C:/Users/danus/Documents/antigravity/emergent/app/src/main/java/com/posbah/app/ui/screens/bmp/employees/Empl
oyeesScreen.kt:80:44 Cannot infer type for this parameter. Please specify it explicitly.
e: file:///C:/Users/danus/Documents/antigravity/emergent/app/src/main/java/com/posbah/app/ui/screens/bmp/employees/Empl
oyeesScreen.kt:80:92 Cannot infer type for this parameter. Please specify it explicitly.
e: file:///C:/Users/danus/Documents/antigravity/emergent/app/src/main/java/com/posbah/app/ui/screens/bmp/employees/Empl
oyeesScreen.kt:81:25 Unresolved reference 'observePayrolls'.
e: file:///C:/Users/danus/Documents/antigravity/emergent/app/src/main/java/com/posbah/app/ui/screens/bmp/employees/Empl
oyeesScreen.kt:81:51 Cannot infer type for this parameter. Please specify it explicitly.
e: file:///C:/Users/danus/Documents/antigravity/emergent/app/src/main/java/com/posbah/app/ui/screens/bmp/employees/Empl
oyeesScreen.kt:81:99 Cannot infer type for this parameter. Please specify it explicitly.
e: file:///C:/Users/danus/Documents/antigravity/emergent/app/src/main/java/com/posbah/app/ui/screens/bmp/employees/Empl
oyeesScreen.kt:95:48 Overload resolution ambiguity between candidates:
fun <T> Array<out T>.filter(predicate: (T) -> Boolean): List<T>
fun BooleanArray.filter(predicate: (Boolean) -> Boolean): List<Boolean>
fun ByteArray.filter(predicate: (Byte) -> Boolean): List<Byte>
fun CharArray.filter(predicate: (Char) -> Boolean): List<Char>
fun DoubleArray.filter(predicate: (Double) -> Boolean): List<Double>
fun FloatArray.filter(predicate: (Float) -> Boolean): List<Float>
fun IntArray.filter(predicate: (Int) -> Boolean): List<Int>
fun LongArray.filter(predicate: (Long) -> Boolean): List<Long>
fun ShortArray.filter(predicate: (Short) -> Boolean): List<Short>
fun <T> Iterable<T>.filter(predicate: (T) -> Boolean): List<T>
fun <K, V> Map<out K, V>.filter(predicate: (Map.Entry<K, V>) -> Boolean): Map<K, V>
fun UByteArray.filter(predicate: (UByte) -> Boolean): List<UByte>
fun UIntArray.filter(predicate: (UInt) -> Boolean): List<UInt>
fun ULongArray.filter(predicate: (ULong) -> Boolean): List<ULong>
fun UShortArray.filter(predicate: (UShort) -> Boolean): List<UShort>
fun <T> Sequence<T>.filter(predicate: (T) -> Boolean): Sequence<T>
fun CharSequence.filter(predicate: (Char) -> Boolean): CharSequence
fun String.filter(predicate: (Char) -> Boolean): String
e: file:///C:/Users/danus/Documents/antigravity/emergent/app/src/main/java/com/posbah/app/ui/screens/bmp/employees/Empl
oyeesScreen.kt:95:55 Unresolved reference 'isActive'.
e: file:///C:/Users/danus/Documents/antigravity/emergent/app/src/main/java/com/posbah/app/ui/screens/bmp/employees/Empl
oyeesScreen.kt:95:57 Unresolved reference 'it'.
e: file:///C:/Users/danus/Documents/antigravity/emergent/app/src/main/java/com/posbah/app/ui/screens/bmp/employees/Empl
oyeesScreen.kt:98:49 Overload resolution ambiguity between candidates:
fun <T> Array<out T>.count(predicate: (T) -> Boolean): Int
fun BooleanArray.count(predicate: (Boolean) -> Boolean): Int
fun ByteArray.count(predicate: (Byte) -> Boolean): Int
fun CharArray.count(predicate: (Char) -> Boolean): Int
fun DoubleArray.count(predicate: (Double) -> Boolean): Int
fun FloatArray.count(predicate: (Float) -> Boolean): Int
fun IntArray.count(predicate: (Int) -> Boolean): Int
fun LongArray.count(predicate: (Long) -> Boolean): Int
fun ShortArray.count(predicate: (Short) -> Boolean): Int
fun <T> Iterable<T>.count(predicate: (T) -> Boolean): Int
fun <K, V> Map<out K, V>.count(predicate: (Map.Entry<K, V>) -> Boolean): Int
fun UByteArray.count(predicate: (UByte) -> Boolean): Int
fun UIntArray.count(predicate: (UInt) -> Boolean): Int
fun ULongArray.count(predicate: (ULong) -> Boolean): Int
fun UShortArray.count(predicate: (UShort) -> Boolean): Int
fun <T> Sequence<T>.count(predicate: (T) -> Boolean): Int
fun CharSequence.count(predicate: (Char) -> Boolean): Int
e: file:///C:/Users/danus/Documents/antigravity/emergent/app/src/main/java/com/posbah/app/ui/screens/bmp/employees/Empl
oyeesScreen.kt:98:57 Unresolved reference 'it'.
e: file:///C:/Users/danus/Documents/antigravity/emergent/app/src/main/java/com/posbah/app/ui/screens/bmp/employees/Empl
oyeesScreen.kt:98:86 Unresolved reference 'it'.
e: file:///C:/Users/danus/Documents/antigravity/emergent/app/src/main/java/com/posbah/app/ui/screens/bmp/employees/Empl
oyeesScreen.kt:99:30 'operator' modifier is required on 'FirNamedFunctionSymbol kotlin/compareTo' in 'compareTo'.
e: file:///C:/Users/danus/Documents/antigravity/emergent/app/src/main/java/com/posbah/app/ui/screens/bmp/employees/Empl
oyeesScreen.kt:106:46 Overload resolution ambiguity between candidates:
fun <T> Array<out T>.firstOrNull(predicate: (T) -> Boolean): T?
fun BooleanArray.firstOrNull(predicate: (Boolean) -> Boolean): Boolean?
fun ByteArray.firstOrNull(predicate: (Byte) -> Boolean): Byte?
fun CharArray.firstOrNull(predicate: (Char) -> Boolean): Char?
fun DoubleArray.firstOrNull(predicate: (Double) -> Boolean): Double?
fun FloatArray.firstOrNull(predicate: (Float) -> Boolean): Float?
fun IntArray.firstOrNull(predicate: (Int) -> Boolean): Int?
fun LongArray.firstOrNull(predicate: (Long) -> Boolean): Long?
fun ShortArray.firstOrNull(predicate: (Short) -> Boolean): Short?
fun <T> Iterable<T>.firstOrNull(predicate: (T) -> Boolean): T?
fun UByteArray.firstOrNull(predicate: (UByte) -> Boolean): UByte?
fun UIntArray.firstOrNull(predicate: (UInt) -> Boolean): UInt?
fun ULongArray.firstOrNull(predicate: (ULong) -> Boolean): ULong?
fun UShortArray.firstOrNull(predicate: (UShort) -> Boolean): UShort?
fun <T> Sequence<T>.firstOrNull(predicate: (T) -> Boolean): T?
fun CharSequence.firstOrNull(predicate: (Char) -> Boolean): Char?
e: file:///C:/Users/danus/Documents/antigravity/emergent/app/src/main/java/com/posbah/app/ui/screens/bmp/employees/Empl
oyeesScreen.kt:106:60 Unresolved reference 'it'.
e: file:///C:/Users/danus/Documents/antigravity/emergent/app/src/main/java/com/posbah/app/ui/screens/bmp/employees/Empl
oyeesScreen.kt:107:48 Unresolved reference 'outletId'.
e: file:///C:/Users/danus/Documents/antigravity/emergent/app/src/main/java/com/posbah/app/ui/screens/bmp/employees/Empl
oyeesScreen.kt:107:78 Unresolved reference 'outletId'.
e: file:///C:/Users/danus/Documents/antigravity/emergent/app/src/main/java/com/posbah/app/ui/screens/bmp/employees/Empl
oyeesScreen.kt:108:55 Overload resolution ambiguity between candidates:
fun <T> Array<out T>.count(predicate: (T) -> Boolean): Int
fun BooleanArray.count(predicate: (Boolean) -> Boolean): Int
fun ByteArray.count(predicate: (Byte) -> Boolean): Int
fun CharArray.count(predicate: (Char) -> Boolean): Int
fun DoubleArray.count(predicate: (Double) -> Boolean): Int
fun FloatArray.count(predicate: (Float) -> Boolean): Int
fun IntArray.count(predicate: (Int) -> Boolean): Int
fun LongArray.count(predicate: (Long) -> Boolean): Int
fun ShortArray.count(predicate: (Short) -> Boolean): Int
fun <T> Iterable<T>.count(predicate: (T) -> Boolean): Int
fun <K, V> Map<out K, V>.count(predicate: (Map.Entry<K, V>) -> Boolean): Int
fun UByteArray.count(predicate: (UByte) -> Boolean): Int
fun UIntArray.count(predicate: (UInt) -> Boolean): Int
fun ULongArray.count(predicate: (ULong) -> Boolean): Int
fun UShortArray.count(predicate: (UShort) -> Boolean): Int
fun <T> Sequence<T>.count(predicate: (T) -> Boolean): Int
fun CharSequence.count(predicate: (Char) -> Boolean): Int
e: file:///C:/Users/danus/Documents/antigravity/emergent/app/src/main/java/com/posbah/app/ui/screens/bmp/employees/Empl
oyeesScreen.kt:108:63 Unresolved reference 'it'.
e: file:///C:/Users/danus/Documents/antigravity/emergent/app/src/main/java/com/posbah/app/ui/screens/bmp/employees/Empl
oyeesScreen.kt:108:88 Unresolved reference 'outletId'.
e: file:///C:/Users/danus/Documents/antigravity/emergent/app/src/main/java/com/posbah/app/ui/screens/bmp/employees/Empl
oyeesScreen.kt:109:36 'operator' modifier is required on 'FirNamedFunctionSymbol kotlin/compareTo' in 'compareTo'.
e: file:///C:/Users/danus/Documents/antigravity/emergent/app/src/main/java/com/posbah/app/ui/screens/bmp/employees/Empl
oyeesScreen.kt:110:74 Unresolved reference 'outletId'.
e: file:///C:/Users/danus/Documents/antigravity/emergent/app/src/main/java/com/posbah/app/ui/screens/bmp/employees/Empl
oyeesScreen.kt:141:126 Argument type mismatch: actual type is 'kotlin.String?', but 'kotlin.String' was expected.
e: file:///C:/Users/danus/Documents/antigravity/emergent/app/src/main/java/com/posbah/app/ui/screens/bmp/employees/Empl
oyeesScreen.kt:166:116 Argument type mismatch: actual type is 'kotlin.String?', but 'kotlin.String' was expected.
e: file:///C:/Users/danus/Documents/antigravity/emergent/app/src/main/java/com/posbah/app/ui/screens/bmp/employees/Empl
oyeesScreen.kt:173:39 Argument type mismatch: actual type is 'com.posbah.app.data.local.entities.BmpEmployeeEntity', 
but 'com.posbah.app.data.repository.BmpEmployeeData' was expected.
e: file:///C:/Users/danus/Documents/antigravity/emergent/app/src/main/java/com/posbah/app/ui/screens/bmp/employees/Empl
oyeesScreen.kt:175:56 Unresolved reference 'pushBmpEmployeeImmediate'.
e: file:///C:/Users/danus/Documents/antigravity/emergent/app/src/main/java/com/posbah/app/ui/screens/bmp/employees/Empl
oyeesScreen.kt:180:48 Overload resolution ambiguity between candidates:
fun <T> Array<out T>.filter(predicate: (T) -> Boolean): List<T>
fun BooleanArray.filter(predicate: (Boolean) -> Boolean): List<Boolean>
fun ByteArray.filter(predicate: (Byte) -> Boolean): List<Byte>
fun CharArray.filter(predicate: (Char) -> Boolean): List<Char>
fun DoubleArray.filter(predicate: (Double) -> Boolean): List<Double>
fun FloatArray.filter(predicate: (Float) -> Boolean): List<Float>
fun IntArray.filter(predicate: (Int) -> Boolean): List<Int>
fun LongArray.filter(predicate: (Long) -> Boolean): List<Long>
fun ShortArray.filter(predicate: (Short) -> Boolean): List<Short>
fun <T> Iterable<T>.filter(predicate: (T) -> Boolean): List<T>
fun <K, V> Map<out K, V>.filter(predicate: (Map.Entry<K, V>) -> Boolean): Map<K, V>
fun UByteArray.filter(predicate: (UByte) -> Boolean): List<UByte>
fun UIntArray.filter(predicate: (UInt) -> Boolean): List<UInt>
fun ULongArray.filter(predicate: (ULong) -> Boolean): List<ULong>
fun UShortArray.filter(predicate: (UShort) -> Boolean): List<UShort>
fun <T> Sequence<T>.filter(predicate: (T) -> Boolean): Sequence<T>
fun CharSequence.filter(predicate: (Char) -> Boolean): CharSequence
fun String.filter(predicate: (Char) -> Boolean): String
e: file:///C:/Users/danus/Documents/antigravity/emergent/app/src/main/java/com/posbah/app/ui/screens/bmp/employees/Empl
oyeesScreen.kt:180:55 Unresolved reference 'isActive'.
e: file:///C:/Users/danus/Documents/antigravity/emergent/app/src/main/java/com/posbah/app/ui/screens/bmp/employees/Empl
oyeesScreen.kt:180:57 Unresolved reference 'it'.
e: file:///C:/Users/danus/Documents/antigravity/emergent/app/src/main/java/com/posbah/app/ui/screens/bmp/employees/Empl
oyeesScreen.kt:181:36 Overload resolution ambiguity between candidates:
fun <T> Array<out T>.firstOrNull(predicate: (T) -> Boolean): T?
fun BooleanArray.firstOrNull(predicate: (Boolean) -> Boolean): Boolean?
fun ByteArray.firstOrNull(predicate: (Byte) -> Boolean): Byte?
fun CharArray.firstOrNull(predicate: (Char) -> Boolean): Char?
fun DoubleArray.firstOrNull(predicate: (Double) -> Boolean): Double?
fun FloatArray.firstOrNull(predicate: (Float) -> Boolean): Float?
fun IntArray.firstOrNull(predicate: (Int) -> Boolean): Int?
fun LongArray.firstOrNull(predicate: (Long) -> Boolean): Long?
fun ShortArray.firstOrNull(predicate: (Short) -> Boolean): Short?
fun <T> Iterable<T>.firstOrNull(predicate: (T) -> Boolean): T?
fun UByteArray.firstOrNull(predicate: (UByte) -> Boolean): UByte?
fun UIntArray.firstOrNull(predicate: (UInt) -> Boolean): UInt?
fun ULongArray.firstOrNull(predicate: (ULong) -> Boolean): ULong?
fun UShortArray.firstOrNull(predicate: (UShort) -> Boolean): UShort?
fun <T> Sequence<T>.firstOrNull(predicate: (T) -> Boolean): T?
fun CharSequence.firstOrNull(predicate: (Char) -> Boolean): Char?
e: file:///C:/Users/danus/Documents/antigravity/emergent/app/src/main/java/com/posbah/app/ui/screens/bmp/employees/Empl
oyeesScreen.kt:181:50 Unresolved reference 'it'.
e: file:///C:/Users/danus/Documents/antigravity/emergent/app/src/main/java/com/posbah/app/ui/screens/bmp/employees/Empl
oyeesScreen.kt:182:32 Unresolved reference 'outletId'.
e: file:///C:/Users/danus/Documents/antigravity/emergent/app/src/main/java/com/posbah/app/ui/screens/bmp/employees/Empl
oyeesScreen.kt:183:49 Overload resolution ambiguity between candidates:
fun <T> Array<out T>.count(predicate: (T) -> Boolean): Int
fun BooleanArray.count(predicate: (Boolean) -> Boolean): Int
fun ByteArray.count(predicate: (Byte) -> Boolean): Int
fun CharArray.count(predicate: (Char) -> Boolean): Int
fun DoubleArray.count(predicate: (Double) -> Boolean): Int
fun FloatArray.count(predicate: (Float) -> Boolean): Int
fun IntArray.count(predicate: (Int) -> Boolean): Int
fun LongArray.count(predicate: (Long) -> Boolean): Int
fun ShortArray.count(predicate: (Short) -> Boolean): Int
fun <T> Iterable<T>.count(predicate: (T) -> Boolean): Int
fun <K, V> Map<out K, V>.count(predicate: (Map.Entry<K, V>) -> Boolean): Int
fun UByteArray.count(predicate: (UByte) -> Boolean): Int
fun UIntArray.count(predicate: (UInt) -> Boolean): Int
fun ULongArray.count(predicate: (ULong) -> Boolean): Int
fun UShortArray.count(predicate: (UShort) -> Boolean): Int
fun <T> Sequence<T>.count(predicate: (T) -> Boolean): Int
fun CharSequence.count(predicate: (Char) -> Boolean): Int
e: file:///C:/Users/danus/Documents/antigravity/emergent/app/src/main/java/com/posbah/app/ui/screens/bmp/employees/Empl
oyeesScreen.kt:183:57 Unresolved reference 'it'.
e: file:///C:/Users/danus/Documents/antigravity/emergent/app/src/main/java/com/posbah/app/ui/screens/bmp/employees/Empl
oyeesScreen.kt:183:76 Unresolved reference 'outletId'.
e: file:///C:/Users/danus/Documents/antigravity/emergent/app/src/main/java/com/posbah/app/ui/screens/bmp/employees/Empl
oyeesScreen.kt:184:30 'operator' modifier is required on 'FirNamedFunctionSymbol kotlin/compareTo' in 'compareTo'.
e: file:///C:/Users/danus/Documents/antigravity/emergent/app/src/main/java/com/posbah/app/ui/screens/bmp/employees/Empl
oyeesScreen.kt:185:61 Unresolved reference 'outletId'.
e: file:///C:/Users/danus/Documents/antigravity/emergent/app/src/main/java/com/posbah/app/ui/screens/bmp/employees/Empl
oyeesScreen.kt:191:14 Unresolved reference 'softDelete'.
e: file:///C:/Users/danus/Documents/antigravity/emergent/app/src/main/java/com/posbah/app/ui/screens/bmp/employees/Empl
oyeesScreen.kt:193:56 Unresolved reference 'deleteBmpEmployeeImmediate'.
e: file:///C:/Users/danus/Documents/antigravity/emergent/app/src/main/java/com/posbah/app/ui/screens/bmp/employees/Empl
oyeesScreen.kt:199:39 Unresolved reference 'insertPayroll'.
e: file:///C:/Users/danus/Documents/antigravity/emergent/app/src/main/java/com/posbah/app/ui/screens/bmp/employees/Empl
oyeesScreen.kt:210:56 Unresolved reference 'pushBmpPayrollImmediate'.
e: file:///C:/Users/danus/Documents/antigravity/emergent/app/src/main/java/com/posbah/app/ui/screens/bmp/employees/Empl
oyeesScreen.kt:220:17 Cannot infer type for this parameter. Please specify it explicitly.
e: file:///C:/Users/danus/Documents/antigravity/emergent/app/src/main/java/com/posbah/app/ui/screens/bmp/employees/Empl
oyeesScreen.kt:220:17 Property delegate must have a 'getValue(Nothing?, KProperty0<ERROR CLASS: Cannot infer argument 
for type parameter T>)' method. None of the following functions is applicable:
fun <T> State<T>.getValue(thisObj: Any?, property: KProperty<*>): T
e: file:///C:/Users/danus/Documents/antigravity/emergent/app/src/main/java/com/posbah/app/ui/screens/bmp/employees/Empl
oyeesScreen.kt:220:17 Not enough information to infer type argument for 'T'.
e: file:///C:/Users/danus/Documents/antigravity/emergent/app/src/main/java/com/posbah/app/ui/screens/bmp/employees/Empl
oyeesScreen.kt:220:37 Cannot infer type for this parameter. Please specify it explicitly.
e: file:///C:/Users/danus/Documents/antigravity/emergent/app/src/main/java/com/posbah/app/ui/screens/bmp/employees/Empl
oyeesScreen.kt:220:37 Not enough information to infer type argument for 'T'.
e: file:///C:/Users/danus/Documents/antigravity/emergent/app/src/main/java/com/posbah/app/ui/screens/bmp/employees/Empl
oyeesScreen.kt:236:72 Function invocation 'size(...)' expected.
e: file:///C:/Users/danus/Documents/antigravity/emergent/app/src/main/java/com/posbah/app/ui/screens/bmp/employees/Empl
oyeesScreen.kt:249:22 Overload resolution ambiguity between candidates:
fun <T> Array<out T>.isEmpty(): Boolean
fun BooleanArray.isEmpty(): Boolean
fun ByteArray.isEmpty(): Boolean
fun CharArray.isEmpty(): Boolean
fun DoubleArray.isEmpty(): Boolean
fun FloatArray.isEmpty(): Boolean
fun IntArray.isEmpty(): Boolean
fun LongArray.isEmpty(): Boolean
fun ShortArray.isEmpty(): Boolean
fun CharSequence.isEmpty(): Boolean
e: file:///C:/Users/danus/Documents/antigravity/emergent/app/src/main/java/com/posbah/app/ui/screens/bmp/employees/Empl
oyeesScreen.kt:263:44 Unresolved reference 'id'.
e: file:///C:/Users/danus/Documents/antigravity/emergent/app/src/main/java/com/posbah/app/ui/screens/bmp/employees/Empl
oyeesScreen.kt:268:57 Assignment type mismatch: actual type is 'kotlin.Int', but 
'com.posbah.app.data.local.entities.BmpEmployeeEntity?' was expected.
e: file:///C:/Users/danus/Documents/antigravity/emergent/app/src/main/java/com/posbah/app/ui/screens/bmp/employees/Empl
oyeesScreen.kt:269:51 Unresolved reference 'id'.
e: file:///C:/Users/danus/Documents/antigravity/emergent/app/src/main/java/com/posbah/app/ui/screens/bmp/employees/Empl
oyeesScreen.kt:283:44 Unresolved reference 'name'.
e: file:///C:/Users/danus/Documents/antigravity/emergent/app/src/main/java/com/posbah/app/ui/screens/bmp/employees/Empl
oyeesScreen.kt:284:58 Unresolved reference 'fingerprintPIN'.
e: file:///C:/Users/danus/Documents/antigravity/emergent/app/src/main/java/com/posbah/app/ui/screens/bmp/employees/Empl
oyeesScreen.kt:284:100 Unresolved reference 'fingerprintPIN'.
e: file:///C:/Users/danus/Documents/antigravity/emergent/app/src/main/java/com/posbah/app/ui/screens/bmp/employees/Empl
oyeesScreen.kt:285:87 Unresolved reference 'outletId'.
e: file:///C:/Users/danus/Documents/antigravity/emergent/app/src/main/java/com/posbah/app/ui/screens/bmp/employees/Empl
oyeesScreen.kt:287:46 Unresolved reference 'position'.
e: file:///C:/Users/danus/Documents/antigravity/emergent/app/src/main/java/com/posbah/app/ui/screens/bmp/employees/Empl
oyeesScreen.kt:287:94 Unresolved reference 'salaryAmount'.
e: file:///C:/Users/danus/Documents/antigravity/emergent/app/src/main/java/com/posbah/app/ui/screens/bmp/employees/Empl
oyeesScreen.kt:292:68 Assignment type mismatch: actual type is 'kotlin.Int', but 
'com.posbah.app.data.local.entities.BmpEmployeeEntity?' was expected.
e: file:///C:/Users/danus/Documents/antigravity/emergent/app/src/main/java/com/posbah/app/ui/screens/bmp/employees/Empl
oyeesScreen.kt:292:110 Unresolved reference 'id'.
e: file:///C:/Users/danus/Documents/antigravity/emergent/app/src/main/java/com/posbah/app/ui/screens/bmp/employees/Empl
oyeesScreen.kt:534:21 Cannot infer type for this parameter. Please specify it explicitly.
e: file:///C:/Users/danus/Documents/antigravity/emergent/app/src/main/java/com/posbah/app/ui/screens/bmp/employees/Empl
oyeesScreen.kt:534:21 Property delegate must have a 'getValue(Nothing?, KProperty0<ERROR CLASS: Cannot infer argument 
for type parameter T>)' method. None of the following functions is applicable:
fun <T> State<T>.getValue(thisObj: Any?, property: KProperty<*>): T
e: file:///C:/Users/danus/Documents/antigravity/emergent/app/src/main/java/com/posbah/app/ui/screens/bmp/employees/Empl
oyeesScreen.kt:534:21 Not enough information to infer type argument for 'T'.
e: file:///C:/Users/danus/Documents/antigravity/emergent/app/src/main/java/com/posbah/app/ui/screens/bmp/employees/Empl
oyeesScreen.kt:534:40 Cannot infer type for this parameter. Please specify it explicitly.
e: file:///C:/Users/danus/Documents/antigravity/emergent/app/src/main/java/com/posbah/app/ui/screens/bmp/employees/Empl
oyeesScreen.kt:534:40 Not enough information to infer type argument for 'T'.
e: file:///C:/Users/danus/Documents/antigravity/emergent/app/src/main/java/com/posbah/app/ui/screens/bmp/employees/Empl
oyeesScreen.kt:535:17 Cannot infer type for this parameter. Please specify it explicitly.
e: file:///C:/Users/danus/Documents/antigravity/emergent/app/src/main/java/com/posbah/app/ui/screens/bmp/employees/Empl
oyeesScreen.kt:535:17 Property delegate must have a 'getValue(Nothing?, KProperty0<ERROR CLASS: Cannot infer argument 
for type parameter T>)' method. None of the following functions is applicable:
fun <T> State<T>.getValue(thisObj: Any?, property: KProperty<*>): T
e: file:///C:/Users/danus/Documents/antigravity/emergent/app/src/main/java/com/posbah/app/ui/screens/bmp/employees/Empl
oyeesScreen.kt:535:17 Not enough information to infer type argument for 'T'.
e: file:///C:/Users/danus/Documents/antigravity/emergent/app/src/main/java/com/posbah/app/ui/screens/bmp/employees/Empl
oyeesScreen.kt:535:37 Cannot infer type for this parameter. Please specify it explicitly.
e: file:///C:/Users/danus/Documents/antigravity/emergent/app/src/main/java/com/posbah/app/ui/screens/bmp/employees/Empl
oyeesScreen.kt:535:37 Not enough information to infer type argument for 'T'.
e: file:///C:/Users/danus/Documents/antigravity/emergent/app/src/main/java/com/posbah/app/ui/screens/bmp/employees/Empl
oyeesScreen.kt:539:78 Function invocation 'size(...)' expected.
e: file:///C:/Users/danus/Documents/antigravity/emergent/app/src/main/java/com/posbah/app/ui/screens/bmp/employees/Empl
oyeesScreen.kt:541:22 Overload resolution ambiguity between candidates:
fun <T> Array<out T>.isEmpty(): Boolean
fun BooleanArray.isEmpty(): Boolean
fun ByteArray.isEmpty(): Boolean
fun CharArray.isEmpty(): Boolean
fun DoubleArray.isEmpty(): Boolean
fun FloatArray.isEmpty(): Boolean
fun IntArray.isEmpty(): Boolean
fun LongArray.isEmpty(): Boolean
fun ShortArray.isEmpty(): Boolean
fun CharSequence.isEmpty(): Boolean
e: file:///C:/Users/danus/Documents/antigravity/emergent/app/src/main/java/com/posbah/app/ui/screens/bmp/employees/Empl
oyeesScreen.kt:551:44 Unresolved reference 'id'.
e: file:///C:/Users/danus/Documents/antigravity/emergent/app/src/main/java/com/posbah/app/ui/screens/bmp/employees/Empl
oyeesScreen.kt:552:36 Overload resolution ambiguity between candidates:
fun <T> Array<out T>.firstOrNull(predicate: (T) -> Boolean): T?
fun BooleanArray.firstOrNull(predicate: (Boolean) -> Boolean): Boolean?
fun ByteArray.firstOrNull(predicate: (Byte) -> Boolean): Byte?
fun CharArray.firstOrNull(predicate: (Char) -> Boolean): Char?
fun DoubleArray.firstOrNull(predicate: (Double) -> Boolean): Double?
fun FloatArray.firstOrNull(predicate: (Float) -> Boolean): Float?
fun IntArray.firstOrNull(predicate: (Int) -> Boolean): Int?
fun LongArray.firstOrNull(predicate: (Long) -> Boolean): Long?
fun ShortArray.firstOrNull(predicate: (Short) -> Boolean): Short?
fun <T> Iterable<T>.firstOrNull(predicate: (T) -> Boolean): T?
fun UByteArray.firstOrNull(predicate: (UByte) -> Boolean): UByte?
fun UIntArray.firstOrNull(predicate: (UInt) -> Boolean): UInt?
fun ULongArray.firstOrNull(predicate: (ULong) -> Boolean): ULong?
fun UShortArray.firstOrNull(predicate: (UShort) -> Boolean): UShort?
fun <T> Sequence<T>.firstOrNull(predicate: (T) -> Boolean): T?
fun CharSequence.firstOrNull(predicate: (Char) -> Boolean): Char?
e: file:///C:/Users/danus/Documents/antigravity/emergent/app/src/main/java/com/posbah/app/ui/screens/bmp/employees/Empl
oyeesScreen.kt:552:50 Unresolved reference 'it'.
e: file:///C:/Users/danus/Documents/antigravity/emergent/app/src/main/java/com/posbah/app/ui/screens/bmp/employees/Empl
oyeesScreen.kt:552:61 Unresolved reference 'employeeId'.
e: file:///C:/Users/danus/Documents/antigravity/emergent/app/src/main/java/com/posbah/app/ui/screens/bmp/employees/Empl
oyeesScreen.kt:556:81 Unresolved reference 'id'.
e: file:///C:/Users/danus/Documents/antigravity/emergent/app/src/main/java/com/posbah/app/ui/screens/bmp/employees/Empl
oyeesScreen.kt:560:43 Unresolved reference 'name'.
e: file:///C:/Users/danus/Documents/antigravity/emergent/app/src/main/java/com/posbah/app/ui/screens/bmp/employees/Empl
oyeesScreen.kt:560:66 Unresolved reference 'employeeId'.
e: file:///C:/Users/danus/Documents/antigravity/emergent/app/src/main/java/com/posbah/app/ui/screens/bmp/employees/Empl
oyeesScreen.kt:562:62 Unresolved reference 'paymentDate'.
e: file:///C:/Users/danus/Documents/antigravity/emergent/app/src/main/java/com/posbah/app/ui/screens/bmp/employees/Empl
oyeesScreen.kt:562:82 Unresolved reference 'attendanceCount'.
e: file:///C:/Users/danus/Documents/antigravity/emergent/app/src/main/java/com/posbah/app/ui/screens/bmp/employees/Empl
oyeesScreen.kt:568:53 Unresolved reference 'amount'.
e: file:///C:/Users/danus/Documents/antigravity/emergent/app/src/main/java/com/posbah/app/ui/screens/bmp/invoices/Invoi
cesListScreen.kt:72:21 Cannot infer type for this parameter. Please specify it explicitly.
e: file:///C:/Users/danus/Documents/antigravity/emergent/app/src/main/java/com/posbah/app/ui/screens/bmp/invoices/Invoi
cesListScreen.kt:72:21 Property delegate must have a 'getValue(Nothing?, KProperty0<ERROR CLASS: Cannot infer argument 
for type parameter T>)' method. None of the following functions is applicable:
fun <T> State<T>.getValue(thisObj: Any?, property: KProperty<*>): T
e: file:///C:/Users/danus/Documents/antigravity/emergent/app/src/main/java/com/posbah/app/ui/screens/bmp/invoices/Invoi
cesListScreen.kt:72:21 Not enough information to infer type argument for 'T'.
e: file:///C:/Users/danus/Documents/antigravity/emergent/app/src/main/java/com/posbah/app/ui/screens/bmp/invoices/Invoi
cesListScreen.kt:72:48 Cannot infer type for this parameter. Please specify it explicitly.
e: file:///C:/Users/danus/Documents/antigravity/emergent/app/src/main/java/com/posbah/app/ui/screens/bmp/invoices/Invoi
cesListScreen.kt:72:48 Not enough information to infer type argument for 'T'.
e: file:///C:/Users/danus/Documents/antigravity/emergent/app/src/main/java/com/posbah/app/ui/screens/bmp/invoices/Invoi
cesListScreen.kt:73:20 Cannot infer type for this parameter. Please specify it explicitly.
e: file:///C:/Users/danus/Documents/antigravity/emergent/app/src/main/java/com/posbah/app/ui/screens/bmp/invoices/Invoi
cesListScreen.kt:73:20 Property delegate must have a 'getValue(Nothing?, KProperty0<ERROR CLASS: Cannot infer argument 
for type parameter T>)' method. None of the following functions is applicable:
fun <T> State<T>.getValue(thisObj: Any?, property: KProperty<*>): T
e: file:///C:/Users/danus/Documents/antigravity/emergent/app/src/main/java/com/posbah/app/ui/screens/bmp/invoices/Invoi
cesListScreen.kt:73:20 Not enough information to infer type argument for 'T'.
e: file:///C:/Users/danus/Documents/antigravity/emergent/app/src/main/java/com/posbah/app/ui/screens/bmp/invoices/Invoi
cesListScreen.kt:73:39 Cannot infer type for this parameter. Please specify it explicitly.
e: file:///C:/Users/danus/Documents/antigravity/emergent/app/src/main/java/com/posbah/app/ui/screens/bmp/invoices/Invoi
cesListScreen.kt:73:39 Not enough information to infer type argument for 'T'.
e: file:///C:/Users/danus/Documents/antigravity/emergent/app/src/main/java/com/posbah/app/ui/screens/bmp/invoices/Invoi
cesListScreen.kt:74:20 Cannot infer type for this parameter. Please specify it explicitly.
e: file:///C:/Users/danus/Documents/antigravity/emergent/app/src/main/java/com/posbah/app/ui/screens/bmp/invoices/Invoi
cesListScreen.kt:74:20 Property delegate must have a 'getValue(Nothing?, KProperty0<ERROR CLASS: Cannot infer argument 
for type parameter T>)' method. None of the following functions is applicable:
fun <T> State<T>.getValue(thisObj: Any?, property: KProperty<*>): T
e: file:///C:/Users/danus/Documents/antigravity/emergent/app/src/main/java/com/posbah/app/ui/screens/bmp/invoices/Invoi
cesListScreen.kt:74:20 Not enough information to infer type argument for 'T'.
e: file:///C:/Users/danus/Documents/antigravity/emergent/app/src/main/java/com/posbah/app/ui/screens/bmp/invoices/Invoi
cesListScreen.kt:74:38 Cannot infer type for this parameter. Please specify it explicitly.
e: file:///C:/Users/danus/Documents/antigravity/emergent/app/src/main/java/com/posbah/app/ui/screens/bmp/invoices/Invoi
cesListScreen.kt:74:38 Not enough information to infer type argument for 'T'.
e: file:///C:/Users/danus/Documents/antigravity/emergent/app/src/main/java/com/posbah/app/ui/screens/bmp/invoices/Invoi
cesListScreen.kt:83:26 Cannot infer type for this parameter. Please specify it explicitly.
e: file:///C:/Users/danus/Documents/antigravity/emergent/app/src/main/java/com/posbah/app/ui/screens/bmp/invoices/Invoi
cesListScreen.kt:83:62 Cannot infer type for this parameter. Please specify it explicitly.
e: file:///C:/Users/danus/Documents/antigravity/emergent/app/src/main/java/com/posbah/app/ui/screens/bmp/invoices/Invoi
cesListScreen.kt:84:17 Overload resolution ambiguity between candidates:
fun <T> Array<out T>.find(predicate: (T) -> Boolean): T?
fun BooleanArray.find(predicate: (Boolean) -> Boolean): Boolean?
fun ByteArray.find(predicate: (Byte) -> Boolean): Byte?
fun CharArray.find(predicate: (Char) -> Boolean): Char?
fun DoubleArray.find(predicate: (Double) -> Boolean): Double?
fun FloatArray.find(predicate: (Float) -> Boolean): Float?
fun IntArray.find(predicate: (Int) -> Boolean): Int?
fun LongArray.find(predicate: (Long) -> Boolean): Long?
fun ShortArray.find(predicate: (Short) -> Boolean): Short?
fun <T> Iterable<T>.find(predicate: (T) -> Boolean): T?
fun UByteArray.find(predicate: (UByte) -> Boolean): UByte?
fun UIntArray.find(predicate: (UInt) -> Boolean): UInt?
fun ULongArray.find(predicate: (ULong) -> Boolean): ULong?
fun UShortArray.find(predicate: (UShort) -> Boolean): UShort?
fun <T> Sequence<T>.find(predicate: (T) -> Boolean): T?
fun CharSequence.find(predicate: (Char) -> Boolean): Char?
e: file:///C:/Users/danus/Documents/antigravity/emergent/app/src/main/java/com/posbah/app/ui/screens/bmp/invoices/Invoi
cesListScreen.kt:84:24 Unresolved reference 'it'.
e: file:///C:/Users/danus/Documents/antigravity/emergent/app/src/main/java/com/posbah/app/ui/screens/bmp/invoices/Invoi
cesListScreen.kt:96:40 Function invocation 'size(...)' expected.
e: file:///C:/Users/danus/Documents/antigravity/emergent/app/src/main/java/com/posbah/app/ui/screens/bmp/invoices/Invoi
cesListScreen.kt:118:37 Overload resolution ambiguity between candidates:
fun <T> Iterable<T>.forEach(action: (T) -> Unit): Unit
fun <K, V> Map<out K, V>.forEach(action: (Map.Entry<K, V>) -> Unit): Unit
e: file:///C:/Users/danus/Documents/antigravity/emergent/app/src/main/java/com/posbah/app/ui/screens/bmp/invoices/Invoi
cesListScreen.kt:118:47 Cannot infer type for this parameter. Please specify it explicitly.
e: file:///C:/Users/danus/Documents/antigravity/emergent/app/src/main/java/com/posbah/app/ui/screens/bmp/invoices/Invoi
cesListScreen.kt:119:33 @Composable invocations can only happen from the context of a @Composable function
e: file:///C:/Users/danus/Documents/antigravity/emergent/app/src/main/java/com/posbah/app/ui/screens/bmp/invoices/Invoi
cesListScreen.kt:120:58 Unresolved reference 'clientName'.
e: file:///C:/Users/danus/Documents/antigravity/emergent/app/src/main/java/com/posbah/app/ui/screens/bmp/invoices/Invoi
cesListScreen.kt:120:114 Unresolved reference 'id'.
e: file:///C:/Users/danus/Documents/antigravity/emergent/app/src/main/java/com/posbah/app/ui/screens/bmp/invoices/Invoi
cesListScreen.kt:122:74 Unresolved reference 'id'.
e: file:///C:/Users/danus/Documents/antigravity/emergent/app/src/main/java/com/posbah/app/ui/screens/bmp/invoices/Invoi
cesListScreen.kt:173:60 Unresolved reference 'clientName'.
e: file:///C:/Users/danus/Documents/antigravity/emergent/app/src/main/java/com/posbah/app/ui/screens/bmp/invoices/Invoi
cesListScreen.kt:229:30 Overload resolution ambiguity between candidates:
fun <T> Array<out T>.isEmpty(): Boolean
fun BooleanArray.isEmpty(): Boolean
fun ByteArray.isEmpty(): Boolean
fun CharArray.isEmpty(): Boolean
fun DoubleArray.isEmpty(): Boolean
fun FloatArray.isEmpty(): Boolean
fun IntArray.isEmpty(): Boolean
fun LongArray.isEmpty(): Boolean
fun ShortArray.isEmpty(): Boolean
fun CharSequence.isEmpty(): Boolean
e: file:///C:/Users/danus/Documents/antigravity/emergent/app/src/main/java/com/posbah/app/ui/screens/bmp/invoices/Invoi
cesListScreen.kt:252:52 Unresolved reference 'id'.
e: file:///C:/Users/danus/Documents/antigravity/emergent/app/src/main/java/com/posbah/app/ui/screens/bmp/invoices/Invoi
cesListScreen.kt:253:50 Argument type mismatch: actual type is 'kotlin.Int', but 
'com.posbah.app.data.local.entities.BmpInvoiceEntity' was expected.
e: file:///C:/Users/danus/Documents/antigravity/emergent/app/src/main/java/com/posbah/app/ui/screens/bmp/invoices/Invoi
cesListScreen.kt:253:78 Unresolved reference 'id'.
e: file:///C:/Users/danus/Documents/antigravity/emergent/app/src/main/java/com/posbah/app/ui/screens/bmp/invoices/Invoi
cesListScreen.kt:383:20 Cannot infer type for this parameter. Please specify it explicitly.
e: file:///C:/Users/danus/Documents/antigravity/emergent/app/src/main/java/com/posbah/app/ui/screens/bmp/invoices/Invoi
cesListScreen.kt:383:20 Property delegate must have a 'getValue(Nothing?, KProperty0<ERROR CLASS: Cannot infer 
argument for type parameter T>)' method. None of the following functions is applicable:
fun <T> State<T>.getValue(thisObj: Any?, property: KProperty<*>): T
e: file:///C:/Users/danus/Documents/antigravity/emergent/app/src/main/java/com/posbah/app/ui/screens/bmp/invoices/Invoi
cesListScreen.kt:383:20 Not enough information to infer type argument for 'T'.
e: file:///C:/Users/danus/Documents/antigravity/emergent/app/src/main/java/com/posbah/app/ui/screens/bmp/invoices/Invoi
cesListScreen.kt:383:39 Cannot infer type for this parameter. Please specify it explicitly.
e: file:///C:/Users/danus/Documents/antigravity/emergent/app/src/main/java/com/posbah/app/ui/screens/bmp/invoices/Invoi
cesListScreen.kt:383:39 Not enough information to infer type argument for 'T'.
e: file:///C:/Users/danus/Documents/antigravity/emergent/app/src/main/java/com/posbah/app/ui/screens/bmp/invoices/Invoi
cesListScreen.kt:414:24 Cannot infer type for this parameter. Please specify it explicitly.
e: file:///C:/Users/danus/Documents/antigravity/emergent/app/src/main/java/com/posbah/app/ui/screens/bmp/invoices/Invoi
cesListScreen.kt:414:87 Cannot infer type for this parameter. Please specify it explicitly.
e: file:///C:/Users/danus/Documents/antigravity/emergent/app/src/main/java/com/posbah/app/ui/screens/bmp/invoices/Invoi
cesListScreen.kt:417:29 Overload resolution ambiguity between candidates:
fun <T> Array<out T>.filter(predicate: (T) -> Boolean): List<T>
fun BooleanArray.filter(predicate: (Boolean) -> Boolean): List<Boolean>
fun ByteArray.filter(predicate: (Byte) -> Boolean): List<Byte>
fun CharArray.filter(predicate: (Char) -> Boolean): List<Char>
fun DoubleArray.filter(predicate: (Double) -> Boolean): List<Double>
fun FloatArray.filter(predicate: (Float) -> Boolean): List<Float>
fun IntArray.filter(predicate: (Int) -> Boolean): List<Int>
fun LongArray.filter(predicate: (Long) -> Boolean): List<Long>
fun ShortArray.filter(predicate: (Short) -> Boolean): List<Short>
fun <T> Iterable<T>.filter(predicate: (T) -> Boolean): List<T>
fun <K, V> Map<out K, V>.filter(predicate: (Map.Entry<K, V>) -> Boolean): Map<K, V>
fun UByteArray.filter(predicate: (UByte) -> Boolean): List<UByte>
fun UIntArray.filter(predicate: (UInt) -> Boolean): List<UInt>
fun ULongArray.filter(predicate: (ULong) -> Boolean): List<ULong>
fun UShortArray.filter(predicate: (UShort) -> Boolean): List<UShort>
fun <T> Sequence<T>.filter(predicate: (T) -> Boolean): Sequence<T>
fun CharSequence.filter(predicate: (Char) -> Boolean): CharSequence
fun String.filter(predicate: (Char) -> Boolean): String
e: file:///C:/Users/danus/Documents/antigravity/emergent/app/src/main/java/com/posbah/app/ui/screens/bmp/invoices/Invoi
cesListScreen.kt:417:38 Cannot infer type for this parameter. Please specify it explicitly.
e: file:///C:/Users/danus/Documents/antigravity/emergent/app/src/main/java/com/posbah/app/ui/screens/bmp/invoices/Invoi
cesListScreen.kt:418:36 Unresolved reference 'status'.
e: file:///C:/Users/danus/Documents/antigravity/emergent/app/src/main/java/com/posbah/app/ui/screens/bmp/invoices/Invoi
cesListScreen.kt:419:43 Unresolved reference 'status'.
e: file:///C:/Users/danus/Documents/antigravity/emergent/app/src/main/java/com/posbah/app/ui/screens/bmp/invoices/Invoi
cesListScreen.kt:419:69 Unresolved reference 'status'.
e: file:///C:/Users/danus/Documents/antigravity/emergent/app/src/main/java/com/posbah/app/ui/screens/bmp/invoices/Invoi
cesListScreen.kt:419:96 Unresolved reference 'status'.
e: file:///C:/Users/danus/Documents/antigravity/emergent/app/src/main/java/com/posbah/app/ui/screens/bmp/invoices/Invoi
cesListScreen.kt:420:39 Unresolved reference 'status'.
e: file:///C:/Users/danus/Documents/antigravity/emergent/app/src/main/java/com/posbah/app/ui/screens/bmp/invoices/Invoi
cesListScreen.kt:429:19 Method 'iterator()' is ambiguous for this expression. Applicable candidates:
fun <T> Enumeration<T>.iterator(): Iterator<T>
fun <T> Iterator<T>.iterator(): Iterator<T>
fun <K, V> Map<out K, V>.iterator(): Iterator<Map.Entry<K, V>>
fun <K, V> MutableMap<K, V>.iterator(): MutableIterator<MutableMap.MutableEntry<K, V>>
fun CharSequence.iterator(): CharIterator
fun BufferedInputStream.iterator(): ByteIterator
e: file:///C:/Users/danus/Documents/antigravity/emergent/app/src/main/java/com/posbah/app/ui/screens/bmp/invoices/Invoi
cesViewModels.kt:42:32 Unresolved reference 'observe'.
e: file:///C:/Users/danus/Documents/antigravity/emergent/app/src/main/java/com/posbah/app/ui/screens/bmp/invoices/Invoi
cesViewModels.kt:43:10 Cannot infer type for this parameter. Please specify it explicitly.
e: file:///C:/Users/danus/Documents/antigravity/emergent/app/src/main/java/com/posbah/app/ui/screens/bmp/invoices/Invoi
cesViewModels.kt:43:58 Cannot infer type for this parameter. Please specify it explicitly.
e: file:///C:/Users/danus/Documents/antigravity/emergent/app/src/main/java/com/posbah/app/ui/screens/bmp/invoices/Invoi
cesViewModels.kt:45:30 Unresolved reference 'observe'.
e: file:///C:/Users/danus/Documents/antigravity/emergent/app/src/main/java/com/posbah/app/ui/screens/bmp/invoices/Invoi
cesViewModels.kt:46:10 Cannot infer type for this parameter. Please specify it explicitly.
e: file:///C:/Users/danus/Documents/antigravity/emergent/app/src/main/java/com/posbah/app/ui/screens/bmp/invoices/Invoi
cesViewModels.kt:46:58 Cannot infer type for this parameter. Please specify it explicitly.
e: file:///C:/Users/danus/Documents/antigravity/emergent/app/src/main/java/com/posbah/app/ui/screens/bmp/invoices/Invoi
cesViewModels.kt:66:28 Cannot infer type for this parameter. Please specify it explicitly.
e: file:///C:/Users/danus/Documents/antigravity/emergent/app/src/main/java/com/posbah/app/ui/screens/bmp/invoices/Invoi
cesViewModels.kt:66:28 Not enough information to infer type argument for 'T1'.
e: file:///C:/Users/danus/Documents/antigravity/emergent/app/src/main/java/com/posbah/app/ui/screens/bmp/invoices/Invoi
cesViewModels.kt:66:28 Not enough information to infer type argument for 'R'.
e: file:///C:/Users/danus/Documents/antigravity/emergent/app/src/main/java/com/posbah/app/ui/screens/bmp/invoices/Invoi
cesViewModels.kt:67:21 Unresolved reference 'observe'.
e: file:///C:/Users/danus/Documents/antigravity/emergent/app/src/main/java/com/posbah/app/ui/screens/bmp/invoices/Invoi
cesViewModels.kt:71:9 Cannot infer type for this parameter. Please specify it explicitly.
e: file:///C:/Users/danus/Documents/antigravity/emergent/app/src/main/java/com/posbah/app/ui/screens/bmp/invoices/Invoi
cesViewModels.kt:74:25 Overload resolution ambiguity between candidates:
fun <T> Array<out T>.filter(predicate: (T) -> Boolean): List<T>
fun BooleanArray.filter(predicate: (Boolean) -> Boolean): List<Boolean>
fun ByteArray.filter(predicate: (Byte) -> Boolean): List<Byte>
fun CharArray.filter(predicate: (Char) -> Boolean): List<Char>
fun DoubleArray.filter(predicate: (Double) -> Boolean): List<Double>
fun FloatArray.filter(predicate: (Float) -> Boolean): List<Float>
fun IntArray.filter(predicate: (Int) -> Boolean): List<Int>
fun LongArray.filter(predicate: (Long) -> Boolean): List<Long>
fun ShortArray.filter(predicate: (Short) -> Boolean): List<Short>
fun <T> Iterable<T>.filter(predicate: (T) -> Boolean): List<T>
fun <K, V> Map<out K, V>.filter(predicate: (Map.Entry<K, V>) -> Boolean): Map<K, V>
fun UByteArray.filter(predicate: (UByte) -> Boolean): List<UByte>
fun UIntArray.filter(predicate: (UInt) -> Boolean): List<UInt>
fun ULongArray.filter(predicate: (ULong) -> Boolean): List<ULong>
fun UShortArray.filter(predicate: (UShort) -> Boolean): List<UShort>
fun <T> Sequence<T>.filter(predicate: (T) -> Boolean): Sequence<T>
fun CharSequence.filter(predicate: (Char) -> Boolean): CharSequence
fun String.filter(predicate: (Char) -> Boolean): String
e: file:///C:/Users/danus/Documents/antigravity/emergent/app/src/main/java/com/posbah/app/ui/screens/bmp/invoices/Invoi
cesViewModels.kt:74:34 Unresolved reference 'it'.
e: file:///C:/Users/danus/Documents/antigravity/emergent/app/src/main/java/com/posbah/app/ui/screens/bmp/invoices/Invoi
cesViewModels.kt:77:25 Overload resolution ambiguity between candidates:
fun <T> Array<out T>.filter(predicate: (T) -> Boolean): List<T>
fun BooleanArray.filter(predicate: (Boolean) -> Boolean): List<Boolean>
fun ByteArray.filter(predicate: (Byte) -> Boolean): List<Byte>
fun CharArray.filter(predicate: (Char) -> Boolean): List<Char>
fun DoubleArray.filter(predicate: (Double) -> Boolean): List<Double>
fun FloatArray.filter(predicate: (Float) -> Boolean): List<Float>
fun IntArray.filter(predicate: (Int) -> Boolean): List<Int>
fun LongArray.filter(predicate: (Long) -> Boolean): List<Long>
fun ShortArray.filter(predicate: (Short) -> Boolean): List<Short>
fun <T> Iterable<T>.filter(predicate: (T) -> Boolean): List<T>
fun <K, V> Map<out K, V>.filter(predicate: (Map.Entry<K, V>) -> Boolean): Map<K, V>
fun UByteArray.filter(predicate: (UByte) -> Boolean): List<UByte>
fun UIntArray.filter(predicate: (UInt) -> Boolean): List<UInt>
fun ULongArray.filter(predicate: (ULong) -> Boolean): List<ULong>
fun UShortArray.filter(predicate: (UShort) -> Boolean): List<UShort>
fun <T> Sequence<T>.filter(predicate: (T) -> Boolean): Sequence<T>
fun CharSequence.filter(predicate: (Char) -> Boolean): CharSequence
fun String.filter(predicate: (Char) -> Boolean): String
e: file:///C:/Users/danus/Documents/antigravity/emergent/app/src/main/java/com/posbah/app/ui/screens/bmp/invoices/Invoi
cesViewModels.kt:77:34 Unresolved reference 'it'.
e: file:///C:/Users/danus/Documents/antigravity/emergent/app/src/main/java/com/posbah/app/ui/screens/bmp/invoices/Invoi
cesViewModels.kt:80:25 Overload resolution ambiguity between candidates:
fun <T> Array<out T>.filter(predicate: (T) -> Boolean): List<T>
fun BooleanArray.filter(predicate: (Boolean) -> Boolean): List<Boolean>
fun ByteArray.filter(predicate: (Byte) -> Boolean): List<Byte>
fun CharArray.filter(predicate: (Char) -> Boolean): List<Char>
fun DoubleArray.filter(predicate: (Double) -> Boolean): List<Double>
fun FloatArray.filter(predicate: (Float) -> Boolean): List<Float>
fun IntArray.filter(predicate: (Int) -> Boolean): List<Int>
fun LongArray.filter(predicate: (Long) -> Boolean): List<Long>
fun ShortArray.filter(predicate: (Short) -> Boolean): List<Short>
fun <T> Iterable<T>.filter(predicate: (T) -> Boolean): List<T>
fun <K, V> Map<out K, V>.filter(predicate: (Map.Entry<K, V>) -> Boolean): Map<K, V>
fun UByteArray.filter(predicate: (UByte) -> Boolean): List<UByte>
fun UIntArray.filter(predicate: (UInt) -> Boolean): List<UInt>
fun ULongArray.filter(predicate: (ULong) -> Boolean): List<ULong>
fun UShortArray.filter(predicate: (UShort) -> Boolean): List<UShort>
fun <T> Sequence<T>.filter(predicate: (T) -> Boolean): Sequence<T>
fun CharSequence.filter(predicate: (Char) -> Boolean): CharSequence
fun String.filter(predicate: (Char) -> Boolean): String
e: file:///C:/Users/danus/Documents/antigravity/emergent/app/src/main/java/com/posbah/app/ui/screens/bmp/invoices/Invoi
cesViewModels.kt:80:34 Unresolved reference 'it'.
e: file:///C:/Users/danus/Documents/antigravity/emergent/app/src/main/java/com/posbah/app/ui/screens/bmp/invoices/Invoi
cesViewModels.kt:83:7 Cannot infer type for this parameter. Please specify it explicitly.
e: file:///C:/Users/danus/Documents/antigravity/emergent/app/src/main/java/com/posbah/app/ui/screens/bmp/invoices/Invoi
cesViewModels.kt:83:7 Not enough information to infer type argument for 'T1'.
e: file:///C:/Users/danus/Documents/antigravity/emergent/app/src/main/java/com/posbah/app/ui/screens/bmp/invoices/Invoi
cesViewModels.kt:83:7 Not enough information to infer type argument for 'R'.
e: file:///C:/Users/danus/Documents/antigravity/emergent/app/src/main/java/com/posbah/app/ui/screens/bmp/invoices/Invoi
cesViewModels.kt:89:9 Cannot infer type for this parameter. Please specify it explicitly.
e: file:///C:/Users/danus/Documents/antigravity/emergent/app/src/main/java/com/posbah/app/ui/screens/bmp/invoices/Invoi
cesViewModels.kt:92:23 Overload resolution ambiguity between candidates:
fun <T> Array<out T>.filter(predicate: (T) -> Boolean): List<T>
fun BooleanArray.filter(predicate: (Boolean) -> Boolean): List<Boolean>
fun ByteArray.filter(predicate: (Byte) -> Boolean): List<Byte>
fun CharArray.filter(predicate: (Char) -> Boolean): List<Char>
fun DoubleArray.filter(predicate: (Double) -> Boolean): List<Double>
fun FloatArray.filter(predicate: (Float) -> Boolean): List<Float>
fun IntArray.filter(predicate: (Int) -> Boolean): List<Int>
fun LongArray.filter(predicate: (Long) -> Boolean): List<Long>
fun ShortArray.filter(predicate: (Short) -> Boolean): List<Short>
fun <T> Iterable<T>.filter(predicate: (T) -> Boolean): List<T>
fun <K, V> Map<out K, V>.filter(predicate: (Map.Entry<K, V>) -> Boolean): Map<K, V>
fun UByteArray.filter(predicate: (UByte) -> Boolean): List<UByte>
fun UIntArray.filter(predicate: (UInt) -> Boolean): List<UInt>
fun ULongArray.filter(predicate: (ULong) -> Boolean): List<ULong>
fun UShortArray.filter(predicate: (UShort) -> Boolean): List<UShort>
fun <T> Sequence<T>.filter(predicate: (T) -> Boolean): Sequence<T>
fun CharSequence.filter(predicate: (Char) -> Boolean): CharSequence
fun String.filter(predicate: (Char) -> Boolean): String
e: file:///C:/Users/danus/Documents/antigravity/emergent/app/src/main/java/com/posbah/app/ui/screens/bmp/invoices/Invoi
cesViewModels.kt:92:32 Cannot infer type for this parameter. Please specify it explicitly.
e: file:///C:/Users/danus/Documents/antigravity/emergent/app/src/main/java/com/posbah/app/ui/screens/bmp/invoices/Invoi
cesViewModels.kt:93:34 Unresolved reference 'status'.
e: file:///C:/Users/danus/Documents/antigravity/emergent/app/src/main/java/com/posbah/app/ui/screens/bmp/invoices/Invoi
cesViewModels.kt:94:41 Unresolved reference 'status'.
e: file:///C:/Users/danus/Documents/antigravity/emergent/app/src/main/java/com/posbah/app/ui/screens/bmp/invoices/Invoi
cesViewModels.kt:94:67 Unresolved reference 'status'.
e: file:///C:/Users/danus/Documents/antigravity/emergent/app/src/main/java/com/posbah/app/ui/screens/bmp/invoices/Invoi
cesViewModels.kt:94:94 Unresolved reference 'status'.
e: file:///C:/Users/danus/Documents/antigravity/emergent/app/src/main/java/com/posbah/app/ui/screens/bmp/invoices/Invoi
cesViewModels.kt:95:37 Unresolved reference 'status'.
e: file:///C:/Users/danus/Documents/antigravity/emergent/app/src/main/java/com/posbah/app/ui/screens/bmp/invoices/Invoi
cesViewModels.kt:99:7 Cannot infer type for this parameter. Please specify it explicitly.
e: file:///C:/Users/danus/Documents/antigravity/emergent/app/src/main/java/com/posbah/app/ui/screens/bmp/invoices/Invoi
cesViewModels.kt:99:7 Not enough information to infer type argument for 'T'.
e: file:///C:/Users/danus/Documents/antigravity/emergent/app/src/main/java/com/posbah/app/ui/screens/bmp/invoices/Invoi
cesViewModels.kt:99:55 Cannot infer type for this parameter. Please specify it explicitly.
e: file:///C:/Users/danus/Documents/antigravity/emergent/app/src/main/java/com/posbah/app/ui/screens/bmp/invoices/Invoi
cesViewModels.kt:99:55 Not enough information to infer type argument for 'T'.
e: file:///C:/Users/danus/Documents/antigravity/emergent/app/src/main/java/com/posbah/app/ui/screens/bmp/invoices/Invoi
cesViewModels.kt:128:48 Argument type mismatch: actual type is 'android.content.Context', but 'kotlin.Long' was 
expected.
e: file:///C:/Users/danus/Documents/antigravity/emergent/app/src/main/java/com/posbah/app/ui/screens/bmp/invoices/Invoi
cesViewModels.kt:128:57 Argument type mismatch: actual type is 'kotlin.String', but 
'com.posbah.app.data.repository.BmpCashFlowRepository' was expected.
e: file:///C:/Users/danus/Documents/antigravity/emergent/app/src/main/java/com/posbah/app/ui/screens/bmp/invoices/Invoi
cesViewModels.kt:128:67 Argument type mismatch: actual type is 'kotlin.Long', but 
'com.posbah.app.data.repository.BmpStockRepository' was expected.
e: file:///C:/Users/danus/Documents/antigravity/emergent/app/src/main/java/com/posbah/app/ui/screens/bmp/invoices/Invoi
cesViewModels.kt:177:44 Argument type mismatch: actual type is 'com.posbah.app.data.repository.BmpInvoiceData?', but 
'com.posbah.app.data.local.entities.BmpInvoiceEntity?' was expected.
e: file:///C:/Users/danus/Documents/antigravity/emergent/app/src/main/java/com/posbah/app/ui/screens/bmp/invoices/Invoi
cesViewModels.kt:178:70 Argument type mismatch: actual type is 'com.posbah.app.data.repository.BmpClientData?', but 
'com.posbah.app.data.local.entities.BmpClientEntity?' was expected.
e: file:///C:/Users/danus/Documents/antigravity/emergent/app/src/main/java/com/posbah/app/ui/screens/bmp/invoices/Invoi
cesViewModels.kt:181:35 Unresolved reference 'receiverSignatureUrl'.
e: file:///C:/Users/danus/Documents/antigravity/emergent/app/src/main/java/com/posbah/app/ui/screens/bmp/invoices/Invoi
cesViewModels.kt:182:38 Unresolved reference 'receiverSignaturePath'.
e: file:///C:/Users/danus/Documents/antigravity/emergent/app/src/main/java/com/posbah/app/ui/screens/bmp/invoices/Invoi
cesViewModels.kt:182:61 Cannot infer type for this parameter. Please specify it explicitly.
e: file:///C:/Users/danus/Documents/antigravity/emergent/app/src/main/java/com/posbah/app/ui/screens/bmp/invoices/Invoi
cesViewModels.kt:182:65 Cannot infer type for this parameter. Please specify it explicitly.
e: file:///C:/Users/danus/Documents/antigravity/emergent/app/src/main/java/com/posbah/app/ui/screens/bmp/invoices/Invoi
cesViewModels.kt:182:84 Unresolved reference 'exists'.
e: file:///C:/Users/danus/Documents/antigravity/emergent/app/src/main/java/com/posbah/app/ui/screens/bmp/invoices/Invoi
cesViewModels.kt:187:79 Unresolved reference 'receiverSignatureUrl'.
e: file:///C:/Users/danus/Documents/antigravity/emergent/app/src/main/java/com/posbah/app/ui/screens/bmp/invoices/Invoi
cesViewModels.kt:189:41 Unresolved reference 'saveReceiverSignature'.
e: file:///C:/Users/danus/Documents/antigravity/emergent/app/src/main/java/com/posbah/app/ui/screens/bmp/invoices/Invoi
cesViewModels.kt:189:108 Unresolved reference 'receiverSignatureUrl'.
e: file:///C:/Users/danus/Documents/antigravity/emergent/app/src/main/java/com/posbah/app/ui/screens/bmp/invoices/Invoi
cesViewModels.kt:189:134 Unresolved reference 'receiverNameActual'.
e: file:///C:/Users/danus/Documents/antigravity/emergent/app/src/main/java/com/posbah/app/ui/screens/bmp/invoices/Invoi
cesViewModels.kt:191:60 Argument type mismatch: actual type is 'com.posbah.app.data.repository.BmpInvoiceData?', but 
'com.posbah.app.data.local.entities.BmpInvoiceEntity?' was expected.
e: file:///C:/Users/danus/Documents/antigravity/emergent/app/src/main/java/com/posbah/app/ui/screens/bmp/invoices/Invoi
cesViewModels.kt:196:56 Unresolved reference 'checkReceiverSignatureRemote'.
e: file:///C:/Users/danus/Documents/antigravity/emergent/app/src/main/java/com/posbah/app/ui/screens/bmp/invoices/Invoi
cesViewModels.kt:197:66 Unresolved reference 'RemoteSignatureResult'.
e: file:///C:/Users/danus/Documents/antigravity/emergent/app/src/main/java/com/posbah/app/ui/screens/bmp/invoices/Invoi
cesViewModels.kt:198:92 Unresolved reference 'url'.
e: file:///C:/Users/danus/Documents/antigravity/emergent/app/src/main/java/com/posbah/app/ui/screens/bmp/invoices/Invoi
cesViewModels.kt:199:41 Unresolved reference 'saveReceiverSignature'.
e: file:///C:/Users/danus/Documents/antigravity/emergent/app/src/main/java/com/posbah/app/ui/screens/bmp/invoices/Invoi
cesViewModels.kt:199:117 Unresolved reference 'url'.
e: file:///C:/Users/danus/Documents/antigravity/emergent/app/src/main/java/com/posbah/app/ui/screens/bmp/invoices/Invoi
cesViewModels.kt:199:135 Unresolved reference 'name'.
e: file:///C:/Users/danus/Documents/antigravity/emergent/app/src/main/java/com/posbah/app/ui/screens/bmp/invoices/Invoi
cesViewModels.kt:201:60 Argument type mismatch: actual type is 'com.posbah.app.data.repository.BmpInvoiceData?', but 
'com.posbah.app.data.local.entities.BmpInvoiceEntity?' was expected.
e: file:///C:/Users/danus/Documents/antigravity/emergent/app/src/main/java/com/posbah/app/ui/screens/bmp/invoices/Invoi
cesViewModels.kt:210:45 Too many arguments for 'suspend fun get(): BmpSettingsData?'.
e: file:///C:/Users/danus/Documents/antigravity/emergent/app/src/main/java/com/posbah/app/ui/screens/bmp/invoices/Invoi
cesViewModels.kt:211:45 Argument type mismatch: actual type is 'com.posbah.app.data.repository.BmpSettingsData?', but 
'com.posbah.app.data.local.entities.BmpSettingsEntity?' was expected.
e: file:///C:/Users/danus/Documents/antigravity/emergent/app/src/main/java/com/posbah/app/ui/screens/bmp/invoices/Invoi
cesViewModels.kt:215:75 Argument type mismatch: actual type is 'com.posbah.app.data.repository.PrintSettingsData?', 
but 'com.posbah.app.data.local.entities.PrintSettingsEntity?' was expected.
e: file:///C:/Users/danus/Documents/antigravity/emergent/app/src/main/java/com/posbah/app/ui/screens/bmp/invoices/Invoi
cesViewModels.kt:219:25 Unresolved reference 'observeProducts'.
e: file:///C:/Users/danus/Documents/antigravity/emergent/app/src/main/java/com/posbah/app/ui/screens/bmp/invoices/Invoi
cesViewModels.kt:219:62 Cannot infer type for this parameter. Please specify it explicitly.
e: file:///C:/Users/danus/Documents/antigravity/emergent/app/src/main/java/com/posbah/app/ui/screens/bmp/invoices/Invoi
cesViewModels.kt:224:25 Unresolved reference 'observePayments'.
e: file:///C:/Users/danus/Documents/antigravity/emergent/app/src/main/java/com/posbah/app/ui/screens/bmp/invoices/Invoi
cesViewModels.kt:224:62 Cannot infer type for this parameter. Please specify it explicitly.
e: file:///C:/Users/danus/Documents/antigravity/emergent/app/src/main/java/com/posbah/app/ui/screens/bmp/invoices/Invoi
cesViewModels.kt:244:38 Unresolved reference 'recordPayment'.
e: file:///C:/Users/danus/Documents/antigravity/emergent/app/src/main/java/com/posbah/app/ui/screens/bmp/invoices/Invoi
cesViewModels.kt:254:44 Argument type mismatch: actual type is 'com.posbah.app.data.repository.BmpInvoiceData?', but 
'com.posbah.app.data.local.entities.BmpInvoiceEntity?' was expected.
e: file:///C:/Users/danus/Documents/antigravity/emergent/app/src/main/java/com/posbah/app/ui/screens/bmp/invoices/Invoi
cesViewModels.kt:270:38 Unresolved reference 'editPayment'.
e: file:///C:/Users/danus/Documents/antigravity/emergent/app/src/main/java/com/posbah/app/ui/screens/bmp/invoices/Invoi
cesViewModels.kt:280:44 Argument type mismatch: actual type is 'com.posbah.app.data.repository.BmpInvoiceData?', but 
'com.posbah.app.data.local.entities.BmpInvoiceEntity?' was expected.
e: file:///C:/Users/danus/Documents/antigravity/emergent/app/src/main/java/com/posbah/app/ui/screens/bmp/invoices/Invoi
cesViewModels.kt:286:38 Unresolved reference 'deletePayment'.
e: file:///C:/Users/danus/Documents/antigravity/emergent/app/src/main/java/com/posbah/app/ui/screens/bmp/invoices/Invoi
cesViewModels.kt:296:44 Argument type mismatch: actual type is 'com.posbah.app.data.repository.BmpInvoiceData?', but 
'com.posbah.app.data.local.entities.BmpInvoiceEntity?' was expected.
e: file:///C:/Users/danus/Documents/antigravity/emergent/app/src/main/java/com/posbah/app/ui/screens/bmp/invoices/Invoi
cesViewModels.kt:318:42 Unresolved reference 'saveReceiverSignature'.
e: file:///C:/Users/danus/Documents/antigravity/emergent/app/src/main/java/com/posbah/app/ui/screens/bmp/invoices/Invoi
cesViewModels.kt:327:48 Argument type mismatch: actual type is 'com.posbah.app.data.repository.BmpInvoiceData?', but 
'com.posbah.app.data.local.entities.BmpInvoiceEntity?' was expected.
e: file:///C:/Users/danus/Documents/antigravity/emergent/app/src/main/java/com/posbah/app/ui/screens/bmp/invoices/Invoi
cesViewModels.kt:342:38 Unresolved reference 'saveReceiverSignature'.
e: file:///C:/Users/danus/Documents/antigravity/emergent/app/src/main/java/com/posbah/app/ui/screens/bmp/invoices/Invoi
cesViewModels.kt:348:44 Argument type mismatch: actual type is 'com.posbah.app.data.repository.BmpInvoiceData?', but 
'com.posbah.app.data.local.entities.BmpInvoiceEntity?' was expected.
e: file:///C:/Users/danus/Documents/antigravity/emergent/app/src/main/java/com/posbah/app/ui/screens/bmp/invoices/Invoi
cesViewModels.kt:356:25 Unresolved reference 'markAsUnsynced'.
e: file:///C:/Users/danus/Documents/antigravity/emergent/app/src/main/java/com/posbah/app/ui/screens/bmp/invoices/Invoi
cesViewModels.kt:363:42 Unresolved reference 'checkReceiverSignatureRemote'.
e: file:///C:/Users/danus/Documents/antigravity/emergent/app/src/main/java/com/posbah/app/ui/screens/bmp/invoices/Invoi
cesViewModels.kt:364:52 Unresolved reference 'RemoteSignatureResult'.
e: file:///C:/Users/danus/Documents/antigravity/emergent/app/src/main/java/com/posbah/app/ui/screens/bmp/invoices/Invoi
cesViewModels.kt:365:78 Unresolved reference 'url'.
e: file:///C:/Users/danus/Documents/antigravity/emergent/app/src/main/java/com/posbah/app/ui/screens/bmp/invoices/Invoi
cesViewModels.kt:366:33 Unresolved reference 'saveReceiverSignature'.
e: file:///C:/Users/danus/Documents/antigravity/emergent/app/src/main/java/com/posbah/app/ui/screens/bmp/invoices/Invoi
cesViewModels.kt:366:103 Unresolved reference 'url'.
e: file:///C:/Users/danus/Documents/antigravity/emergent/app/src/main/java/com/posbah/app/ui/screens/bmp/invoices/Invoi
cesViewModels.kt:366:115 Unresolved reference 'name'.
e: file:///C:/Users/danus/Documents/antigravity/emergent/app/src/main/java/com/posbah/app/ui/screens/bmp/invoices/Invoi
cesViewModels.kt:368:52 Argument type mismatch: actual type is 'com.posbah.app.data.repository.BmpInvoiceData?', but 
'com.posbah.app.data.local.entities.BmpInvoiceEntity?' was expected.
e: file:///C:/Users/danus/Documents/antigravity/emergent/app/src/main/java/com/posbah/app/ui/screens/bmp/invoices/Invoi
cesViewModels.kt:370:59 Unresolved reference 'RemoteSignatureResult'.
e: file:///C:/Users/danus/Documents/antigravity/emergent/app/src/main/java/com/posbah/app/ui/screens/bmp/invoices/Invoi
cesViewModels.kt:371:92 Unresolved reference 'message'.
e: file:///C:/Users/danus/Documents/antigravity/emergent/app/src/main/java/com/posbah/app/ui/screens/bmp/invoices/Invoi
cesViewModels.kt:419:52 Argument type mismatch: actual type is 'android.content.Context', but 'kotlin.Long' was 
expected.
e: file:///C:/Users/danus/Documents/antigravity/emergent/app/src/main/java/com/posbah/app/ui/screens/bmp/invoices/Invoi
cesViewModels.kt:419:61 Argument type mismatch: actual type is 'kotlin.String', but 
'com.posbah.app.data.repository.BmpCashFlowRepository' was expected.
e: file:///C:/Users/danus/Documents/antigravity/emergent/app/src/main/java/com/posbah/app/ui/screens/bmp/invoices/Invoi
cesViewModels.kt:419:71 Argument type mismatch: actual type is 'kotlin.Long', but 
'com.posbah.app.data.repository.BmpStockRepository' was expected.
e: file:///C:/Users/danus/Documents/antigravity/emergent/app/src/main/java/com/posbah/app/ui/screens/bmp/invoices/Invoi
cesViewModels.kt:479:24 Unresolved reference 'observe'.
e: file:///C:/Users/danus/Documents/antigravity/emergent/app/src/main/java/com/posbah/app/ui/screens/bmp/invoices/Invoi
cesViewModels.kt:479:52 Cannot infer type for this parameter. Please specify it explicitly.
e: file:///C:/Users/danus/Documents/antigravity/emergent/app/src/main/java/com/posbah/app/ui/screens/bmp/invoices/Invoi
cesViewModels.kt:484:24 Unresolved reference 'observe'.
e: file:///C:/Users/danus/Documents/antigravity/emergent/app/src/main/java/com/posbah/app/ui/screens/bmp/invoices/Invoi
cesViewModels.kt:484:52 Cannot infer type for this parameter. Please specify it explicitly.
e: file:///C:/Users/danus/Documents/antigravity/emergent/app/src/main/java/com/posbah/app/ui/screens/bmp/invoices/Invoi
cesViewModels.kt:490:44 Argument type mismatch: actual type is 'com.posbah.app.data.repository.BmpInvoiceData', but 
'com.posbah.app.data.local.entities.BmpInvoiceEntity?' was expected.
e: file:///C:/Users/danus/Documents/antigravity/emergent/app/src/main/java/com/posbah/app/ui/screens/bmp/invoices/Invoi
cesViewModels.kt:491:25 Unresolved reference 'observeProducts'.
e: file:///C:/Users/danus/Documents/antigravity/emergent/app/src/main/java/com/posbah/app/ui/screens/bmp/invoices/Invoi
cesViewModels.kt:491:62 Cannot infer type for this parameter. Please specify it explicitly.
e: file:///C:/Users/danus/Documents/antigravity/emergent/app/src/main/java/com/posbah/app/ui/screens/bmp/invoices/Invoi
cesViewModels.kt:555:56 Argument type mismatch: actual type is 'android.content.Context', but 
'com.posbah.app.data.repository.BmpInvoiceData' was expected.
e: file:///C:/Users/danus/Documents/antigravity/emergent/app/src/main/java/com/posbah/app/ui/screens/bmp/invoices/Invoi
cesViewModels.kt:555:65 Argument type mismatch: actual type is 'com.posbah.app.data.local.entities.BmpInvoiceEntity', 
but 'kotlin.collections.List<com.posbah.app.data.repository.BmpProductItemData>' was expected.
e: file:///C:/Users/danus/Documents/antigravity/emergent/app/src/main/java/com/posbah/app/ui/screens/bmp/invoices/Invoi
cesViewModels.kt:555:70 Argument type mismatch: actual type is 
'kotlin.collections.List<com.posbah.app.data.local.entities.BmpProductEntity>', but 
'com.posbah.app.data.repository.BmpCashFlowRepository' was expected.
e: file:///C:/Users/danus/Documents/antigravity/emergent/app/src/main/java/com/posbah/app/ui/screens/bmp/invoices/Invoi
cesViewModels.kt:555:70 No value passed for parameter 'stockRepo'.
e: file:///C:/Users/danus/Documents/antigravity/emergent/app/src/main/java/com/posbah/app/ui/screens/bmp/invoices/Invoi
cesViewModels.kt:558:43 Argument type mismatch: actual type is 'android.content.Context', but 
'com.posbah.app.data.repository.BmpInvoiceData' was expected.
e: file:///C:/Users/danus/Documents/antigravity/emergent/app/src/main/java/com/posbah/app/ui/screens/bmp/invoices/Invoi
cesViewModels.kt:558:52 Argument type mismatch: actual type is 'com.posbah.app.data.local.entities.BmpInvoiceEntity', 
but 'kotlin.collections.List<com.posbah.app.data.repository.BmpProductItemData>' was expected.
e: file:///C:/Users/danus/Documents/antigravity/emergent/app/src/main/java/com/posbah/app/ui/screens/bmp/invoices/Invoi
cesViewModels.kt:558:57 Argument type mismatch: actual type is 
'kotlin.collections.List<com.posbah.app.data.local.entities.BmpProductEntity>', but 
'com.posbah.app.data.repository.BmpCashFlowRepository' was expected.
e: file:///C:/Users/danus/Documents/antigravity/emergent/app/src/main/java/com/posbah/app/ui/screens/bmp/invoices/Invoi
cesViewModels.kt:558:57 No value passed for parameter 'stockRepo'.
e: file:///C:/Users/danus/Documents/antigravity/emergent/app/src/main/java/com/posbah/app/ui/screens/bmp/payments/Payme
ntsListScreen.kt:72:24 Unresolved reference 'observe'.
e: file:///C:/Users/danus/Documents/antigravity/emergent/app/src/main/java/com/posbah/app/ui/screens/bmp/payments/Payme
ntsListScreen.kt:72:42 Cannot infer type for this parameter. Please specify it explicitly.
e: file:///C:/Users/danus/Documents/antigravity/emergent/app/src/main/java/com/posbah/app/ui/screens/bmp/payments/Payme
ntsListScreen.kt:72:90 Cannot infer type for this parameter. Please specify it explicitly.
e: file:///C:/Users/danus/Documents/antigravity/emergent/app/src/main/java/com/posbah/app/ui/screens/bmp/payments/Payme
ntsListScreen.kt:111:25 Unresolved reference 'editPayment'.
e: file:///C:/Users/danus/Documents/antigravity/emergent/app/src/main/java/com/posbah/app/ui/screens/bmp/payments/Payme
ntsListScreen.kt:128:25 Unresolved reference 'deletePayment'.
e: file:///C:/Users/danus/Documents/antigravity/emergent/app/src/main/java/com/posbah/app/ui/screens/bmp/payments/Payme
ntsListScreen.kt:140:17 Cannot infer type for this parameter. Please specify it explicitly.
e: file:///C:/Users/danus/Documents/antigravity/emergent/app/src/main/java/com/posbah/app/ui/screens/bmp/payments/Payme
ntsListScreen.kt:140:17 Property delegate must have a 'getValue(Nothing?, KProperty0<ERROR CLASS: Cannot infer 
argument for type parameter T>)' method. None of the following functions is applicable:
fun <T> State<T>.getValue(thisObj: Any?, property: KProperty<*>): T
e: file:///C:/Users/danus/Documents/antigravity/emergent/app/src/main/java/com/posbah/app/ui/screens/bmp/payments/Payme
ntsListScreen.kt:140:17 Not enough information to infer type argument for 'T'.
e: file:///C:/Users/danus/Documents/antigravity/emergent/app/src/main/java/com/posbah/app/ui/screens/bmp/payments/Payme
ntsListScreen.kt:140:36 Cannot infer type for this parameter. Please specify it explicitly.
e: file:///C:/Users/danus/Documents/antigravity/emergent/app/src/main/java/com/posbah/app/ui/screens/bmp/payments/Payme
ntsListScreen.kt:140:36 Not enough information to infer type argument for 'T'.
e: file:///C:/Users/danus/Documents/antigravity/emergent/app/src/main/java/com/posbah/app/ui/screens/bmp/payments/Payme
ntsListScreen.kt:145:74 Unresolved reference 'size'.
e: file:///C:/Users/danus/Documents/antigravity/emergent/app/src/main/java/com/posbah/app/ui/screens/bmp/payments/Payme
ntsListScreen.kt:147:18 Overload resolution ambiguity between candidates:
fun <T> Array<out T>.isEmpty(): Boolean
fun BooleanArray.isEmpty(): Boolean
fun ByteArray.isEmpty(): Boolean
fun CharArray.isEmpty(): Boolean
fun DoubleArray.isEmpty(): Boolean
fun FloatArray.isEmpty(): Boolean
fun IntArray.isEmpty(): Boolean
fun LongArray.isEmpty(): Boolean
fun ShortArray.isEmpty(): Boolean
fun CharSequence.isEmpty(): Boolean
e: file:///C:/Users/danus/Documents/antigravity/emergent/app/src/main/java/com/posbah/app/ui/screens/bmp/payments/Payme
ntsListScreen.kt:157:40 Unresolved reference 'id'.
e: file:///C:/Users/danus/Documents/antigravity/emergent/app/src/main/java/com/posbah/app/ui/screens/bmp/payments/Payme
ntsListScreen.kt:167:55 Unresolved reference 'invoiceId'.
e: file:///C:/Users/danus/Documents/antigravity/emergent/app/src/main/java/com/posbah/app/ui/screens/bmp/payments/Payme
ntsListScreen.kt:171:66 Unresolved reference 'paymentDate'.
e: file:///C:/Users/danus/Documents/antigravity/emergent/app/src/main/java/com/posbah/app/ui/screens/bmp/payments/Payme
ntsListScreen.kt:171:86 Unresolved reference 'paymentMethod'.
e: file:///C:/Users/danus/Documents/antigravity/emergent/app/src/main/java/com/posbah/app/ui/screens/bmp/payments/Payme
ntsListScreen.kt:177:57 Unresolved reference 'paymentAmount'.
e: file:///C:/Users/danus/Documents/antigravity/emergent/app/src/main/java/com/posbah/app/ui/screens/bmp/payments/Payme
ntsListScreen.kt:188:77 Argument type mismatch: actual type is 'kotlin.Int', but 
'com.posbah.app.data.local.entities.BmpInvoicePaymentEntity' was expected.
e: file:///C:/Users/danus/Documents/antigravity/emergent/app/src/main/java/com/posbah/app/ui/screens/bmp/payments/Payme
ntsListScreen.kt:194:81 Unresolved reference 'id'.
e: file:///C:/Users/danus/Documents/antigravity/emergent/app/src/main/java/com/posbah/app/ui/screens/bmp/production/Bmp
ProductionLogScreen.kt:66:38 Unresolved reference 'observe'.
e: file:///C:/Users/danus/Documents/antigravity/emergent/app/src/main/java/com/posbah/app/ui/screens/bmp/production/Bmp
ProductionLogScreen.kt:66:56 Cannot infer type for this parameter. Please specify it explicitly.
e: file:///C:/Users/danus/Documents/antigravity/emergent/app/src/main/java/com/posbah/app/ui/screens/bmp/production/Bmp
ProductionLogScreen.kt:66:104 Cannot infer type for this parameter. Please specify it explicitly.
e: file:///C:/Users/danus/Documents/antigravity/emergent/app/src/main/java/com/posbah/app/ui/screens/bmp/production/Bmp
ProductionLogScreen.kt:68:56 Cannot infer type for this parameter. Please specify it explicitly.
e: file:///C:/Users/danus/Documents/antigravity/emergent/app/src/main/java/com/posbah/app/ui/screens/bmp/production/Bmp
ProductionLogScreen.kt:68:56 Not enough information to infer type argument for 'T2'.
e: file:///C:/Users/danus/Documents/antigravity/emergent/app/src/main/java/com/posbah/app/ui/screens/bmp/production/Bmp
ProductionLogScreen.kt:68:56 Not enough information to infer type argument for 'R'.
e: file:///C:/Users/danus/Documents/antigravity/emergent/app/src/main/java/com/posbah/app/ui/screens/bmp/production/Bmp
ProductionLogScreen.kt:70:27 Unresolved reference 'observe'.
e: file:///C:/Users/danus/Documents/antigravity/emergent/app/src/main/java/com/posbah/app/ui/screens/bmp/production/Bmp
ProductionLogScreen.kt:71:15 Cannot infer type for this parameter. Please specify it explicitly.
e: file:///C:/Users/danus/Documents/antigravity/emergent/app/src/main/java/com/posbah/app/ui/screens/bmp/production/Bmp
ProductionLogScreen.kt:73:30 Overload resolution ambiguity between candidates:
fun <T> Array<out T>.find(predicate: (T) -> Boolean): T?
fun BooleanArray.find(predicate: (Boolean) -> Boolean): Boolean?
fun ByteArray.find(predicate: (Byte) -> Boolean): Byte?
fun CharArray.find(predicate: (Char) -> Boolean): Char?
fun DoubleArray.find(predicate: (Double) -> Boolean): Double?
fun FloatArray.find(predicate: (Float) -> Boolean): Float?
fun IntArray.find(predicate: (Int) -> Boolean): Int?
fun LongArray.find(predicate: (Long) -> Boolean): Long?
fun ShortArray.find(predicate: (Short) -> Boolean): Short?
fun <T> Iterable<T>.find(predicate: (T) -> Boolean): T?
fun UByteArray.find(predicate: (UByte) -> Boolean): UByte?
fun UIntArray.find(predicate: (UInt) -> Boolean): UInt?
fun ULongArray.find(predicate: (ULong) -> Boolean): ULong?
fun UShortArray.find(predicate: (UShort) -> Boolean): UShort?
fun <T> Sequence<T>.find(predicate: (T) -> Boolean): T?
fun CharSequence.find(predicate: (Char) -> Boolean): Char?
e: file:///C:/Users/danus/Documents/antigravity/emergent/app/src/main/java/com/posbah/app/ui/screens/bmp/production/Bmp
ProductionLogScreen.kt:73:37 Unresolved reference 'it'.
e: file:///C:/Users/danus/Documents/antigravity/emergent/app/src/main/java/com/posbah/app/ui/screens/bmp/production/Bmp
ProductionLogScreen.kt:124:21 Cannot infer type for this parameter. Please specify it explicitly.
e: file:///C:/Users/danus/Documents/antigravity/emergent/app/src/main/java/com/posbah/app/ui/screens/bmp/production/Bmp
ProductionLogScreen.kt:124:21 Property delegate must have a 'getValue(Nothing?, KProperty0<ERROR CLASS: Cannot infer 
argument for type parameter T>)' method. None of the following functions is applicable:
fun <T> State<T>.getValue(thisObj: Any?, property: KProperty<*>): T
e: file:///C:/Users/danus/Documents/antigravity/emergent/app/src/main/java/com/posbah/app/ui/screens/bmp/production/Bmp
ProductionLogScreen.kt:124:21 Not enough information to infer type argument for 'T'.
e: file:///C:/Users/danus/Documents/antigravity/emergent/app/src/main/java/com/posbah/app/ui/screens/bmp/production/Bmp
ProductionLogScreen.kt:124:40 Cannot infer type for this parameter. Please specify it explicitly.
e: file:///C:/Users/danus/Documents/antigravity/emergent/app/src/main/java/com/posbah/app/ui/screens/bmp/production/Bmp
ProductionLogScreen.kt:124:40 Not enough information to infer type argument for 'T'.
e: file:///C:/Users/danus/Documents/antigravity/emergent/app/src/main/java/com/posbah/app/ui/screens/bmp/production/Bmp
ProductionLogScreen.kt:150:48 Overload resolution ambiguity between candidates:
fun <T> Array<out T>.firstOrNull(): T?
fun BooleanArray.firstOrNull(): Boolean?
fun ByteArray.firstOrNull(): Byte?
fun CharArray.firstOrNull(): Char?
fun DoubleArray.firstOrNull(): Double?
fun FloatArray.firstOrNull(): Float?
fun IntArray.firstOrNull(): Int?
fun LongArray.firstOrNull(): Long?
fun ShortArray.firstOrNull(): Short?
fun <T> Iterable<T>.firstOrNull(): T?
fun <T> List<T>.firstOrNull(): T?
fun UByteArray.firstOrNull(): UByte?
fun UIntArray.firstOrNull(): UInt?
fun ULongArray.firstOrNull(): ULong?
fun UShortArray.firstOrNull(): UShort?
fun CharProgression.firstOrNull(): Char?
fun IntProgression.firstOrNull(): Int?
fun LongProgression.firstOrNull(): Long?
fun UIntProgression.firstOrNull(): UInt?
fun ULongProgression.firstOrNull(): ULong?
fun <T> Sequence<T>.firstOrNull(): T?
fun CharSequence.firstOrNull(): Char?
e: file:///C:/Users/danus/Documents/antigravity/emergent/app/src/main/java/com/posbah/app/ui/screens/bmp/production/Bmp
ProductionLogScreen.kt:308:38 Overload resolution ambiguity between candidates:
fun <T> Iterable<T>.forEach(action: (T) -> Unit): Unit
fun <K, V> Map<out K, V>.forEach(action: (Map.Entry<K, V>) -> Unit): Unit
e: file:///C:/Users/danus/Documents/antigravity/emergent/app/src/main/java/com/posbah/app/ui/screens/bmp/production/Bmp
ProductionLogScreen.kt:308:48 Cannot infer type for this parameter. Please specify it explicitly.
e: file:///C:/Users/danus/Documents/antigravity/emergent/app/src/main/java/com/posbah/app/ui/screens/bmp/production/Bmp
ProductionLogScreen.kt:309:33 @Composable invocations can only happen from the context of a @Composable function
e: file:///C:/Users/danus/Documents/antigravity/emergent/app/src/main/java/com/posbah/app/ui/screens/bmp/production/Bmp
ProductionLogScreen.kt:310:56 Unresolved reference 'title'.
e: file:///C:/Users/danus/Documents/antigravity/emergent/app/src/main/java/com/posbah/app/ui/screens/bmp/production/Bmp
ProductionLogScreen.kt:310:68 Unresolved reference 'unit'.
e: file:///C:/Users/danus/Documents/antigravity/emergent/app/src/main/java/com/posbah/app/ui/screens/bmp/products/Maste
rProductsScreen.kt:98:25 Unresolved reference 'observe'.
e: file:///C:/Users/danus/Documents/antigravity/emergent/app/src/main/java/com/posbah/app/ui/screens/bmp/products/Maste
rProductsScreen.kt:98:43 Cannot infer type for this parameter. Please specify it explicitly.
e: file:///C:/Users/danus/Documents/antigravity/emergent/app/src/main/java/com/posbah/app/ui/screens/bmp/products/Maste
rProductsScreen.kt:98:91 Cannot infer type for this parameter. Please specify it explicitly.
e: file:///C:/Users/danus/Documents/antigravity/emergent/app/src/main/java/com/posbah/app/ui/screens/bmp/products/Maste
rProductsScreen.kt:99:33 Unresolved reference 'observe'.
e: file:///C:/Users/danus/Documents/antigravity/emergent/app/src/main/java/com/posbah/app/ui/screens/bmp/products/Maste
rProductsScreen.kt:113:54 Unresolved reference 'getDistinctBahanBaku'.
e: file:///C:/Users/danus/Documents/antigravity/emergent/app/src/main/java/com/posbah/app/ui/screens/bmp/products/Maste
rProductsScreen.kt:114:54 Cannot infer type for this parameter. Please specify it explicitly.
e: file:///C:/Users/danus/Documents/antigravity/emergent/app/src/main/java/com/posbah/app/ui/screens/bmp/products/Maste
rProductsScreen.kt:115:42 Unresolved reference 'getLatestRate'.
e: file:///C:/Users/danus/Documents/antigravity/emergent/app/src/main/java/com/posbah/app/ui/screens/bmp/products/Maste
rProductsScreen.kt:159:31 Unresolved reference 'jumlahKaryawan'.
e: file:///C:/Users/danus/Documents/antigravity/emergent/app/src/main/java/com/posbah/app/ui/screens/bmp/products/Maste
rProductsScreen.kt:159:50 Unresolved reference 'gajiHarian'.
e: file:///C:/Users/danus/Documents/antigravity/emergent/app/src/main/java/com/posbah/app/ui/screens/bmp/products/Maste
rProductsScreen.kt:159:65 Unresolved reference 'hariKerjaSebulan'.
e: file:///C:/Users/danus/Documents/antigravity/emergent/app/src/main/java/com/posbah/app/ui/screens/bmp/products/Maste
rProductsScreen.kt:160:37 Unresolved reference 'listrikBulanan'.
e: file:///C:/Users/danus/Documents/antigravity/emergent/app/src/main/java/com/posbah/app/ui/screens/bmp/products/Maste
rProductsScreen.kt:161:39 Unresolved reference 'jumlahMesin'.
e: file:///C:/Users/danus/Documents/antigravity/emergent/app/src/main/java/com/posbah/app/ui/screens/bmp/products/Maste
rProductsScreen.kt:161:55 Unresolved reference 'hariKerjaSebulan'.
e: file:///C:/Users/danus/Documents/antigravity/emergent/app/src/main/java/com/posbah/app/ui/screens/bmp/products/Maste
rProductsScreen.kt:161:76 Unresolved reference 'hoursPerDay'.
e: file:///C:/Users/danus/Documents/antigravity/emergent/app/src/main/java/com/posbah/app/ui/screens/bmp/products/Maste
rProductsScreen.kt:161:88 None of the following candidates is applicable:
fun BigDecimal.times(other: BigDecimal): BigDecimal
fun BigInteger.times(other: BigInteger): BigInteger
e: file:///C:/Users/danus/Documents/antigravity/emergent/app/src/main/java/com/posbah/app/ui/screens/bmp/products/Maste
rProductsScreen.kt:162:55 'operator' modifier is required on 'FirNamedFunctionSymbol kotlin/compareTo' in 'compareTo'.
e: file:///C:/Users/danus/Documents/antigravity/emergent/app/src/main/java/com/posbah/app/ui/screens/bmp/products/Maste
rProductsScreen.kt:172:37 Unresolved reference 'biayaKarungPer1000'.
e: file:///C:/Users/danus/Documents/antigravity/emergent/app/src/main/java/com/posbah/app/ui/screens/bmp/products/Maste
rProductsScreen.kt:174:40 None of the following candidates is applicable:
fun BigDecimal.times(other: BigDecimal): BigDecimal
fun BigInteger.times(other: BigInteger): BigInteger
e: file:///C:/Users/danus/Documents/antigravity/emergent/app/src/main/java/com/posbah/app/ui/screens/bmp/products/Maste
rProductsScreen.kt:185:34 Argument type mismatch: actual type is 'android.content.Context', but 
'com.posbah.app.data.repository.BmpMasterProductData' was expected.
e: file:///C:/Users/danus/Documents/antigravity/emergent/app/src/main/java/com/posbah/app/ui/screens/bmp/products/Maste
rProductsScreen.kt:185:43 Too many arguments for 'suspend fun upsert(item: BmpMasterProductData): OnlineWriteResult'.
e: file:///C:/Users/danus/Documents/antigravity/emergent/app/src/main/java/com/posbah/app/ui/screens/bmp/products/Maste
rProductsScreen.kt:208:34 Argument type mismatch: actual type is 'android.content.Context', but 'kotlin.Long' was 
expected.
e: file:///C:/Users/danus/Documents/antigravity/emergent/app/src/main/java/com/posbah/app/ui/screens/bmp/products/Maste
rProductsScreen.kt:208:43 Too many arguments for 'suspend fun delete(id: Long): OnlineWriteResult'.
e: file:///C:/Users/danus/Documents/antigravity/emergent/app/src/main/java/com/posbah/app/ui/screens/bmp/products/Maste
rProductsScreen.kt:208:53 Too many arguments for 'suspend fun delete(id: Long): OnlineWriteResult'.
e: file:///C:/Users/danus/Documents/antigravity/emergent/app/src/main/java/com/posbah/app/ui/screens/bmp/products/Maste
rProductsScreen.kt:255:17 Cannot infer type for this parameter. Please specify it explicitly.
e: file:///C:/Users/danus/Documents/antigravity/emergent/app/src/main/java/com/posbah/app/ui/screens/bmp/products/Maste
rProductsScreen.kt:255:17 Property delegate must have a 'getValue(Nothing?, KProperty0<ERROR CLASS: Cannot infer 
argument for type parameter T>)' method. None of the following functions is applicable:
fun <T> State<T>.getValue(thisObj: Any?, property: KProperty<*>): T
e: file:///C:/Users/danus/Documents/antigravity/emergent/app/src/main/java/com/posbah/app/ui/screens/bmp/products/Maste
rProductsScreen.kt:255:17 Not enough information to infer type argument for 'T'.
e: file:///C:/Users/danus/Documents/antigravity/emergent/app/src/main/java/com/posbah/app/ui/screens/bmp/products/Maste
rProductsScreen.kt:255:36 Cannot infer type for this parameter. Please specify it explicitly.
e: file:///C:/Users/danus/Documents/antigravity/emergent/app/src/main/java/com/posbah/app/ui/screens/bmp/products/Maste
rProductsScreen.kt:255:36 Not enough information to infer type argument for 'T'.
e: file:///C:/Users/danus/Documents/antigravity/emergent/app/src/main/java/com/posbah/app/ui/screens/bmp/products/Maste
rProductsScreen.kt:315:77 Function invocation 'size(...)' expected.
e: file:///C:/Users/danus/Documents/antigravity/emergent/app/src/main/java/com/posbah/app/ui/screens/bmp/products/Maste
rProductsScreen.kt:326:22 Overload resolution ambiguity between candidates:
fun <T> Array<out T>.isEmpty(): Boolean
fun BooleanArray.isEmpty(): Boolean
fun ByteArray.isEmpty(): Boolean
fun CharArray.isEmpty(): Boolean
fun DoubleArray.isEmpty(): Boolean
fun FloatArray.isEmpty(): Boolean
fun IntArray.isEmpty(): Boolean
fun LongArray.isEmpty(): Boolean
fun ShortArray.isEmpty(): Boolean
fun CharSequence.isEmpty(): Boolean
e: file:///C:/Users/danus/Documents/antigravity/emergent/app/src/main/java/com/posbah/app/ui/screens/bmp/products/Maste
rProductsScreen.kt:338:44 Unresolved reference 'id'.
e: file:///C:/Users/danus/Documents/antigravity/emergent/app/src/main/java/com/posbah/app/ui/screens/bmp/products/Maste
rProductsScreen.kt:343:65 Argument type mismatch: actual type is 'kotlin.Int', but 
'com.posbah.app.data.local.entities.BmpMasterProductEntity' was expected.
e: file:///C:/Users/danus/Documents/antigravity/emergent/app/src/main/java/com/posbah/app/ui/screens/bmp/products/Maste
rProductsScreen.kt:344:55 Unresolved reference 'id'.
e: file:///C:/Users/danus/Documents/antigravity/emergent/app/src/main/java/com/posbah/app/ui/screens/bmp/products/Maste
rProductsScreen.kt:353:48 Unresolved reference 'image'.
e: file:///C:/Users/danus/Documents/antigravity/emergent/app/src/main/java/com/posbah/app/ui/screens/bmp/products/Maste
rProductsScreen.kt:355:77 Unresolved reference 'image'.
e: file:///C:/Users/danus/Documents/antigravity/emergent/app/src/main/java/com/posbah/app/ui/screens/bmp/products/Maste
rProductsScreen.kt:367:44 Unresolved reference 'title'.
e: file:///C:/Users/danus/Documents/antigravity/emergent/app/src/main/java/com/posbah/app/ui/screens/bmp/products/Maste
rProductsScreen.kt:369:64 Unresolved reference 'price'.
e: file:///C:/Users/danus/Documents/antigravity/emergent/app/src/main/java/com/posbah/app/ui/screens/bmp/products/Maste
rProductsScreen.kt:369:78 Unresolved reference 'unit'.
e: file:///C:/Users/danus/Documents/antigravity/emergent/app/src/main/java/com/posbah/app/ui/screens/bmp/products/Maste
rProductsScreen.kt:374:75 Unresolved reference 'id'.
e: file:///C:/Users/danus/Documents/antigravity/emergent/app/src/main/java/com/posbah/app/ui/screens/bmp/products/Maste
rProductsScreen.kt:393:35 Unresolved reference 'jumlahKaryawan'.
e: file:///C:/Users/danus/Documents/antigravity/emergent/app/src/main/java/com/posbah/app/ui/screens/bmp/products/Maste
rProductsScreen.kt:393:54 Unresolved reference 'gajiHarian'.
e: file:///C:/Users/danus/Documents/antigravity/emergent/app/src/main/java/com/posbah/app/ui/screens/bmp/products/Maste
rProductsScreen.kt:393:69 Unresolved reference 'hariKerjaSebulan'.
e: file:///C:/Users/danus/Documents/antigravity/emergent/app/src/main/java/com/posbah/app/ui/screens/bmp/products/Maste
rProductsScreen.kt:394:41 Unresolved reference 'listrikBulanan'.
e: file:///C:/Users/danus/Documents/antigravity/emergent/app/src/main/java/com/posbah/app/ui/screens/bmp/products/Maste
rProductsScreen.kt:395:43 Unresolved reference 'jumlahMesin'.
e: file:///C:/Users/danus/Documents/antigravity/emergent/app/src/main/java/com/posbah/app/ui/screens/bmp/products/Maste
rProductsScreen.kt:395:59 Unresolved reference 'hariKerjaSebulan'.
e: file:///C:/Users/danus/Documents/antigravity/emergent/app/src/main/java/com/posbah/app/ui/screens/bmp/products/Maste
rProductsScreen.kt:395:80 Unresolved reference 'hoursPerDay'.
e: file:///C:/Users/danus/Documents/antigravity/emergent/app/src/main/java/com/posbah/app/ui/screens/bmp/products/Maste
rProductsScreen.kt:395:92 None of the following candidates is applicable:
fun BigDecimal.times(other: BigDecimal): BigDecimal
fun BigInteger.times(other: BigInteger): BigInteger
e: file:///C:/Users/danus/Documents/antigravity/emergent/app/src/main/java/com/posbah/app/ui/screens/bmp/products/Maste
rProductsScreen.kt:396:59 'operator' modifier is required on 'FirNamedFunctionSymbol kotlin/compareTo' in 'compareTo'.
e: file:///C:/Users/danus/Documents/antigravity/emergent/app/src/main/java/com/posbah/app/ui/screens/bmp/products/Maste
rProductsScreen.kt:406:41 Unresolved reference 'biayaKarungPer1000'.
e: file:///C:/Users/danus/Documents/antigravity/emergent/app/src/main/java/com/posbah/app/ui/screens/bmp/products/Maste
rProductsScreen.kt:408:44 None of the following candidates is applicable:
fun BigDecimal.times(other: BigDecimal): BigDecimal
fun BigInteger.times(other: BigInteger): BigInteger
e: file:///C:/Users/danus/Documents/antigravity/emergent/app/src/main/java/com/posbah/app/ui/screens/bmp/qr/QrScannerSc
reen.kt:115:61 Argument type mismatch: actual type is 'com.posbah.app.data.repository.UserSession', but 
'com.posbah.app.data.local.entities.LocalUser' was expected.
e: file:///C:/Users/danus/Documents/antigravity/emergent/app/src/main/java/com/posbah/app/ui/screens/bmp/settings/Print
SettingsViewModel.kt:12:39 Unresolved reference 'toOnlineWriteResult'.
e: file:///C:/Users/danus/Documents/antigravity/emergent/app/src/main/java/com/posbah/app/ui/screens/bmp/settings/Print
SettingsViewModel.kt:51:64 Too many arguments for 'suspend fun get(moduleKey: String): PrintSettingsData?'.
e: file:///C:/Users/danus/Documents/antigravity/emergent/app/src/main/java/com/posbah/app/ui/screens/bmp/settings/Print
SettingsViewModel.kt:52:32 Assignment type mismatch: actual type is 'kotlin.Any', but 
'com.posbah.app.data.local.entities.PrintSettingsEntity?' was expected.
e: file:///C:/Users/danus/Documents/antigravity/emergent/app/src/main/java/com/posbah/app/ui/screens/bmp/settings/Print
SettingsViewModel.kt:129:82 Unresolved reference 'uploadLogoToVps'.
e: file:///C:/Users/danus/Documents/antigravity/emergent/app/src/main/java/com/posbah/app/ui/screens/bmp/settings/Print
SettingsViewModel.kt:137:60 Argument type mismatch: actual type is 'kotlin.Any', but 'kotlin.String?' was expected.
e: file:///C:/Users/danus/Documents/antigravity/emergent/app/src/main/java/com/posbah/app/ui/screens/bmp/settings/Print
SettingsViewModel.kt:186:78 Unresolved reference 'uploadTtdPengirimToVps'.
e: file:///C:/Users/danus/Documents/antigravity/emergent/app/src/main/java/com/posbah/app/ui/screens/bmp/settings/Print
SettingsViewModel.kt:190:69 Argument type mismatch: actual type is 'kotlin.Any', but 'kotlin.String?' was expected.
e: file:///C:/Users/danus/Documents/antigravity/emergent/app/src/main/java/com/posbah/app/ui/screens/bmp/settings/Print
SettingsViewModel.kt:203:78 Unresolved reference 'uploadTtdPengirimToVps'.
e: file:///C:/Users/danus/Documents/antigravity/emergent/app/src/main/java/com/posbah/app/ui/screens/bmp/settings/Print
SettingsViewModel.kt:207:68 Argument type mismatch: actual type is 'kotlin.Any', but 'kotlin.String?' was expected.
e: file:///C:/Users/danus/Documents/antigravity/emergent/app/src/main/java/com/posbah/app/ui/screens/bmp/settings/Print
SettingsViewModel.kt:220:78 Unresolved reference 'uploadTtdPengirimToVps'.
e: file:///C:/Users/danus/Documents/antigravity/emergent/app/src/main/java/com/posbah/app/ui/screens/bmp/settings/Print
SettingsViewModel.kt:224:73 Argument type mismatch: actual type is 'kotlin.Any', but 'kotlin.String?' was expected.
e: file:///C:/Users/danus/Documents/antigravity/emergent/app/src/main/java/com/posbah/app/ui/screens/bmp/settings/Print
SettingsViewModel.kt:236:27 Unresolved reference 'upsert'.
e: file:///C:/Users/danus/Documents/antigravity/emergent/app/src/main/java/com/posbah/app/ui/screens/bmp/settings/Print
SettingsViewModel.kt:239:123 Unresolved reference 'toOnlineWriteResult'.
e: file:///C:/Users/danus/Documents/antigravity/emergent/app/src/main/java/com/posbah/app/ui/screens/bmp/settings/Print
SettingsViewModel.kt:249:63 Unresolved reference 'get'.
e: file:///C:/Users/danus/Documents/antigravity/emergent/app/src/main/java/com/posbah/app/ui/screens/bmp/settings/Print
SettingsViewModel.kt:251:68 Unresolved reference 'copy'.
e: file:///C:/Users/danus/Documents/antigravity/emergent/app/src/main/java/com/posbah/app/ui/screens/bmp/settings/Setti
ngsScreen.kt:96:30 Unresolved reference 'observe'.
e: file:///C:/Users/danus/Documents/antigravity/emergent/app/src/main/java/com/posbah/app/ui/screens/bmp/settings/Setti
ngsScreen.kt:97:10 Cannot infer type for this parameter. Please specify it explicitly.
e: file:///C:/Users/danus/Documents/antigravity/emergent/app/src/main/java/com/posbah/app/ui/screens/bmp/settings/Setti
ngsScreen.kt:97:58 Cannot infer type for this parameter. Please specify it explicitly.
e: file:///C:/Users/danus/Documents/antigravity/emergent/app/src/main/java/com/posbah/app/ui/screens/bmp/settings/Setti
ngsScreen.kt:104:45 Too many arguments for 'suspend fun get(): BmpSettingsData?'.
e: file:///C:/Users/danus/Documents/antigravity/emergent/app/src/main/java/com/posbah/app/ui/screens/bmp/settings/Setti
ngsScreen.kt:105:28 Assignment type mismatch: actual type is 'kotlin.Any', but 
'com.posbah.app.data.local.entities.BmpSettingsEntity?' was expected.
e: file:///C:/Users/danus/Documents/antigravity/emergent/app/src/main/java/com/posbah/app/ui/screens/bmp/settings/Setti
ngsScreen.kt:127:22 Unresolved reference 'upsert'.
e: file:///C:/Users/danus/Documents/antigravity/emergent/app/src/main/java/com/posbah/app/ui/screens/bmp/settings/Setti
ngsScreen.kt:162:70 Too many arguments for 'suspend fun create(name: String, address: String? = ..., phone: String? = 
...): Long'.
e: file:///C:/Users/danus/Documents/antigravity/emergent/app/src/main/java/com/posbah/app/ui/screens/bmp/settings/Setti
ngsScreen.kt:183:27 Argument type mismatch: actual type is 'com.posbah.app.data.local.entities.Outlet', but 
'com.posbah.app.data.repository.OutletData' was expected.
e: file:///C:/Users/danus/Documents/antigravity/emergent/app/src/main/java/com/posbah/app/ui/screens/bmp/settings/Setti
ngsScreen.kt:208:60 Unresolved reference 'pushBmpEmployeeImmediate'.
e: file:///C:/Users/danus/Documents/antigravity/emergent/app/src/main/java/com/posbah/app/ui/screens/bmp/settings/Setti
ngsScreen.kt:289:20 Cannot infer type for this parameter. Please specify it explicitly.
e: file:///C:/Users/danus/Documents/antigravity/emergent/app/src/main/java/com/posbah/app/ui/screens/bmp/settings/Setti
ngsScreen.kt:289:20 Property delegate must have a 'getValue(Nothing?, KProperty0<ERROR CLASS: Cannot infer argument 
for type parameter T>)' method. None of the following functions is applicable:
fun <T> State<T>.getValue(thisObj: Any?, property: KProperty<*>): T
e: file:///C:/Users/danus/Documents/antigravity/emergent/app/src/main/java/com/posbah/app/ui/screens/bmp/settings/Setti
ngsScreen.kt:289:20 Not enough information to infer type argument for 'T'.
e: file:///C:/Users/danus/Documents/antigravity/emergent/app/src/main/java/com/posbah/app/ui/screens/bmp/settings/Setti
ngsScreen.kt:289:38 Cannot infer type for this parameter. Please specify it explicitly.
e: file:///C:/Users/danus/Documents/antigravity/emergent/app/src/main/java/com/posbah/app/ui/screens/bmp/settings/Setti
ngsScreen.kt:289:38 Not enough information to infer type argument for 'T'.
e: file:///C:/Users/danus/Documents/antigravity/emergent/app/src/main/java/com/posbah/app/ui/screens/bmp/settings/Setti
ngsScreen.kt:638:39 Unresolved reference 'id'.
e: file:///C:/Users/danus/Documents/antigravity/emergent/app/src/main/java/com/posbah/app/ui/screens/bmp/settings/Setti
ngsScreen.kt:642:76 Unresolved reference 'id'.
e: file:///C:/Users/danus/Documents/antigravity/emergent/app/src/main/java/com/posbah/app/ui/screens/bmp/settings/Setti
ngsScreen.kt:657:35 Unresolved reference 'name'.
e: file:///C:/Users/danus/Documents/antigravity/emergent/app/src/main/java/com/posbah/app/ui/screens/bmp/settings/Setti
ngsScreen.kt:657:48 Unresolved reference 'isDefault'.
e: file:///C:/Users/danus/Documents/antigravity/emergent/app/src/main/java/com/posbah/app/ui/screens/bmp/settings/Setti
ngsScreen.kt:661:35 Unresolved reference 'address'.
e: file:///C:/Users/danus/Documents/antigravity/emergent/app/src/main/java/com/posbah/app/ui/screens/bmp/settings/Setti
ngsScreen.kt:661:48 Unresolved reference 'phone'.
e: file:///C:/Users/danus/Documents/antigravity/emergent/app/src/main/java/com/posbah/app/ui/screens/bmp/settings/Setti
ngsScreen.kt:667:46 Assignment type mismatch: actual type is 'kotlin.Int', but 
'com.posbah.app.data.local.entities.Outlet?' was expected.
e: file:///C:/Users/danus/Documents/antigravity/emergent/app/src/main/java/com/posbah/app/ui/screens/bmp/stock/BmpStock
Screen.kt:69:57 Cannot infer type for this parameter. Please specify it explicitly.
e: file:///C:/Users/danus/Documents/antigravity/emergent/app/src/main/java/com/posbah/app/ui/screens/bmp/stock/BmpStock
Screen.kt:69:57 Not enough information to infer type argument for 'T1'.
e: file:///C:/Users/danus/Documents/antigravity/emergent/app/src/main/java/com/posbah/app/ui/screens/bmp/stock/BmpStock
Screen.kt:69:57 Not enough information to infer type argument for 'T2'.
e: file:///C:/Users/danus/Documents/antigravity/emergent/app/src/main/java/com/posbah/app/ui/screens/bmp/stock/BmpStock
Screen.kt:69:57 Not enough information to infer type argument for 'R'.
e: file:///C:/Users/danus/Documents/antigravity/emergent/app/src/main/java/com/posbah/app/ui/screens/bmp/stock/BmpStock
Screen.kt:70:19 Unresolved reference 'observeStocks'.
e: file:///C:/Users/danus/Documents/antigravity/emergent/app/src/main/java/com/posbah/app/ui/screens/bmp/stock/BmpStock
Screen.kt:71:27 Unresolved reference 'observe'.
e: file:///C:/Users/danus/Documents/antigravity/emergent/app/src/main/java/com/posbah/app/ui/screens/bmp/stock/BmpStock
Screen.kt:72:9 Cannot infer type for this parameter. Please specify it explicitly.
e: file:///C:/Users/danus/Documents/antigravity/emergent/app/src/main/java/com/posbah/app/ui/screens/bmp/stock/BmpStock
Screen.kt:72:17 Cannot infer type for this parameter. Please specify it explicitly.
e: file:///C:/Users/danus/Documents/antigravity/emergent/app/src/main/java/com/posbah/app/ui/screens/bmp/stock/BmpStock
Screen.kt:73:18 Overload resolution ambiguity between candidates:
fun <R, T> Result<T>.map(transform: (@ParameterName(...) T) -> R): Result<R>
    [R|Contract description]
     <
        CallsInPlace(transform, AT_MOST_ONCE)
    >
fun <T, R> Array<out T>.map(transform: (T) -> R): List<R>
fun <R> BooleanArray.map(transform: (Boolean) -> R): List<R>
fun <R> ByteArray.map(transform: (Byte) -> R): List<R>
fun <R> CharArray.map(transform: (Char) -> R): List<R>
fun <R> DoubleArray.map(transform: (Double) -> R): List<R>
fun <R> FloatArray.map(transform: (Float) -> R): List<R>
fun <R> IntArray.map(transform: (Int) -> R): List<R>
fun <R> LongArray.map(transform: (Long) -> R): List<R>
fun <R> ShortArray.map(transform: (Short) -> R): List<R>
fun <T, R> Iterable<T>.map(transform: (T) -> R): List<R>
fun <K, V, R> Map<out K, V>.map(transform: (Map.Entry<K, V>) -> R): List<R>
fun <R> UByteArray.map(transform: (UByte) -> R): List<R>
fun <R> UIntArray.map(transform: (UInt) -> R): List<R>
fun <R> ULongArray.map(transform: (ULong) -> R): List<R>
fun <R> UShortArray.map(transform: (UShort) -> R): List<R>
fun <T, R> Sequence<T>.map(transform: (T) -> R): Sequence<R>
fun <R> CharSequence.map(transform: (Char) -> R): List<R>
e: file:///C:/Users/danus/Documents/antigravity/emergent/app/src/main/java/com/posbah/app/ui/screens/bmp/stock/BmpStock
Screen.kt:73:24 Cannot infer type for this parameter. Please specify it explicitly.
e: file:///C:/Users/danus/Documents/antigravity/emergent/app/src/main/java/com/posbah/app/ui/screens/bmp/stock/BmpStock
Screen.kt:74:28 Overload resolution ambiguity between candidates:
fun <T> Array<out T>.find(predicate: (T) -> Boolean): T?
fun BooleanArray.find(predicate: (Boolean) -> Boolean): Boolean?
fun ByteArray.find(predicate: (Byte) -> Boolean): Byte?
fun CharArray.find(predicate: (Char) -> Boolean): Char?
fun DoubleArray.find(predicate: (Double) -> Boolean): Double?
fun FloatArray.find(predicate: (Float) -> Boolean): Float?
fun IntArray.find(predicate: (Int) -> Boolean): Int?
fun LongArray.find(predicate: (Long) -> Boolean): Long?
fun ShortArray.find(predicate: (Short) -> Boolean): Short?
fun <T> Iterable<T>.find(predicate: (T) -> Boolean): T?
fun UByteArray.find(predicate: (UByte) -> Boolean): UByte?
fun UIntArray.find(predicate: (UInt) -> Boolean): UInt?
fun ULongArray.find(predicate: (ULong) -> Boolean): ULong?
fun UShortArray.find(predicate: (UShort) -> Boolean): UShort?
fun <T> Sequence<T>.find(predicate: (T) -> Boolean): T?
fun CharSequence.find(predicate: (Char) -> Boolean): Char?
e: file:///C:/Users/danus/Documents/antigravity/emergent/app/src/main/java/com/posbah/app/ui/screens/bmp/stock/BmpStock
Screen.kt:74:35 Unresolved reference 'it'.
e: file:///C:/Users/danus/Documents/antigravity/emergent/app/src/main/java/com/posbah/app/ui/screens/bmp/stock/BmpStock
Screen.kt:74:59 Unresolved reference 'id'.
e: file:///C:/Users/danus/Documents/antigravity/emergent/app/src/main/java/com/posbah/app/ui/screens/bmp/stock/BmpStock
Screen.kt:79:52 Cannot infer type for this parameter. Please specify it explicitly.
e: file:///C:/Users/danus/Documents/antigravity/emergent/app/src/main/java/com/posbah/app/ui/screens/bmp/stock/BmpStock
Screen.kt:79:52 Not enough information to infer type argument for 'T1'.
e: file:///C:/Users/danus/Documents/antigravity/emergent/app/src/main/java/com/posbah/app/ui/screens/bmp/stock/BmpStock
Screen.kt:79:52 Not enough information to infer type argument for 'T2'.
e: file:///C:/Users/danus/Documents/antigravity/emergent/app/src/main/java/com/posbah/app/ui/screens/bmp/stock/BmpStock
Screen.kt:79:52 Not enough information to infer type argument for 'R'.
e: file:///C:/Users/danus/Documents/antigravity/emergent/app/src/main/java/com/posbah/app/ui/screens/bmp/stock/BmpStock
Screen.kt:80:19 Unresolved reference 'observeAllLedger'.
e: file:///C:/Users/danus/Documents/antigravity/emergent/app/src/main/java/com/posbah/app/ui/screens/bmp/stock/BmpStock
Screen.kt:81:27 Unresolved reference 'observe'.
e: file:///C:/Users/danus/Documents/antigravity/emergent/app/src/main/java/com/posbah/app/ui/screens/bmp/stock/BmpStock
Screen.kt:82:9 Cannot infer type for this parameter. Please specify it explicitly.
e: file:///C:/Users/danus/Documents/antigravity/emergent/app/src/main/java/com/posbah/app/ui/screens/bmp/stock/BmpStock
Screen.kt:82:18 Cannot infer type for this parameter. Please specify it explicitly.
e: file:///C:/Users/danus/Documents/antigravity/emergent/app/src/main/java/com/posbah/app/ui/screens/bmp/stock/BmpStock
Screen.kt:83:17 Overload resolution ambiguity between candidates:
fun <R, T> Result<T>.map(transform: (@ParameterName(...) T) -> R): Result<R>
    [R|Contract description]
     <
        CallsInPlace(transform, AT_MOST_ONCE)
    >
fun <T, R> Array<out T>.map(transform: (T) -> R): List<R>
fun <R> BooleanArray.map(transform: (Boolean) -> R): List<R>
fun <R> ByteArray.map(transform: (Byte) -> R): List<R>
fun <R> CharArray.map(transform: (Char) -> R): List<R>
fun <R> DoubleArray.map(transform: (Double) -> R): List<R>
fun <R> FloatArray.map(transform: (Float) -> R): List<R>
fun <R> IntArray.map(transform: (Int) -> R): List<R>
fun <R> LongArray.map(transform: (Long) -> R): List<R>
fun <R> ShortArray.map(transform: (Short) -> R): List<R>
fun <T, R> Iterable<T>.map(transform: (T) -> R): List<R>
fun <K, V, R> Map<out K, V>.map(transform: (Map.Entry<K, V>) -> R): List<R>
fun <R> UByteArray.map(transform: (UByte) -> R): List<R>
fun <R> UIntArray.map(transform: (UInt) -> R): List<R>
fun <R> ULongArray.map(transform: (ULong) -> R): List<R>
fun <R> UShortArray.map(transform: (UShort) -> R): List<R>
fun <T, R> Sequence<T>.map(transform: (T) -> R): Sequence<R>
fun <R> CharSequence.map(transform: (Char) -> R): List<R>
e: file:///C:/Users/danus/Documents/antigravity/emergent/app/src/main/java/com/posbah/app/ui/screens/bmp/stock/BmpStock
Screen.kt:83:23 Cannot infer type for this parameter. Please specify it explicitly.
e: file:///C:/Users/danus/Documents/antigravity/emergent/app/src/main/java/com/posbah/app/ui/screens/bmp/stock/BmpStock
Screen.kt:84:30 Overload resolution ambiguity between candidates:
fun <T> Array<out T>.find(predicate: (T) -> Boolean): T?
fun BooleanArray.find(predicate: (Boolean) -> Boolean): Boolean?
fun ByteArray.find(predicate: (Byte) -> Boolean): Byte?
fun CharArray.find(predicate: (Char) -> Boolean): Char?
fun DoubleArray.find(predicate: (Double) -> Boolean): Double?
fun FloatArray.find(predicate: (Float) -> Boolean): Float?
fun IntArray.find(predicate: (Int) -> Boolean): Int?
fun LongArray.find(predicate: (Long) -> Boolean): Long?
fun ShortArray.find(predicate: (Short) -> Boolean): Short?
fun <T> Iterable<T>.find(predicate: (T) -> Boolean): T?
fun UByteArray.find(predicate: (UByte) -> Boolean): UByte?
fun UIntArray.find(predicate: (UInt) -> Boolean): UInt?
fun ULongArray.find(predicate: (ULong) -> Boolean): ULong?
fun UShortArray.find(predicate: (UShort) -> Boolean): UShort?
fun <T> Sequence<T>.find(predicate: (T) -> Boolean): T?
fun CharSequence.find(predicate: (Char) -> Boolean): Char?
e: file:///C:/Users/danus/Documents/antigravity/emergent/app/src/main/java/com/posbah/app/ui/screens/bmp/stock/BmpStock
Screen.kt:84:37 Unresolved reference 'it'.
e: file:///C:/Users/danus/Documents/antigravity/emergent/app/src/main/java/com/posbah/app/ui/screens/bmp/stock/BmpStock
Screen.kt:84:48 Unresolved reference 'masterProductId'.
e: file:///C:/Users/danus/Documents/antigravity/emergent/app/src/main/java/com/posbah/app/ui/screens/bmp/stock/BmpStock
Screen.kt:85:30 Unresolved reference 'title'.
e: file:///C:/Users/danus/Documents/antigravity/emergent/app/src/main/java/com/posbah/app/ui/screens/bmp/stock/BmpStock
Screen.kt:85:52 Unresolved reference 'masterProductId'.
e: file:///C:/Users/danus/Documents/antigravity/emergent/app/src/main/java/com/posbah/app/ui/screens/bmp/stock/BmpStock
Screen.kt:91:13 No parameter with name 'context' found.
e: file:///C:/Users/danus/Documents/antigravity/emergent/app/src/main/java/com/posbah/app/ui/screens/bmp/stock/BmpStock
Screen.kt:92:13 No parameter with name 'tenantId' found.
e: file:///C:/Users/danus/Documents/antigravity/emergent/app/src/main/java/com/posbah/app/ui/screens/bmp/stock/BmpStock
Screen.kt:93:13 No parameter with name 'productId' found.
e: file:///C:/Users/danus/Documents/antigravity/emergent/app/src/main/java/com/posbah/app/ui/screens/bmp/stock/BmpStock
Screen.kt:94:22 Argument type mismatch: actual type is 'kotlin.Double', but 'kotlin.Int' was expected.
e: file:///C:/Users/danus/Documents/antigravity/emergent/app/src/main/java/com/posbah/app/ui/screens/bmp/stock/BmpStock
Screen.kt:97:13 No value passed for parameter 'masterItemId'.
e: file:///C:/Users/danus/Documents/antigravity/emergent/app/src/main/java/com/posbah/app/ui/screens/laundry/LaundryVie
wModel.kt:65:39 Argument type mismatch: actual type is 'com.posbah.app.data.repository.PrintSettingsData?', but 
'com.posbah.app.data.local.entities.PrintSettingsEntity?' was expected.
e: file:///C:/Users/danus/Documents/antigravity/emergent/app/src/main/java/com/posbah/app/ui/screens/laundry/LaundryVie
wModel.kt:140:33 Unresolved reference 'seedDefaultLaundryServices'.
e: file:///C:/Users/danus/Documents/antigravity/emergent/app/src/main/java/com/posbah/app/ui/screens/laundry/LaundryVie
wModel.kt:235:38 Argument type mismatch: actual type is 'com.posbah.app.data.local.entities.ProductEntity', but 
'com.posbah.app.data.repository.ProductData' was expected.
e: file:///C:/Users/danus/Documents/antigravity/emergent/app/src/main/java/com/posbah/app/ui/screens/laundry/LaundryVie
wModel.kt:287:38 Argument type mismatch: actual type is 'com.posbah.app.data.local.entities.ProductEntity', but 
'com.posbah.app.data.repository.ProductData' was expected.
e: file:///C:/Users/danus/Documents/antigravity/emergent/app/src/main/java/com/posbah/app/ui/screens/laundry/LaundryVie
wModel.kt:327:57 No value passed for parameter 'productRepo'.
e: file:///C:/Users/danus/Documents/antigravity/emergent/app/src/main/java/com/posbah/app/ui/screens/laundry/LaundryVie
wModel.kt:352:91 Argument type mismatch: actual type is 'kotlin.String', but 'kotlin.Long?' was expected.
e: file:///C:/Users/danus/Documents/antigravity/emergent/app/src/main/java/com/posbah/app/ui/screens/laundry/LaundryVie
wModel.kt:389:35 None of the following candidates is applicable:
suspend fun checkout(transaction: TransactionData, items: List<TransactionItemData>, productRepo: ProductRepository): 
TransactionData
suspend fun checkout(transaction: TransactionEntity, items: List<TransactionItemEntity>, productRepo: 
ProductRepository): TransactionEntity
e: file:///C:/Users/danus/Documents/antigravity/emergent/app/src/main/java/com/posbah/app/ui/screens/laundry/LaundryVie
wModel.kt:414:42 Argument type mismatch: actual type is 'com.posbah.app.data.local.entities.TransactionEntity', but 
'com.posbah.app.data.repository.TransactionData' was expected.
e: file:///C:/Users/danus/Documents/antigravity/emergent/app/src/main/java/com/posbah/app/ui/screens/laundry/LaundryVie
wModel.kt:426:42 Argument type mismatch: actual type is 'com.posbah.app.data.local.entities.TransactionEntity', but 
'com.posbah.app.data.repository.TransactionData' was expected.
e: file:///C:/Users/danus/Documents/antigravity/emergent/app/src/main/java/com/posbah/app/ui/screens/laundry/LaundryVie
wModel.kt:516:55 Cannot infer type for this parameter. Please specify it explicitly.
e: file:///C:/Users/danus/Documents/antigravity/emergent/app/src/main/java/com/posbah/app/ui/screens/login/LoginViewMod
el.kt:55:81 Argument type mismatch: actual type is 'com.posbah.app.data.repository.UserSession', but 
'com.posbah.app.data.local.entities.LocalUser?' was expected.
e: file:///C:/Users/danus/Documents/antigravity/emergent/app/src/main/java/com/posbah/app/ui/screens/login/LoginViewMod
el.kt:58:72 Argument type mismatch: actual type is 'kotlin.Pair<com.posbah.app.data.repository.UserSession, 
kotlin.collections.List<com.posbah.app.data.repository.TenantSession>>', but 
'kotlin.Pair<com.posbah.app.data.local.entities.LocalUser, 
kotlin.collections.List<com.posbah.app.data.local.entities.Tenant>>?' was expected.
e: file:///C:/Users/danus/Documents/antigravity/emergent/app/src/main/java/com/posbah/app/ui/screens/login/LoginViewMod
el.kt:84:85 Argument type mismatch: actual type is 'com.posbah.app.data.repository.UserSession', but 
'com.posbah.app.data.local.entities.LocalUser?' was expected.
e: file:///C:/Users/danus/Documents/antigravity/emergent/app/src/main/java/com/posbah/app/ui/screens/owner/employee/Emp
loyeeViewModel.kt:211:17 Argument type mismatch: actual type is 'kotlin.String', but 'kotlin.Long' was expected.
e: file:///C:/Users/danus/Documents/antigravity/emergent/app/src/main/java/com/posbah/app/ui/screens/owner/employee/Emp
loyeeViewModel.kt:213:17 Too many arguments for 'suspend fun syncEmployeePasswordChangeImmediate(context: Context, db: 
PosBahDatabase, tenantId: String, employeeId: Long, newPassword: String): SupabaseSyncManager.SyncResult'.
e: file:///C:/Users/danus/Documents/antigravity/emergent/app/src/main/java/com/posbah/app/ui/screens/owner/employee/Emp
loyeeViewModel.kt:282:117 Argument type mismatch: actual type is 'kotlin.String?', but 'kotlin.String' was expected.
e: file:///C:/Users/danus/Documents/antigravity/emergent/app/src/main/java/com/posbah/app/ui/screens/owner/employee/Emp
loyeeViewModel.kt:349:122 Argument type mismatch: actual type is 'kotlin.String?', but 'kotlin.String' was expected.
e: file:///C:/Users/danus/Documents/antigravity/emergent/app/src/main/java/com/posbah/app/ui/screens/owner/employee/Emp
loyeeViewModel.kt:387:64 Unresolved reference 'deleteEmployeeImmediate'.
e: file:///C:/Users/danus/Documents/antigravity/emergent/app/src/main/java/com/posbah/app/ui/screens/owner/outlet/Outle
tControlViewModel.kt:107:64 Unresolved reference 'getAll'.
e: file:///C:/Users/danus/Documents/antigravity/emergent/app/src/main/java/com/posbah/app/ui/screens/owner/outlet/Outle
tControlViewModel.kt:108:60 Unresolved reference 'transactionId'.
e: file:///C:/Users/danus/Documents/antigravity/emergent/app/src/main/java/com/posbah/app/ui/screens/owner/outlet/Outle
tControlViewModel.kt:108:62 Unresolved reference 'it'.
e: file:///C:/Users/danus/Documents/antigravity/emergent/app/src/main/java/com/posbah/app/ui/screens/owner/outlet/Outle
tControlViewModel.kt:131:50 Overload resolution ambiguity between candidates:
fun <T> Iterable<T>.sumOf(selector: (T) -> BigDecimal): BigDecimal
fun <T> Iterable<T>.sumOf(selector: (T) -> BigInteger): BigInteger
fun <T> Iterable<T>.sumOf(selector: (T) -> Double): Double
fun <T> Iterable<T>.sumOf(selector: (T) -> Int): Int
fun <T> Iterable<T>.sumOf(selector: (T) -> Long): Long
fun <T> Iterable<T>.sumOf(selector: (T) -> UInt): UInt
fun <T> Iterable<T>.sumOf(selector: (T) -> ULong): ULong
e: file:///C:/Users/danus/Documents/antigravity/emergent/app/src/main/java/com/posbah/app/ui/screens/owner/outlet/Outle
tControlViewModel.kt:132:37 Cannot infer type for this parameter. Please specify it explicitly.
e: file:///C:/Users/danus/Documents/antigravity/emergent/app/src/main/java/com/posbah/app/ui/screens/owner/outlet/Outle
tControlViewModel.kt:132:37 Not enough information to infer type argument for 'V'.
e: file:///C:/Users/danus/Documents/antigravity/emergent/app/src/main/java/com/posbah/app/ui/screens/owner/outlet/Outle
tControlViewModel.kt:132:37 Not enough information to infer type argument for 'K'.
e: file:///C:/Users/danus/Documents/antigravity/emergent/app/src/main/java/com/posbah/app/ui/screens/owner/outlet/Outle
tControlViewModel.kt:132:59 Cannot infer type for this parameter. Please specify it explicitly.
e: file:///C:/Users/danus/Documents/antigravity/emergent/app/src/main/java/com/posbah/app/ui/screens/owner/outlet/Outle
tControlViewModel.kt:132:59 Not enough information to infer type argument for 'T'.
e: file:///C:/Users/danus/Documents/antigravity/emergent/app/src/main/java/com/posbah/app/ui/screens/owner/outlet/Outle
tControlViewModel.kt:133:42 Overload resolution ambiguity between candidates:
fun <T> Array<out T>.sumOf(selector: (T) -> BigDecimal): BigDecimal
fun <T> Array<out T>.sumOf(selector: (T) -> BigInteger): BigInteger
fun BooleanArray.sumOf(selector: (Boolean) -> BigDecimal): BigDecimal
fun BooleanArray.sumOf(selector: (Boolean) -> BigInteger): BigInteger
fun ByteArray.sumOf(selector: (Byte) -> BigDecimal): BigDecimal
fun ByteArray.sumOf(selector: (Byte) -> BigInteger): BigInteger
fun CharArray.sumOf(selector: (Char) -> BigDecimal): BigDecimal
fun CharArray.sumOf(selector: (Char) -> BigInteger): BigInteger
fun DoubleArray.sumOf(selector: (Double) -> BigDecimal): BigDecimal
fun DoubleArray.sumOf(selector: (Double) -> BigInteger): BigInteger
fun FloatArray.sumOf(selector: (Float) -> BigDecimal): BigDecimal
fun FloatArray.sumOf(selector: (Float) -> BigInteger): BigInteger
fun IntArray.sumOf(selector: (Int) -> BigDecimal): BigDecimal
fun IntArray.sumOf(selector: (Int) -> BigInteger): BigInteger
fun LongArray.sumOf(selector: (Long) -> BigDecimal): BigDecimal
fun LongArray.sumOf(selector: (Long) -> BigInteger): BigInteger
fun ShortArray.sumOf(selector: (Short) -> BigDecimal): BigDecimal
fun ShortArray.sumOf(selector: (Short) -> BigInteger): BigInteger
fun <T> Array<out T>.sumOf(selector: (T) -> Double): Double
fun <T> Array<out T>.sumOf(selector: (T) -> Int): Int
fun <T> Array<out T>.sumOf(selector: (T) -> Long): Long
fun <T> Array<out T>.sumOf(selector: (T) -> UInt): UInt
fun <T> Array<out T>.sumOf(selector: (T) -> ULong): ULong
fun BooleanArray.sumOf(selector: (Boolean) -> Double): Double
fun BooleanArray.sumOf(selector: (Boolean) -> Int): Int
fun BooleanArray.sumOf(selector: (Boolean) -> Long): Long
fun BooleanArray.sumOf(selector: (Boolean) -> UInt): UInt
fun BooleanArray.sumOf(selector: (Boolean) -> ULong): ULong
fun ByteArray.sumOf(selector: (Byte) -> Double): Double
fun ByteArray.sumOf(selector: (Byte) -> Int): Int
fun ByteArray.sumOf(selector: (Byte) -> Long): Long
fun ByteArray.sumOf(selector: (Byte) -> UInt): UInt
fun ByteArray.sumOf(selector: (Byte) -> ULong): ULong
fun CharArray.sumOf(selector: (Char) -> Double): Double
fun CharArray.sumOf(selector: (Char) -> Int): Int
fun CharArray.sumOf(selector: (Char) -> Long): Long
fun CharArray.sumOf(selector: (Char) -> UInt): UInt
fun CharArray.sumOf(selector: (Char) -> ULong): ULong
fun DoubleArray.sumOf(selector: (Double) -> Double): Double
fun DoubleArray.sumOf(selector: (Double) -> Int): Int
fun DoubleArray.sumOf(selector: (Double) -> Long): Long
fun DoubleArray.sumOf(selector: (Double) -> UInt): UInt
fun DoubleArray.sumOf(selector: (Double) -> ULong): ULong
fun FloatArray.sumOf(selector: (Float) -> Double): Double
fun FloatArray.sumOf(selector: (Float) -> Int): Int
fun FloatArray.sumOf(selector: (Float) -> Long): Long
fun FloatArray.sumOf(selector: (Float) -> UInt): UInt
fun FloatArray.sumOf(selector: (Float) -> ULong): ULong
fun IntArray.sumOf(selector: (Int) -> Double): Double
fun IntArray.sumOf(selector: (Int) -> Int): Int
fun IntArray.sumOf(selector: (Int) -> Long): Long
fun IntArray.sumOf(selector: (Int) -> UInt): UInt
fun IntArray.sumOf(selector: (Int) -> ULong): ULong
fun LongArray.sumOf(selector: (Long) -> Double): Double
fun LongArray.sumOf(selector: (Long) -> Int): Int
fun LongArray.sumOf(selector: (Long) -> Long): Long
fun LongArray.sumOf(selector: (Long) -> UInt): UInt
fun LongArray.sumOf(selector: (Long) -> ULong): ULong
fun ShortArray.sumOf(selector: (Short) -> Double): Double
fun ShortArray.sumOf(selector: (Short) -> Int): Int
fun ShortArray.sumOf(selector: (Short) -> Long): Long
fun ShortArray.sumOf(selector: (Short) -> UInt): UInt
fun ShortArray.sumOf(selector: (Short) -> ULong): ULong
fun <T> Iterable<T>.sumOf(selector: (T) -> BigDecimal): BigDecimal
fun <T> Iterable<T>.sumOf(selector: (T) -> BigInteger): BigInteger
fun <T> Iterable<T>.sumOf(selector: (T) -> Double): Double
fun <T> Iterable<T>.sumOf(selector: (T) -> Int): Int
fun <T> Iterable<T>.sumOf(selector: (T) -> Long): Long
fun <T> Iterable<T>.sumOf(selector: (T) -> UInt): UInt
fun <T> Iterable<T>.sumOf(selector: (T) -> ULong): ULong
fun UByteArray.sumOf(selector: (UByte) -> BigDecimal): BigDecimal
fun UByteArray.sumOf(selector: (UByte) -> BigInteger): BigInteger
fun UIntArray.sumOf(selector: (UInt) -> BigDecimal): BigDecimal
fun UIntArray.sumOf(selector: (UInt) -> BigInteger): BigInteger
fun ULongArray.sumOf(selector: (ULong) -> BigDecimal): BigDecimal
fun ULongArray.sumOf(selector: (ULong) -> BigInteger): BigInteger
fun UShortArray.sumOf(selector: (UShort) -> BigDecimal): BigDecimal
fun UShortArray.sumOf(selector: (UShort) -> BigInteger): BigInteger
fun UByteArray.sumOf(selector: (UByte) -> Double): Double
fun UByteArray.sumOf(selector: (UByte) -> Int): Int
fun UByteArray.sumOf(selector: (UByte) -> Long): Long
fun UByteArray.sumOf(selector: (UByte) -> UInt): UInt
fun UByteArray.sumOf(selector: (UByte) -> ULong): ULong
fun UIntArray.sumOf(selector: (UInt) -> Double): Double
fun UIntArray.sumOf(selector: (UInt) -> Int): Int
fun UIntArray.sumOf(selector: (UInt) -> Long): Long
fun UIntArray.sumOf(selector: (UInt) -> UInt): UInt
fun UIntArray.sumOf(selector: (UInt) -> ULong): ULong
fun ULongArray.sumOf(selector: (ULong) -> Double): Double
fun ULongArray.sumOf(selector: (ULong) -> Int): Int
fun ULongArray.sumOf(selector: (ULong) -> Long): Long
fun ULongArray.sumOf(selector: (ULong) -> UInt): UInt
fun ULongArray.sumOf(selector: (ULong) -> ULong): ULong
fun UShortArray.sumOf(selector: (UShort) -> Double): Double
fun UShortArray.sumOf(selector: (UShort) -> Int): Int
fun UShortArray.sumOf(selector: (UShort) -> Long): Long
fun UShortArray.sumOf(selector: (UShort) -> UInt): UInt
fun UShortArray.sumOf(selector: (UShort) -> ULong): ULong
fun <T> Sequence<T>.sumOf(selector: (T) -> BigDecimal): BigDecimal
fun <T> Sequence<T>.sumOf(selector: (T) -> BigInteger): BigInteger
fun <T> Sequence<T>.sumOf(selector: (T) -> Double): Double
fun <T> Sequence<T>.sumOf(selector: (T) -> Int): Int
fun <T> Sequence<T>.sumOf(selector: (T) -> Long): Long
fun <T> Sequence<T>.sumOf(selector: (T) -> UInt): UInt
fun <T> Sequence<T>.sumOf(selector: (T) -> ULong): ULong
fun CharSequence.sumOf(selector: (Char) -> BigDecimal): BigDecimal
fun CharSequence.sumOf(selector: (Char) -> BigInteger): BigInteger
fun CharSequence.sumOf(selector: (Char) -> Double): Double
fun CharSequence.sumOf(selector: (Char) -> Int): Int
fun CharSequence.sumOf(selector: (Char) -> Long): Long
fun CharSequence.sumOf(selector: (Char) -> UInt): UInt
fun CharSequence.sumOf(selector: (Char) -> ULong): ULong
e: file:///C:/Users/danus/Documents/antigravity/emergent/app/src/main/java/com/posbah/app/ui/screens/owner/outlet/Outle
tControlViewModel.kt:133:50 Unresolved reference 'it'.
e: file:///C:/Users/danus/Documents/antigravity/emergent/app/src/main/java/com/posbah/app/ui/screens/owner/outlet/Outle
tControlViewModel.kt:133:65 Unresolved reference 'it'.
e: file:///C:/Users/danus/Documents/antigravity/emergent/app/src/main/java/com/posbah/app/ui/screens/owner/outlet/Outle
tControlViewModel.kt:185:36 Overload resolution ambiguity between candidates:
fun <T> Iterable<T>.sumOf(selector: (T) -> BigDecimal): BigDecimal
fun <T> Iterable<T>.sumOf(selector: (T) -> BigInteger): BigInteger
fun <T> Iterable<T>.sumOf(selector: (T) -> Double): Double
fun <T> Iterable<T>.sumOf(selector: (T) -> Int): Int
fun <T> Iterable<T>.sumOf(selector: (T) -> Long): Long
fun <T> Iterable<T>.sumOf(selector: (T) -> UInt): UInt
fun <T> Iterable<T>.sumOf(selector: (T) -> ULong): ULong
e: file:///C:/Users/danus/Documents/antigravity/emergent/app/src/main/java/com/posbah/app/ui/screens/owner/outlet/Outle
tControlViewModel.kt:186:41 Cannot infer type for this parameter. Please specify it explicitly.
e: file:///C:/Users/danus/Documents/antigravity/emergent/app/src/main/java/com/posbah/app/ui/screens/owner/outlet/Outle
tControlViewModel.kt:186:41 Not enough information to infer type argument for 'V'.
e: file:///C:/Users/danus/Documents/antigravity/emergent/app/src/main/java/com/posbah/app/ui/screens/owner/outlet/Outle
tControlViewModel.kt:186:41 Not enough information to infer type argument for 'K'.
e: file:///C:/Users/danus/Documents/antigravity/emergent/app/src/main/java/com/posbah/app/ui/screens/owner/outlet/Outle
tControlViewModel.kt:186:63 Cannot infer type for this parameter. Please specify it explicitly.
e: file:///C:/Users/danus/Documents/antigravity/emergent/app/src/main/java/com/posbah/app/ui/screens/owner/outlet/Outle
tControlViewModel.kt:186:63 Not enough information to infer type argument for 'T'.
e: file:///C:/Users/danus/Documents/antigravity/emergent/app/src/main/java/com/posbah/app/ui/screens/owner/outlet/Outle
tControlViewModel.kt:187:46 Overload resolution ambiguity between candidates:
fun <T> Array<out T>.sumOf(selector: (T) -> BigDecimal): BigDecimal
fun <T> Array<out T>.sumOf(selector: (T) -> BigInteger): BigInteger
fun BooleanArray.sumOf(selector: (Boolean) -> BigDecimal): BigDecimal
fun BooleanArray.sumOf(selector: (Boolean) -> BigInteger): BigInteger
fun ByteArray.sumOf(selector: (Byte) -> BigDecimal): BigDecimal
fun ByteArray.sumOf(selector: (Byte) -> BigInteger): BigInteger
fun CharArray.sumOf(selector: (Char) -> BigDecimal): BigDecimal
fun CharArray.sumOf(selector: (Char) -> BigInteger): BigInteger
fun DoubleArray.sumOf(selector: (Double) -> BigDecimal): BigDecimal
fun DoubleArray.sumOf(selector: (Double) -> BigInteger): BigInteger
fun FloatArray.sumOf(selector: (Float) -> BigDecimal): BigDecimal
fun FloatArray.sumOf(selector: (Float) -> BigInteger): BigInteger
fun IntArray.sumOf(selector: (Int) -> BigDecimal): BigDecimal
fun IntArray.sumOf(selector: (Int) -> BigInteger): BigInteger
fun LongArray.sumOf(selector: (Long) -> BigDecimal): BigDecimal
fun LongArray.sumOf(selector: (Long) -> BigInteger): BigInteger
fun ShortArray.sumOf(selector: (Short) -> BigDecimal): BigDecimal
fun ShortArray.sumOf(selector: (Short) -> BigInteger): BigInteger
fun <T> Array<out T>.sumOf(selector: (T) -> Double): Double
fun <T> Array<out T>.sumOf(selector: (T) -> Int): Int
fun <T> Array<out T>.sumOf(selector: (T) -> Long): Long
fun <T> Array<out T>.sumOf(selector: (T) -> UInt): UInt
fun <T> Array<out T>.sumOf(selector: (T) -> ULong): ULong
fun BooleanArray.sumOf(selector: (Boolean) -> Double): Double
fun BooleanArray.sumOf(selector: (Boolean) -> Int): Int
fun BooleanArray.sumOf(selector: (Boolean) -> Long): Long
fun BooleanArray.sumOf(selector: (Boolean) -> UInt): UInt
fun BooleanArray.sumOf(selector: (Boolean) -> ULong): ULong
fun ByteArray.sumOf(selector: (Byte) -> Double): Double
fun ByteArray.sumOf(selector: (Byte) -> Int): Int
fun ByteArray.sumOf(selector: (Byte) -> Long): Long
fun ByteArray.sumOf(selector: (Byte) -> UInt): UInt
fun ByteArray.sumOf(selector: (Byte) -> ULong): ULong
fun CharArray.sumOf(selector: (Char) -> Double): Double
fun CharArray.sumOf(selector: (Char) -> Int): Int
fun CharArray.sumOf(selector: (Char) -> Long): Long
fun CharArray.sumOf(selector: (Char) -> UInt): UInt
fun CharArray.sumOf(selector: (Char) -> ULong): ULong
fun DoubleArray.sumOf(selector: (Double) -> Double): Double
fun DoubleArray.sumOf(selector: (Double) -> Int): Int
fun DoubleArray.sumOf(selector: (Double) -> Long): Long
fun DoubleArray.sumOf(selector: (Double) -> UInt): UInt
fun DoubleArray.sumOf(selector: (Double) -> ULong): ULong
fun FloatArray.sumOf(selector: (Float) -> Double): Double
fun FloatArray.sumOf(selector: (Float) -> Int): Int
fun FloatArray.sumOf(selector: (Float) -> Long): Long
fun FloatArray.sumOf(selector: (Float) -> UInt): UInt
fun FloatArray.sumOf(selector: (Float) -> ULong): ULong
fun IntArray.sumOf(selector: (Int) -> Double): Double
fun IntArray.sumOf(selector: (Int) -> Int): Int
fun IntArray.sumOf(selector: (Int) -> Long): Long
fun IntArray.sumOf(selector: (Int) -> UInt): UInt
fun IntArray.sumOf(selector: (Int) -> ULong): ULong
fun LongArray.sumOf(selector: (Long) -> Double): Double
fun LongArray.sumOf(selector: (Long) -> Int): Int
fun LongArray.sumOf(selector: (Long) -> Long): Long
fun LongArray.sumOf(selector: (Long) -> UInt): UInt
fun LongArray.sumOf(selector: (Long) -> ULong): ULong
fun ShortArray.sumOf(selector: (Short) -> Double): Double
fun ShortArray.sumOf(selector: (Short) -> Int): Int
fun ShortArray.sumOf(selector: (Short) -> Long): Long
fun ShortArray.sumOf(selector: (Short) -> UInt): UInt
fun ShortArray.sumOf(selector: (Short) -> ULong): ULong
fun <T> Iterable<T>.sumOf(selector: (T) -> BigDecimal): BigDecimal
fun <T> Iterable<T>.sumOf(selector: (T) -> BigInteger): BigInteger
fun <T> Iterable<T>.sumOf(selector: (T) -> Double): Double
fun <T> Iterable<T>.sumOf(selector: (T) -> Int): Int
fun <T> Iterable<T>.sumOf(selector: (T) -> Long): Long
fun <T> Iterable<T>.sumOf(selector: (T) -> UInt): UInt
fun <T> Iterable<T>.sumOf(selector: (T) -> ULong): ULong
fun UByteArray.sumOf(selector: (UByte) -> BigDecimal): BigDecimal
fun UByteArray.sumOf(selector: (UByte) -> BigInteger): BigInteger
fun UIntArray.sumOf(selector: (UInt) -> BigDecimal): BigDecimal
fun UIntArray.sumOf(selector: (UInt) -> BigInteger): BigInteger
fun ULongArray.sumOf(selector: (ULong) -> BigDecimal): BigDecimal
fun ULongArray.sumOf(selector: (ULong) -> BigInteger): BigInteger
fun UShortArray.sumOf(selector: (UShort) -> BigDecimal): BigDecimal
fun UShortArray.sumOf(selector: (UShort) -> BigInteger): BigInteger
fun UByteArray.sumOf(selector: (UByte) -> Double): Double
fun UByteArray.sumOf(selector: (UByte) -> Int): Int
fun UByteArray.sumOf(selector: (UByte) -> Long): Long
fun UByteArray.sumOf(selector: (UByte) -> UInt): UInt
fun UByteArray.sumOf(selector: (UByte) -> ULong): ULong
fun UIntArray.sumOf(selector: (UInt) -> Double): Double
fun UIntArray.sumOf(selector: (UInt) -> Int): Int
fun UIntArray.sumOf(selector: (UInt) -> Long): Long
fun UIntArray.sumOf(selector: (UInt) -> UInt): UInt
fun UIntArray.sumOf(selector: (UInt) -> ULong): ULong
fun ULongArray.sumOf(selector: (ULong) -> Double): Double
fun ULongArray.sumOf(selector: (ULong) -> Int): Int
fun ULongArray.sumOf(selector: (ULong) -> Long): Long
fun ULongArray.sumOf(selector: (ULong) -> UInt): UInt
fun ULongArray.sumOf(selector: (ULong) -> ULong): ULong
fun UShortArray.sumOf(selector: (UShort) -> Double): Double
fun UShortArray.sumOf(selector: (UShort) -> Int): Int
fun UShortArray.sumOf(selector: (UShort) -> Long): Long
fun UShortArray.sumOf(selector: (UShort) -> UInt): UInt
fun UShortArray.sumOf(selector: (UShort) -> ULong): ULong
fun <T> Sequence<T>.sumOf(selector: (T) -> BigDecimal): BigDecimal
fun <T> Sequence<T>.sumOf(selector: (T) -> BigInteger): BigInteger
fun <T> Sequence<T>.sumOf(selector: (T) -> Double): Double
fun <T> Sequence<T>.sumOf(selector: (T) -> Int): Int
fun <T> Sequence<T>.sumOf(selector: (T) -> Long): Long
fun <T> Sequence<T>.sumOf(selector: (T) -> UInt): UInt
fun <T> Sequence<T>.sumOf(selector: (T) -> ULong): ULong
fun CharSequence.sumOf(selector: (Char) -> BigDecimal): BigDecimal
fun CharSequence.sumOf(selector: (Char) -> BigInteger): BigInteger
fun CharSequence.sumOf(selector: (Char) -> Double): Double
fun CharSequence.sumOf(selector: (Char) -> Int): Int
fun CharSequence.sumOf(selector: (Char) -> Long): Long
fun CharSequence.sumOf(selector: (Char) -> UInt): UInt
fun CharSequence.sumOf(selector: (Char) -> ULong): ULong
e: file:///C:/Users/danus/Documents/antigravity/emergent/app/src/main/java/com/posbah/app/ui/screens/owner/outlet/Outle
tControlViewModel.kt:187:54 Unresolved reference 'it'.
e: file:///C:/Users/danus/Documents/antigravity/emergent/app/src/main/java/com/posbah/app/ui/screens/owner/outlet/Outle
tControlViewModel.kt:187:69 Unresolved reference 'it'.
e: file:///C:/Users/danus/Documents/antigravity/emergent/app/src/main/java/com/posbah/app/ui/screens/pos/MarginAnalysis
Screen.kt:84:39 Unresolved reference 'observeForOutlet'.
e: file:///C:/Users/danus/Documents/antigravity/emergent/app/src/main/java/com/posbah/app/ui/screens/pos/MarginAnalysis
Screen.kt:94:35 Unresolved reference 'observeForOutlet'.
e: file:///C:/Users/danus/Documents/antigravity/emergent/app/src/main/java/com/posbah/app/ui/screens/pos/MarginAnalysis
Screen.kt:133:63 Unresolved reference 'getAll'.
e: file:///C:/Users/danus/Documents/antigravity/emergent/app/src/main/java/com/posbah/app/ui/screens/pos/MarginAnalysis
Screen.kt:145:42 Argument type mismatch: actual type is 'com.posbah.app.data.local.entities.TransactionEntity', but 
'com.posbah.app.data.repository.TransactionData' was expected.
e: file:///C:/Users/danus/Documents/antigravity/emergent/app/src/main/java/com/posbah/app/ui/screens/pos/MarginAnalysis
Screen.kt:195:114 Argument type mismatch: actual type is 'org.json.JSONObject', but 
'kotlin.collections.Map<kotlin.String, kotlin.Any?>' was expected.
e: file:///C:/Users/danus/Documents/antigravity/emergent/app/src/main/java/com/posbah/app/ui/screens/pos/MarginAnalysis
Screen.kt:197:52 Cannot infer type for this parameter. Please specify it explicitly.
e: file:///C:/Users/danus/Documents/antigravity/emergent/app/src/main/java/com/posbah/app/ui/screens/pos/PosScreen.kt:1
53:25 Cannot infer type for this parameter. Please specify it explicitly.
e: file:///C:/Users/danus/Documents/antigravity/emergent/app/src/main/java/com/posbah/app/ui/screens/pos/PosScreen.kt:1
53:25 Property delegate must have a 'getValue(Nothing?, KProperty0<ERROR CLASS: Cannot infer argument for type 
parameter T>)' method. None of the following functions is applicable:
fun <T> State<T>.getValue(thisObj: Any?, property: KProperty<*>): T
e: file:///C:/Users/danus/Documents/antigravity/emergent/app/src/main/java/com/posbah/app/ui/screens/pos/PosScreen.kt:1
53:25 Not enough information to infer type argument for 'T'.
e: file:///C:/Users/danus/Documents/antigravity/emergent/app/src/main/java/com/posbah/app/ui/screens/pos/PosScreen.kt:1
53:45 Cannot infer type for this parameter. Please specify it explicitly.
e: file:///C:/Users/danus/Documents/antigravity/emergent/app/src/main/java/com/posbah/app/ui/screens/pos/PosScreen.kt:1
53:45 Not enough information to infer type argument for 'T'.
e: file:///C:/Users/danus/Documents/antigravity/emergent/app/src/main/java/com/posbah/app/ui/screens/pos/PosScreen.kt:1
54:22 Cannot infer type for this parameter. Please specify it explicitly.
e: file:///C:/Users/danus/Documents/antigravity/emergent/app/src/main/java/com/posbah/app/ui/screens/pos/PosScreen.kt:1
54:22 Property delegate must have a 'getValue(Nothing?, KProperty0<ERROR CLASS: Cannot infer argument for type 
parameter T>)' method. None of the following functions is applicable:
fun <T> State<T>.getValue(thisObj: Any?, property: KProperty<*>): T
e: file:///C:/Users/danus/Documents/antigravity/emergent/app/src/main/java/com/posbah/app/ui/screens/pos/PosScreen.kt:1
54:22 Not enough information to infer type argument for 'T'.
e: file:///C:/Users/danus/Documents/antigravity/emergent/app/src/main/java/com/posbah/app/ui/screens/pos/PosScreen.kt:1
54:46 Cannot infer type for this parameter. Please specify it explicitly.
e: file:///C:/Users/danus/Documents/antigravity/emergent/app/src/main/java/com/posbah/app/ui/screens/pos/PosScreen.kt:1
54:46 Not enough information to infer type argument for 'T'.
e: file:///C:/Users/danus/Documents/antigravity/emergent/app/src/main/java/com/posbah/app/ui/screens/pos/PosScreen.kt:7
59:35 Overload resolution ambiguity between candidates:
fun <T> Array<out T>.isEmpty(): Boolean
fun BooleanArray.isEmpty(): Boolean
fun ByteArray.isEmpty(): Boolean
fun CharArray.isEmpty(): Boolean
fun DoubleArray.isEmpty(): Boolean
fun FloatArray.isEmpty(): Boolean
fun IntArray.isEmpty(): Boolean
fun LongArray.isEmpty(): Boolean
fun ShortArray.isEmpty(): Boolean
fun CharSequence.isEmpty(): Boolean
e: file:///C:/Users/danus/Documents/antigravity/emergent/app/src/main/java/com/posbah/app/ui/screens/pos/PosScreen.kt:7
65:57 Unresolved reference 'id'.
e: file:///C:/Users/danus/Documents/antigravity/emergent/app/src/main/java/com/posbah/app/ui/screens/pos/PosScreen.kt:7
77:69 Unresolved reference 'queueNumber'.
e: file:///C:/Users/danus/Documents/antigravity/emergent/app/src/main/java/com/posbah/app/ui/screens/pos/PosScreen.kt:7
77:86 Unresolved reference 'id'.
e: file:///C:/Users/danus/Documents/antigravity/emergent/app/src/main/java/com/posbah/app/ui/screens/pos/PosScreen.kt:7
78:66 Unresolved reference 'customerName'.
e: file:///C:/Users/danus/Documents/antigravity/emergent/app/src/main/java/com/posbah/app/ui/screens/pos/PosScreen.kt:7
79:80 Unresolved reference 'total'.
e: file:///C:/Users/danus/Documents/antigravity/emergent/app/src/main/java/com/posbah/app/ui/screens/pos/PosScreen.kt:7
82:90 Argument type mismatch: actual type is 'kotlin.Int', but 'com.posbah.app.data.local.entities.TransactionEntity' 
was expected.
e: file:///C:/Users/danus/Documents/antigravity/emergent/app/src/main/java/com/posbah/app/ui/screens/pos/PosScreen.kt:7
85:92 Unresolved reference 'id'.
e: file:///C:/Users/danus/Documents/antigravity/emergent/app/src/main/java/com/posbah/app/ui/screens/pos/PosScreen.kt:1
479:46 Overload resolution ambiguity between candidates:
fun <T> Array<out T>.isEmpty(): Boolean
fun BooleanArray.isEmpty(): Boolean
fun ByteArray.isEmpty(): Boolean
fun CharArray.isEmpty(): Boolean
fun DoubleArray.isEmpty(): Boolean
fun FloatArray.isEmpty(): Boolean
fun IntArray.isEmpty(): Boolean
fun LongArray.isEmpty(): Boolean
fun ShortArray.isEmpty(): Boolean
fun CharSequence.isEmpty(): Boolean
e: file:///C:/Users/danus/Documents/antigravity/emergent/app/src/main/java/com/posbah/app/ui/screens/pos/PosScreen.kt:1
493:67 Unresolved reference 'id'.
e: file:///C:/Users/danus/Documents/antigravity/emergent/app/src/main/java/com/posbah/app/ui/screens/pos/PosScreen.kt:1
493:101 Unresolved reference 'name'.
e: file:///C:/Users/danus/Documents/antigravity/emergent/app/src/main/java/com/posbah/app/ui/screens/pos/PosScreen.kt:1
510:59 Unresolved reference 'name'.
e: file:///C:/Users/danus/Documents/antigravity/emergent/app/src/main/java/com/posbah/app/ui/screens/pos/PosScreen.kt:1
511:72 Unresolved reference 'phone'.
e: file:///C:/Users/danus/Documents/antigravity/emergent/app/src/main/java/com/posbah/app/ui/screens/pos/PosScreen.kt:1
512:70 Unresolved reference 'address'.
e: file:///C:/Users/danus/Documents/antigravity/emergent/app/src/main/java/com/posbah/app/ui/screens/pos/PosViewModel.k
t:112:80 Argument type mismatch: actual type is 'com.posbah.app.data.repository.PrintSettingsData?', but 
'com.posbah.app.data.local.entities.PrintSettingsEntity?' was expected.
e: file:///C:/Users/danus/Documents/antigravity/emergent/app/src/main/java/com/posbah/app/ui/screens/pos/PosViewModel.k
t:221:35 Unresolved reference 'observeForOutlet'.
e: file:///C:/Users/danus/Documents/antigravity/emergent/app/src/main/java/com/posbah/app/ui/screens/pos/PosViewModel.k
t:232:10 Cannot infer type for this parameter. Please specify it explicitly.
e: file:///C:/Users/danus/Documents/antigravity/emergent/app/src/main/java/com/posbah/app/ui/screens/pos/PosViewModel.k
t:232:10 Not enough information to infer type argument for 'R'.
e: file:///C:/Users/danus/Documents/antigravity/emergent/app/src/main/java/com/posbah/app/ui/screens/pos/PosViewModel.k
t:233:13 Not enough information to infer type argument for 'K'.
e: file:///C:/Users/danus/Documents/antigravity/emergent/app/src/main/java/com/posbah/app/ui/screens/pos/PosViewModel.k
t:234:36 Unresolved reference 'observeForOutlet'.
e: file:///C:/Users/danus/Documents/antigravity/emergent/app/src/main/java/com/posbah/app/ui/screens/pos/PosViewModel.k
t:236:36 Unresolved reference 'observe'.
e: file:///C:/Users/danus/Documents/antigravity/emergent/app/src/main/java/com/posbah/app/ui/screens/pos/PosViewModel.k
t:239:10 Cannot infer type for this parameter. Please specify it explicitly.
e: file:///C:/Users/danus/Documents/antigravity/emergent/app/src/main/java/com/posbah/app/ui/screens/pos/PosViewModel.k
t:239:10 Not enough information to infer type argument for 'T'.
e: file:///C:/Users/danus/Documents/antigravity/emergent/app/src/main/java/com/posbah/app/ui/screens/pos/PosViewModel.k
t:239:58 Cannot infer type for this parameter. Please specify it explicitly.
e: file:///C:/Users/danus/Documents/antigravity/emergent/app/src/main/java/com/posbah/app/ui/screens/pos/PosViewModel.k
t:239:58 Not enough information to infer type argument for 'T'.
e: file:///C:/Users/danus/Documents/antigravity/emergent/app/src/main/java/com/posbah/app/ui/screens/pos/PosViewModel.k
t:245:10 Cannot infer type for this parameter. Please specify it explicitly.
e: file:///C:/Users/danus/Documents/antigravity/emergent/app/src/main/java/com/posbah/app/ui/screens/pos/PosViewModel.k
t:245:10 Not enough information to infer type argument for 'R'.
e: file:///C:/Users/danus/Documents/antigravity/emergent/app/src/main/java/com/posbah/app/ui/screens/pos/PosViewModel.k
t:246:13 Not enough information to infer type argument for 'K'.
e: file:///C:/Users/danus/Documents/antigravity/emergent/app/src/main/java/com/posbah/app/ui/screens/pos/PosViewModel.k
t:247:39 Unresolved reference 'observePendingQueuesForOutlet'.
e: file:///C:/Users/danus/Documents/antigravity/emergent/app/src/main/java/com/posbah/app/ui/screens/pos/PosViewModel.k
t:249:39 Unresolved reference 'observePendingQueues'.
e: file:///C:/Users/danus/Documents/antigravity/emergent/app/src/main/java/com/posbah/app/ui/screens/pos/PosViewModel.k
t:252:10 Cannot infer type for this parameter. Please specify it explicitly.
e: file:///C:/Users/danus/Documents/antigravity/emergent/app/src/main/java/com/posbah/app/ui/screens/pos/PosViewModel.k
t:252:10 Not enough information to infer type argument for 'T'.
e: file:///C:/Users/danus/Documents/antigravity/emergent/app/src/main/java/com/posbah/app/ui/screens/pos/PosViewModel.k
t:252:58 Cannot infer type for this parameter. Please specify it explicitly.
e: file:///C:/Users/danus/Documents/antigravity/emergent/app/src/main/java/com/posbah/app/ui/screens/pos/PosViewModel.k
t:252:58 Not enough information to infer type argument for 'T'.
e: file:///C:/Users/danus/Documents/antigravity/emergent/app/src/main/java/com/posbah/app/ui/screens/pos/PosViewModel.k
t:260:39 Unresolved reference 'observeForOutlet'.
e: file:///C:/Users/danus/Documents/antigravity/emergent/app/src/main/java/com/posbah/app/ui/screens/pos/PosViewModel.k
t:454:91 Argument type mismatch: actual type is 'kotlin.String', but 'kotlin.Long?' was expected.
e: file:///C:/Users/danus/Documents/antigravity/emergent/app/src/main/java/com/posbah/app/ui/screens/pos/PosViewModel.k
t:499:57 None of the following candidates is applicable:
suspend fun checkout(transaction: TransactionData, items: List<TransactionItemData>, productRepo: ProductRepository): 
TransactionData
suspend fun checkout(transaction: TransactionEntity, items: List<TransactionItemEntity>, productRepo: 
ProductRepository): TransactionEntity
e: file:///C:/Users/danus/Documents/antigravity/emergent/app/src/main/java/com/posbah/app/ui/screens/pos/PosViewModel.k
t:500:92 Unresolved reference 'id'.
e: file:///C:/Users/danus/Documents/antigravity/emergent/app/src/main/java/com/posbah/app/ui/screens/pos/PosViewModel.k
t:506:46 Unresolved reference 'receiptNumber'.
e: file:///C:/Users/danus/Documents/antigravity/emergent/app/src/main/java/com/posbah/app/ui/screens/pos/PosViewModel.k
t:515:50 Argument type mismatch: actual type is 
'kotlin.collections.List<com.posbah.app.data.repository.TransactionItemData>', but 
'kotlin.collections.List<com.posbah.app.data.local.entities.TransactionItemEntity>' was expected.
e: file:///C:/Users/danus/Documents/antigravity/emergent/app/src/main/java/com/posbah/app/ui/screens/pos/PosViewModel.k
t:551:42 Argument type mismatch: actual type is 'com.posbah.app.data.repository.ProductData', but 
'com.posbah.app.data.local.entities.ProductEntity' was expected.
e: file:///C:/Users/danus/Documents/antigravity/emergent/app/src/main/java/com/posbah/app/ui/screens/pos/PosViewModel.k
t:552:61 Unresolved reference 'variantId'.
e: file:///C:/Users/danus/Documents/antigravity/emergent/app/src/main/java/com/posbah/app/ui/screens/pos/PosViewModel.k
t:558:35 Argument type mismatch: actual type is 'com.posbah.app.data.repository.ProductData', but 
'com.posbah.app.data.local.entities.ProductEntity' was expected.
e: file:///C:/Users/danus/Documents/antigravity/emergent/app/src/main/java/com/posbah/app/ui/screens/pos/PosViewModel.k
t:559:42 Unresolved reference 'variantId'.
e: file:///C:/Users/danus/Documents/antigravity/emergent/app/src/main/java/com/posbah/app/ui/screens/pos/PosViewModel.k
t:560:44 Unresolved reference 'variantName'.
e: file:///C:/Users/danus/Documents/antigravity/emergent/app/src/main/java/com/posbah/app/ui/screens/pos/PosViewModel.k
t:563:41 Unresolved reference 'discount'.
e: file:///C:/Users/danus/Documents/antigravity/emergent/app/src/main/java/com/posbah/app/ui/screens/pos/PosViewModel.k
t:564:37 Unresolved reference 'note'.
e: file:///C:/Users/danus/Documents/antigravity/emergent/app/src/main/java/com/posbah/app/ui/screens/pos/PosViewModel.k
t:569:53 No value passed for parameter 'productRepo'.
e: file:///C:/Users/danus/Documents/antigravity/emergent/app/src/main/java/com/posbah/app/ui/screens/pos/PosViewModel.k
t:586:125 Argument type mismatch: actual type is 'org.json.JSONObject', but 'kotlin.collections.Map<kotlin.String, 
kotlin.Any?>' was expected.
e: file:///C:/Users/danus/Documents/antigravity/emergent/app/src/main/java/com/posbah/app/ui/screens/pos/PosViewModel.k
t:600:50 Argument type mismatch: actual type is 
'kotlin.collections.List<com.posbah.app.data.repository.TransactionItemData>', but 
'kotlin.collections.List<com.posbah.app.data.local.entities.TransactionItemEntity>' was expected.
e: file:///C:/Users/danus/Documents/antigravity/emergent/app/src/main/java/com/posbah/app/ui/screens/pos/PosViewModel.k
t:618:53 No value passed for parameter 'productRepo'.
e: file:///C:/Users/danus/Documents/antigravity/emergent/app/src/main/java/com/posbah/app/ui/screens/pos/PosViewModel.k
t:662:50 Argument type mismatch: actual type is 'com.posbah.app.data.local.entities.ProductEntity', but 
'com.posbah.app.data.repository.ProductData' was expected.
e: file:///C:/Users/danus/Documents/antigravity/emergent/app/src/main/java/com/posbah/app/ui/screens/pos/PosViewModel.k
t:669:50 Too many arguments for 'suspend fun pushProductImmediate(context: Context, db: PosBahDatabase, tenantId: 
String, productId: Long): SupabaseSyncManager.SyncResult'.
e: file:///C:/Users/danus/Documents/antigravity/emergent/app/src/main/java/com/posbah/app/ui/screens/pos/PosViewModel.k
t:711:53 Argument type mismatch: actual type is 'com.posbah.app.data.local.entities.ProductEntity', but 
'com.posbah.app.data.repository.ProductData' was expected.
e: file:///C:/Users/danus/Documents/antigravity/emergent/app/src/main/java/com/posbah/app/ui/screens/pos/PosViewModel.k
t:717:51 Too many arguments for 'suspend fun pushProductImmediate(context: Context, db: PosBahDatabase, tenantId: 
String, productId: Long): SupabaseSyncManager.SyncResult'.
e: file:///C:/Users/danus/Documents/antigravity/emergent/app/src/main/java/com/posbah/app/ui/screens/pos/PosViewModel.k
t:729:54 Too many arguments for 'suspend fun deleteProductImmediate(context: Context, db: PosBahDatabase, tenantId: 
String, productId: Long): SupabaseSyncManager.SyncResult'.
e: file:///C:/Users/danus/Documents/antigravity/emergent/app/src/main/java/com/posbah/app/ui/screens/pos/PosViewModel.k
t:743:59 Argument type mismatch: actual type is 'com.posbah.app.data.local.entities.CustomerEntity', but 
'com.posbah.app.data.repository.CustomerData' was expected.
e: file:///C:/Users/danus/Documents/antigravity/emergent/app/src/main/java/com/posbah/app/ui/screens/pos/PosViewModel.k
t:748:58 Too many arguments for 'suspend fun pushCustomerImmediate(context: Context, db: PosBahDatabase, tenantId: 
String, customerId: Long): SupabaseSyncManager.SyncResult'.
e: file:///C:/Users/danus/Documents/antigravity/emergent/app/src/main/java/com/posbah/app/ui/screens/pos/PosViewModel.k
t:754:16 Return type mismatch: expected 
'kotlin.collections.List<com.posbah.app.data.local.entities.TransactionItemEntity>', actual 
'kotlin.collections.List<com.posbah.app.data.repository.TransactionItemData>'.
e: file:///C:/Users/danus/Documents/antigravity/emergent/app/src/main/java/com/posbah/app/ui/screens/pos/PosViewModel.k
t:766:33 Unresolved reference 'total'.
e: file:///C:/Users/danus/Documents/antigravity/emergent/app/src/main/java/com/posbah/app/ui/screens/pos/PosViewModel.k
t:772:102 Unresolved reference 'total'.
e: file:///C:/Users/danus/Documents/antigravity/emergent/app/src/main/java/com/posbah/app/ui/screens/pos/PosViewModel.k
t:787:53 No value passed for parameter 'productRepo'.
e: file:///C:/Users/danus/Documents/antigravity/emergent/app/src/main/java/com/posbah/app/ui/screens/pos/PosViewModel.k
t:788:123 Unresolved reference 'total'.
e: file:///C:/Users/danus/Documents/antigravity/emergent/app/src/main/java/com/posbah/app/ui/screens/pos/PosViewModel.k
t:847:17 No parameter with name 'customerName' found.
e: file:///C:/Users/danus/Documents/antigravity/emergent/app/src/main/java/com/posbah/app/ui/screens/pos/PosViewModel.k
t:853:17 No parameter with name 'total' found.
e: file:///C:/Users/danus/Documents/antigravity/emergent/app/src/main/java/com/posbah/app/ui/screens/pos/PosViewModel.k
t:854:17 No parameter with name 'subtotal' found.
e: file:///C:/Users/danus/Documents/antigravity/emergent/app/src/main/java/com/posbah/app/ui/screens/pos/PosViewModel.k
t:884:55 Cannot infer type for this parameter. Please specify it explicitly.
e: file:///C:/Users/danus/Documents/antigravity/emergent/app/src/main/java/com/posbah/app/ui/screens/rental/RentalViewM
odel.kt:66:39 Argument type mismatch: actual type is 'com.posbah.app.data.repository.PrintSettingsData?', but 
'com.posbah.app.data.local.entities.PrintSettingsEntity?' was expected.
e: file:///C:/Users/danus/Documents/antigravity/emergent/app/src/main/java/com/posbah/app/ui/screens/rental/RentalViewM
odel.kt:142:33 Unresolved reference 'seedDefaultVehicles'.
e: file:///C:/Users/danus/Documents/antigravity/emergent/app/src/main/java/com/posbah/app/ui/screens/rental/RentalViewM
odel.kt:245:38 Argument type mismatch: actual type is 'com.posbah.app.data.local.entities.ProductEntity', but 
'com.posbah.app.data.repository.ProductData' was expected.
e: file:///C:/Users/danus/Documents/antigravity/emergent/app/src/main/java/com/posbah/app/ui/screens/rental/RentalViewM
odel.kt:273:60 Unresolved reference 'image'.

> Task :app:compileDebugKotlin FAILED
e: file:///C:/Users/danus/Documents/antigravity/emergent/app/src/main/java/com/posbah/app/ui/screens/rental/RentalViewM
odel.kt:279:33 Assignment type mismatch: actual type is 'kotlin.String', but 'kotlin.Nothing?' was expected.
e: file:///C:/Users/danus/Documents/antigravity/emergent/app/src/main/java/com/posbah/app/ui/screens/rental/RentalViewM
odel.kt:294:17 No parameter with name 'costPrice' found.
e: file:///C:/Users/danus/Documents/antigravity/emergent/app/src/main/java/com/posbah/app/ui/screens/rental/RentalViewM
odel.kt:295:17 No parameter with name 'wholesalePrices' found.
e: file:///C:/Users/danus/Documents/antigravity/emergent/app/src/main/java/com/posbah/app/ui/screens/rental/RentalViewM
odel.kt:296:17 No parameter with name 'image' found.
e: file:///C:/Users/danus/Documents/antigravity/emergent/app/src/main/java/com/posbah/app/ui/screens/rental/RentalViewM
odel.kt:350:91 Argument type mismatch: actual type is 'kotlin.String', but 'kotlin.Long?' was expected.
e: file:///C:/Users/danus/Documents/antigravity/emergent/app/src/main/java/com/posbah/app/ui/screens/rental/RentalViewM
odel.kt:383:35 None of the following candidates is applicable:
suspend fun checkout(transaction: TransactionData, items: List<TransactionItemData>, productRepo: ProductRepository): 
TransactionData
suspend fun checkout(transaction: TransactionEntity, items: List<TransactionItemEntity>, productRepo: 
ProductRepository): TransactionEntity
e: file:///C:/Users/danus/Documents/antigravity/emergent/app/src/main/java/com/posbah/app/ui/screens/rental/RentalViewM
odel.kt:394:60 No parameter with name 'variants' found.
e: file:///C:/Users/danus/Documents/antigravity/emergent/app/src/main/java/com/posbah/app/ui/screens/rental/RentalViewM
odel.kt:430:42 Argument type mismatch: actual type is 'com.posbah.app.data.local.entities.TransactionEntity', but 
'com.posbah.app.data.repository.TransactionData' was expected.
e: file:///C:/Users/danus/Documents/antigravity/emergent/app/src/main/java/com/posbah/app/ui/screens/rental/RentalViewM
odel.kt:434:60 No parameter with name 'variants' found.
e: file:///C:/Users/danus/Documents/antigravity/emergent/app/src/main/java/com/posbah/app/ui/screens/rental/RentalViewM
odel.kt:500:55 Cannot infer type for this parameter. Please specify it explicitly.

FAILURE: Build failed with an exception.

* What went wrong:
Execution failed for task ':app:compileDebugKotlin'.
> A failure occurred while executing 
org.jetbrains.kotlin.compilerRunner.GradleCompilerRunnerWithWorkers$GradleKotlinCompilerWorkAction
   > Compilation error. See log for more details

* Try:
> Run with --info or --debug option to get more log output.
> Run with --scan to get full insights.
> Get more help at https://help.gradle.org.

* Exception is:
org.gradle.api.tasks.TaskExecutionException: Execution failed for task ':app:compileDebugKotlin'.
	at org.gradle.api.internal.tasks.execution.ExecuteActionsTaskExecuter.lambda$executeIfValid$1(ExecuteActionsTaskExecut
er.java:130)
	at org.gradle.internal.Try$Failure.ifSuccessfulOrElse(Try.java:293)
	at 
org.gradle.api.internal.tasks.execution.ExecuteActionsTaskExecuter.executeIfValid(ExecuteActionsTaskExecuter.java:128)
	at org.gradle.api.internal.tasks.execution.ExecuteActionsTaskExecuter.execute(ExecuteActionsTaskExecuter.java:116)
	at 
org.gradle.api.internal.tasks.execution.FinalizePropertiesTaskExecuter.execute(FinalizePropertiesTaskExecuter.java:46)
	at org.gradle.api.internal.tasks.execution.ResolveTaskExecutionModeExecuter.execute(ResolveTaskExecutionModeExecuter.j
ava:51)
	at 
org.gradle.api.internal.tasks.execution.SkipTaskWithNoActionsExecuter.execute(SkipTaskWithNoActionsExecuter.java:57)
	at org.gradle.api.internal.tasks.execution.SkipOnlyIfTaskExecuter.execute(SkipOnlyIfTaskExecuter.java:74)
	at org.gradle.api.internal.tasks.execution.CatchExceptionTaskExecuter.execute(CatchExceptionTaskExecuter.java:36)
	at org.gradle.api.internal.tasks.execution.EventFiringTaskExecuter$1.executeTask(EventFiringTaskExecuter.java:77)
	at org.gradle.api.internal.tasks.execution.EventFiringTaskExecuter$1.call(EventFiringTaskExecuter.java:55)
	at org.gradle.api.internal.tasks.execution.EventFiringTaskExecuter$1.call(EventFiringTaskExecuter.java:52)
	at org.gradle.internal.operations.DefaultBuildOperationRunner$CallableBuildOperationWorker.execute(DefaultBuildOperati
onRunner.java:209)
	at org.gradle.internal.operations.DefaultBuildOperationRunner$CallableBuildOperationWorker.execute(DefaultBuildOperati
onRunner.java:204)
	at org.gradle.internal.operations.DefaultBuildOperationRunner$2.execute(DefaultBuildOperationRunner.java:66)
	at org.gradle.internal.operations.DefaultBuildOperationRunner$2.execute(DefaultBuildOperationRunner.java:59)
	at org.gradle.internal.operations.DefaultBuildOperationRunner.execute(DefaultBuildOperationRunner.java:166)
	at org.gradle.internal.operations.DefaultBuildOperationRunner.execute(DefaultBuildOperationRunner.java:59)
	at org.gradle.internal.operations.DefaultBuildOperationRunner.call(DefaultBuildOperationRunner.java:53)
	at org.gradle.api.internal.tasks.execution.EventFiringTaskExecuter.execute(EventFiringTaskExecuter.java:52)
	at org.gradle.execution.plan.LocalTaskNodeExecutor.execute(LocalTaskNodeExecutor.java:42)
	at org.gradle.execution.taskgraph.DefaultTaskExecutionGraph$InvokeNodeExecutorsAction.execute(DefaultTaskExecutionGrap
h.java:331)
	at org.gradle.execution.taskgraph.DefaultTaskExecutionGraph$InvokeNodeExecutorsAction.execute(DefaultTaskExecutionGrap
h.java:318)
	at org.gradle.execution.taskgraph.DefaultTaskExecutionGraph$BuildOperationAwareExecutionAction.lambda$execute$0(Defaul
tTaskExecutionGraph.java:314)
	at org.gradle.internal.operations.CurrentBuildOperationRef.with(CurrentBuildOperationRef.java:85)
	at org.gradle.execution.taskgraph.DefaultTaskExecutionGraph$BuildOperationAwareExecutionAction.execute(DefaultTaskExec
utionGraph.java:314)
	at org.gradle.execution.taskgraph.DefaultTaskExecutionGraph$BuildOperationAwareExecutionAction.execute(DefaultTaskExec
utionGraph.java:303)
	at org.gradle.execution.plan.DefaultPlanExecutor$ExecutorWorker.execute(DefaultPlanExecutor.java:459)
	at org.gradle.execution.plan.DefaultPlanExecutor$ExecutorWorker.run(DefaultPlanExecutor.java:376)
	at org.gradle.internal.concurrent.ExecutorPolicy$CatchAndRecordFailures.onExecute(ExecutorPolicy.java:64)
	at org.gradle.internal.concurrent.AbstractManagedExecutor$1.run(AbstractManagedExecutor.java:48)
Caused by: org.gradle.workers.internal.DefaultWorkerExecutor$WorkExecutionException: A failure occurred while 
executing org.jetbrains.kotlin.compilerRunner.GradleCompilerRunnerWithWorkers$GradleKotlinCompilerWorkAction
	at 
org.gradle.workers.internal.DefaultWorkerExecutor$WorkItemExecution.waitForCompletion(DefaultWorkerExecutor.java:287)
	at org.gradle.internal.work.DefaultAsyncWorkTracker.lambda$waitForItemsAndGatherFailures$2(DefaultAsyncWorkTracker.jav
a:130)
	at org.gradle.internal.Factories$1.create(Factories.java:31)
	at org.gradle.internal.work.DefaultWorkerLeaseService.withoutLocks(DefaultWorkerLeaseService.java:335)
	at org.gradle.internal.work.DefaultWorkerLeaseService.withoutLocks(DefaultWorkerLeaseService.java:318)
	at org.gradle.internal.work.DefaultWorkerLeaseService.withoutLock(DefaultWorkerLeaseService.java:323)
	at org.gradle.internal.work.DefaultAsyncWorkTracker.waitForItemsAndGatherFailures(DefaultAsyncWorkTracker.java:126)
	at org.gradle.internal.work.DefaultAsyncWorkTracker.waitForItemsAndGatherFailures(DefaultAsyncWorkTracker.java:92)
	at org.gradle.internal.work.DefaultAsyncWorkTracker.waitForAll(DefaultAsyncWorkTracker.java:78)
	at org.gradle.internal.work.DefaultAsyncWorkTracker.waitForCompletion(DefaultAsyncWorkTracker.java:66)
	at org.gradle.api.internal.tasks.execution.TaskExecution$3.run(TaskExecution.java:252)
	at org.gradle.internal.operations.DefaultBuildOperationRunner$1.execute(DefaultBuildOperationRunner.java:29)
	at org.gradle.internal.operations.DefaultBuildOperationRunner$1.execute(DefaultBuildOperationRunner.java:26)
	at org.gradle.internal.operations.DefaultBuildOperationRunner$2.execute(DefaultBuildOperationRunner.java:66)
	at org.gradle.internal.operations.DefaultBuildOperationRunner$2.execute(DefaultBuildOperationRunner.java:59)
	at org.gradle.internal.operations.DefaultBuildOperationRunner.execute(DefaultBuildOperationRunner.java:166)
	at org.gradle.internal.operations.DefaultBuildOperationRunner.execute(DefaultBuildOperationRunner.java:59)
	at org.gradle.internal.operations.DefaultBuildOperationRunner.run(DefaultBuildOperationRunner.java:47)
	at org.gradle.api.internal.tasks.execution.TaskExecution.executeAction(TaskExecution.java:229)
	at org.gradle.api.internal.tasks.execution.TaskExecution.executeActions(TaskExecution.java:212)
	at org.gradle.api.internal.tasks.execution.TaskExecution.executeWithPreviousOutputFiles(TaskExecution.java:195)
	at org.gradle.api.internal.tasks.execution.TaskExecution.execute(TaskExecution.java:162)
	at org.gradle.internal.execution.steps.ExecuteStep.executeInternal(ExecuteStep.java:105)
	at org.gradle.internal.execution.steps.ExecuteStep.access$000(ExecuteStep.java:44)
	at org.gradle.internal.execution.steps.ExecuteStep$1.call(ExecuteStep.java:59)
	at org.gradle.internal.execution.steps.ExecuteStep$1.call(ExecuteStep.java:56)
	at org.gradle.internal.operations.DefaultBuildOperationRunner$CallableBuildOperationWorker.execute(DefaultBuildOperati
onRunner.java:209)
	at org.gradle.internal.operations.DefaultBuildOperationRunner$CallableBuildOperationWorker.execute(DefaultBuildOperati
onRunner.java:204)
	at org.gradle.internal.operations.DefaultBuildOperationRunner$2.execute(DefaultBuildOperationRunner.java:66)
	at org.gradle.internal.operations.DefaultBuildOperationRunner$2.execute(DefaultBuildOperationRunner.java:59)
	at org.gradle.internal.operations.DefaultBuildOperationRunner.execute(DefaultBuildOperationRunner.java:166)
	at org.gradle.internal.operations.DefaultBuildOperationRunner.execute(DefaultBuildOperationRunner.java:59)
	at org.gradle.internal.operations.DefaultBuildOperationRunner.call(DefaultBuildOperationRunner.java:53)
	at org.gradle.internal.execution.steps.ExecuteStep.execute(ExecuteStep.java:56)
	at org.gradle.internal.execution.steps.ExecuteStep.execute(ExecuteStep.java:44)
	at org.gradle.internal.execution.steps.CancelExecutionStep.execute(CancelExecutionStep.java:42)
	at org.gradle.internal.execution.steps.TimeoutStep.executeWithoutTimeout(TimeoutStep.java:75)
	at org.gradle.internal.execution.steps.TimeoutStep.execute(TimeoutStep.java:55)
	at org.gradle.internal.execution.steps.PreCreateOutputParentsStep.execute(PreCreateOutputParentsStep.java:50)
	at org.gradle.internal.execution.steps.PreCreateOutputParentsStep.execute(PreCreateOutputParentsStep.java:28)
	at org.gradle.internal.execution.steps.RemovePreviousOutputsStep.execute(RemovePreviousOutputsStep.java:67)
	at org.gradle.internal.execution.steps.RemovePreviousOutputsStep.execute(RemovePreviousOutputsStep.java:37)
	at org.gradle.internal.execution.steps.BroadcastChangingOutputsStep.execute(BroadcastChangingOutputsStep.java:61)
	at org.gradle.internal.execution.steps.BroadcastChangingOutputsStep.execute(BroadcastChangingOutputsStep.java:26)
	at 
org.gradle.internal.execution.steps.CaptureOutputsAfterExecutionStep.execute(CaptureOutputsAfterExecutionStep.java:69)
	at 
org.gradle.internal.execution.steps.CaptureOutputsAfterExecutionStep.execute(CaptureOutputsAfterExecutionStep.java:46)
	at org.gradle.internal.execution.steps.ResolveInputChangesStep.execute(ResolveInputChangesStep.java:40)
	at org.gradle.internal.execution.steps.ResolveInputChangesStep.execute(ResolveInputChangesStep.java:29)
	at org.gradle.internal.execution.steps.BuildCacheStep.executeWithoutCache(BuildCacheStep.java:189)
	at org.gradle.internal.execution.steps.BuildCacheStep.executeAndStoreInCache(BuildCacheStep.java:145)
	at org.gradle.internal.execution.steps.BuildCacheStep.lambda$executeWithCache$4(BuildCacheStep.java:101)
	at org.gradle.internal.execution.steps.BuildCacheStep.lambda$executeWithCache$5(BuildCacheStep.java:101)
	at org.gradle.internal.Try$Success.map(Try.java:175)
	at org.gradle.internal.execution.steps.BuildCacheStep.executeWithCache(BuildCacheStep.java:85)
	at org.gradle.internal.execution.steps.BuildCacheStep.lambda$execute$0(BuildCacheStep.java:74)
	at org.gradle.internal.Either$Left.fold(Either.java:115)
	at org.gradle.internal.execution.caching.CachingState.fold(CachingState.java:62)
	at org.gradle.internal.execution.steps.BuildCacheStep.execute(BuildCacheStep.java:73)
	at org.gradle.internal.execution.steps.BuildCacheStep.execute(BuildCacheStep.java:48)
	at org.gradle.internal.execution.steps.StoreExecutionStateStep.execute(StoreExecutionStateStep.java:46)
	at org.gradle.internal.execution.steps.StoreExecutionStateStep.execute(StoreExecutionStateStep.java:35)
	at org.gradle.internal.execution.steps.SkipUpToDateStep.executeBecause(SkipUpToDateStep.java:75)
	at org.gradle.internal.execution.steps.SkipUpToDateStep.lambda$execute$2(SkipUpToDateStep.java:53)
	at org.gradle.internal.execution.steps.SkipUpToDateStep.execute(SkipUpToDateStep.java:53)
	at org.gradle.internal.execution.steps.SkipUpToDateStep.execute(SkipUpToDateStep.java:35)
	at org.gradle.internal.execution.steps.legacy.MarkSnapshottingInputsFinishedStep.execute(MarkSnapshottingInputsFinishe
dStep.java:37)
	at org.gradle.internal.execution.steps.legacy.MarkSnapshottingInputsFinishedStep.execute(MarkSnapshottingInputsFinishe
dStep.java:27)
	at org.gradle.internal.execution.steps.ResolveIncrementalCachingStateStep.executeDelegate(ResolveIncrementalCachingSta
teStep.java:49)
	at org.gradle.internal.execution.steps.ResolveIncrementalCachingStateStep.executeDelegate(ResolveIncrementalCachingSta
teStep.java:27)
	at 
org.gradle.internal.execution.steps.AbstractResolveCachingStateStep.execute(AbstractResolveCachingStateStep.java:71)
	at 
org.gradle.internal.execution.steps.AbstractResolveCachingStateStep.execute(AbstractResolveCachingStateStep.java:39)
	at org.gradle.internal.execution.steps.ResolveChangesStep.execute(ResolveChangesStep.java:65)
	at org.gradle.internal.execution.steps.ResolveChangesStep.execute(ResolveChangesStep.java:36)
	at org.gradle.internal.execution.steps.ValidateStep.execute(ValidateStep.java:107)
	at org.gradle.internal.execution.steps.ValidateStep.execute(ValidateStep.java:56)
	at org.gradle.internal.execution.steps.AbstractCaptureStateBeforeExecutionStep.execute(AbstractCaptureStateBeforeExecu
tionStep.java:64)
	at org.gradle.internal.execution.steps.AbstractCaptureStateBeforeExecutionStep.execute(AbstractCaptureStateBeforeExecu
tionStep.java:43)
	at org.gradle.internal.execution.steps.AbstractSkipEmptyWorkStep.executeWithNonEmptySources(AbstractSkipEmptyWorkStep.
java:125)
	at org.gradle.internal.execution.steps.AbstractSkipEmptyWorkStep.execute(AbstractSkipEmptyWorkStep.java:61)
	at org.gradle.internal.execution.steps.AbstractSkipEmptyWorkStep.execute(AbstractSkipEmptyWorkStep.java:36)
	at org.gradle.internal.execution.steps.legacy.MarkSnapshottingInputsStartedStep.execute(MarkSnapshottingInputsStartedS
tep.java:38)
	at org.gradle.internal.execution.steps.LoadPreviousExecutionStateStep.execute(LoadPreviousExecutionStateStep.java:36)
	at org.gradle.internal.execution.steps.LoadPreviousExecutionStateStep.execute(LoadPreviousExecutionStateStep.java:23)
	at org.gradle.internal.execution.steps.HandleStaleOutputsStep.execute(HandleStaleOutputsStep.java:75)
	at org.gradle.internal.execution.steps.HandleStaleOutputsStep.execute(HandleStaleOutputsStep.java:41)
	at org.gradle.internal.execution.steps.AssignMutableWorkspaceStep.lambda$execute$0(AssignMutableWorkspaceStep.java:35)
	at org.gradle.api.internal.tasks.execution.TaskExecution$4.withWorkspace(TaskExecution.java:289)
	at org.gradle.internal.execution.steps.AssignMutableWorkspaceStep.execute(AssignMutableWorkspaceStep.java:31)
	at org.gradle.internal.execution.steps.AssignMutableWorkspaceStep.execute(AssignMutableWorkspaceStep.java:22)
	at org.gradle.internal.execution.steps.ChoosePipelineStep.execute(ChoosePipelineStep.java:40)
	at org.gradle.internal.execution.steps.ChoosePipelineStep.execute(ChoosePipelineStep.java:23)
	at org.gradle.internal.execution.steps.ExecuteWorkBuildOperationFiringStep.lambda$execute$2(ExecuteWorkBuildOperationF
iringStep.java:67)
	at org.gradle.internal.execution.steps.ExecuteWorkBuildOperationFiringStep.execute(ExecuteWorkBuildOperationFiringStep
.java:67)
	at org.gradle.internal.execution.steps.ExecuteWorkBuildOperationFiringStep.execute(ExecuteWorkBuildOperationFiringStep
.java:39)
	at org.gradle.internal.execution.steps.IdentityCacheStep.execute(IdentityCacheStep.java:46)
	at org.gradle.internal.execution.steps.IdentityCacheStep.execute(IdentityCacheStep.java:34)
	at org.gradle.internal.execution.steps.IdentifyStep.execute(IdentifyStep.java:48)
	at org.gradle.internal.execution.steps.IdentifyStep.execute(IdentifyStep.java:35)
	at org.gradle.internal.execution.impl.DefaultExecutionEngine$1.execute(DefaultExecutionEngine.java:61)
	at 
org.gradle.api.internal.tasks.execution.ExecuteActionsTaskExecuter.executeIfValid(ExecuteActionsTaskExecuter.java:127)
	at org.gradle.api.internal.tasks.execution.ExecuteActionsTaskExecuter.execute(ExecuteActionsTaskExecuter.java:116)
	at 
org.gradle.api.internal.tasks.execution.FinalizePropertiesTaskExecuter.execute(FinalizePropertiesTaskExecuter.java:46)
	at org.gradle.api.internal.tasks.execution.ResolveTaskExecutionModeExecuter.execute(ResolveTaskExecutionModeExecuter.j
ava:51)
	at 
org.gradle.api.internal.tasks.execution.SkipTaskWithNoActionsExecuter.execute(SkipTaskWithNoActionsExecuter.java:57)
	at org.gradle.api.internal.tasks.execution.SkipOnlyIfTaskExecuter.execute(SkipOnlyIfTaskExecuter.java:74)
	at org.gradle.api.internal.tasks.execution.CatchExceptionTaskExecuter.execute(CatchExceptionTaskExecuter.java:36)
	at org.gradle.api.internal.tasks.execution.EventFiringTaskExecuter$1.executeTask(EventFiringTaskExecuter.java:77)
	at org.gradle.api.internal.tasks.execution.EventFiringTaskExecuter$1.call(EventFiringTaskExecuter.java:55)
	at org.gradle.api.internal.tasks.execution.EventFiringTaskExecuter$1.call(EventFiringTaskExecuter.java:52)
	at org.gradle.internal.operations.DefaultBuildOperationRunner$CallableBuildOperationWorker.execute(DefaultBuildOperati
onRunner.java:209)
	at org.gradle.internal.operations.DefaultBuildOperationRunner$CallableBuildOperationWorker.execute(DefaultBuildOperati
onRunner.java:204)
	at org.gradle.internal.operations.DefaultBuildOperationRunner$2.execute(DefaultBuildOperationRunner.java:66)
	at org.gradle.internal.operations.DefaultBuildOperationRunner$2.execute(DefaultBuildOperationRunner.java:59)
	at org.gradle.internal.operations.DefaultBuildOperationRunner.execute(DefaultBuildOperationRunner.java:166)
	at org.gradle.internal.operations.DefaultBuildOperationRunner.execute(DefaultBuildOperationRunner.java:59)
	at org.gradle.internal.operations.DefaultBuildOperationRunner.call(DefaultBuildOperationRunner.java:53)
	at org.gradle.api.internal.tasks.execution.EventFiringTaskExecuter.execute(EventFiringTaskExecuter.java:52)
	at org.gradle.execution.plan.LocalTaskNodeExecutor.execute(LocalTaskNodeExecutor.java:42)
	at org.gradle.execution.taskgraph.DefaultTaskExecutionGraph$InvokeNodeExecutorsAction.execute(DefaultTaskExecutionGrap
h.java:331)
	at org.gradle.execution.taskgraph.DefaultTaskExecutionGraph$InvokeNodeExecutorsAction.execute(DefaultTaskExecutionGrap
h.java:318)
	at org.gradle.execution.taskgraph.DefaultTaskExecutionGraph$BuildOperationAwareExecutionAction.lambda$execute$0(Defaul
tTaskExecutionGraph.java:314)
	at org.gradle.internal.operations.CurrentBuildOperationRef.with(CurrentBuildOperationRef.java:85)
	at org.gradle.execution.taskgraph.DefaultTaskExecutionGraph$BuildOperationAwareExecutionAction.execute(DefaultTaskExec
utionGraph.java:314)
	at org.gradle.execution.taskgraph.DefaultTaskExecutionGraph$BuildOperationAwareExecutionAction.execute(DefaultTaskExec
utionGraph.java:303)
	at org.gradle.execution.plan.DefaultPlanExecutor$ExecutorWorker.execute(DefaultPlanExecutor.java:459)
	at org.gradle.execution.plan.DefaultPlanExecutor$ExecutorWorker.run(DefaultPlanExecutor.java:376)
	at org.gradle.internal.concurrent.ExecutorPolicy$CatchAndRecordFailures.onExecute(ExecutorPolicy.java:64)
	at org.gradle.internal.concurrent.AbstractManagedExecutor$1.run(AbstractManagedExecutor.java:48)
Caused by: org.jetbrains.kotlin.gradle.tasks.CompilationErrorException: Compilation error. See log for more details
	at org.jetbrains.kotlin.gradle.tasks.TasksUtilsKt.throwExceptionIfCompilationFailed(tasksUtils.kt:21)
	at org.jetbrains.kotlin.compilerRunner.GradleKotlinCompilerWork.run(GradleKotlinCompilerWork.kt:119)
	at org.jetbrains.kotlin.compilerRunner.GradleCompilerRunnerWithWorkers$GradleKotlinCompilerWorkAction.execute(GradleCo
mpilerRunnerWithWorkers.kt:76)
	at org.gradle.workers.internal.DefaultWorkerServer.execute(DefaultWorkerServer.java:63)
	at org.gradle.workers.internal.NoIsolationWorkerFactory$1$1.create(NoIsolationWorkerFactory.java:66)
	at org.gradle.workers.internal.NoIsolationWorkerFactory$1$1.create(NoIsolationWorkerFactory.java:62)
	at org.gradle.internal.classloader.ClassLoaderUtils.executeInClassloader(ClassLoaderUtils.java:100)
	at org.gradle.workers.internal.NoIsolationWorkerFactory$1.lambda$execute$0(NoIsolationWorkerFactory.java:62)
	at org.gradle.workers.internal.AbstractWorker$1.call(AbstractWorker.java:44)
	at org.gradle.workers.internal.AbstractWorker$1.call(AbstractWorker.java:41)
	at org.gradle.internal.operations.DefaultBuildOperationRunner$CallableBuildOperationWorker.execute(DefaultBuildOperati
onRunner.java:209)
	at org.gradle.internal.operations.DefaultBuildOperationRunner$CallableBuildOperationWorker.execute(DefaultBuildOperati
onRunner.java:204)
	at org.gradle.internal.operations.DefaultBuildOperationRunner$2.execute(DefaultBuildOperationRunner.java:66)
	at org.gradle.internal.operations.DefaultBuildOperationRunner$2.execute(DefaultBuildOperationRunner.java:59)
	at org.gradle.internal.operations.DefaultBuildOperationRunner.execute(DefaultBuildOperationRunner.java:166)
	at org.gradle.internal.operations.DefaultBuildOperationRunner.execute(DefaultBuildOperationRunner.java:59)
	at org.gradle.internal.operations.DefaultBuildOperationRunner.call(DefaultBuildOperationRunner.java:53)
	at org.gradle.workers.internal.AbstractWorker.executeWrappedInBuildOperation(AbstractWorker.java:41)
	at org.gradle.workers.internal.NoIsolationWorkerFactory$1.execute(NoIsolationWorkerFactory.java:59)
	at org.gradle.workers.internal.DefaultWorkerExecutor.lambda$submitWork$0(DefaultWorkerExecutor.java:174)
	at org.gradle.internal.work.DefaultConditionalExecutionQueue$ExecutionRunner.runExecution(DefaultConditionalExecutionQ
ueue.java:194)
	at org.gradle.internal.work.DefaultConditionalExecutionQueue$ExecutionRunner.access$700(DefaultConditionalExecutionQue
ue.java:127)
	at org.gradle.internal.work.DefaultConditionalExecutionQueue$ExecutionRunner$1.run(DefaultConditionalExecutionQueue.ja
va:169)
	at org.gradle.internal.Factories$1.create(Factories.java:31)
	at org.gradle.internal.work.DefaultWorkerLeaseService.withLocks(DefaultWorkerLeaseService.java:263)
	at org.gradle.internal.work.DefaultWorkerLeaseService.runAsWorkerThread(DefaultWorkerLeaseService.java:127)
	at org.gradle.internal.work.DefaultWorkerLeaseService.runAsWorkerThread(DefaultWorkerLeaseService.java:132)
	at org.gradle.internal.work.DefaultConditionalExecutionQueue$ExecutionRunner.runBatch(DefaultConditionalExecutionQueue
.java:164)
	at org.gradle.internal.work.DefaultConditionalExecutionQueue$ExecutionRunner.run(DefaultConditionalExecutionQueue.java
:133)
	... 2 more


BUILD FAILED in 29s
31 actionable tasks: 1 executed, 30 up-to-date
